Archive member included to satisfy reference by file (symbol)

/usr/lib/gcc/arm-none-eabi/10.3.1/thumb/v6-m/nofp/libgcc.a(_dvmd_tls.o)
                              CMakeFiles/adc_pwm_led.dir/home/rod-0310/pico/pico-sdk/src/rp2_common/pico_divider/divider_hardware.S.o (__aeabi_idiv0)
/usr/lib/gcc/arm-none-eabi/10.3.1/../../../arm-none-eabi/lib/thumb/v6-m/nofp/libg.a(lib_a-atexit.o)
                              /usr/lib/gcc/arm-none-eabi/10.3.1/../../../arm-none-eabi/lib/thumb/v6-m/nofp/crt0.o (atexit)
/usr/lib/gcc/arm-none-eabi/10.3.1/../../../arm-none-eabi/lib/thumb/v6-m/nofp/libg.a(lib_a-calloc.o)
                              CMakeFiles/adc_pwm_led.dir/home/rod-0310/pico/pico-sdk/src/rp2_common/pico_malloc/malloc.c.o (calloc)
/usr/lib/gcc/arm-none-eabi/10.3.1/../../../arm-none-eabi/lib/thumb/v6-m/nofp/libg.a(lib_a-callocr.o)
                              /usr/lib/gcc/arm-none-eabi/10.3.1/../../../arm-none-eabi/lib/thumb/v6-m/nofp/libg.a(lib_a-calloc.o) (_calloc_r)
/usr/lib/gcc/arm-none-eabi/10.3.1/../../../arm-none-eabi/lib/thumb/v6-m/nofp/libg.a(lib_a-fini.o)
                              /usr/lib/gcc/arm-none-eabi/10.3.1/../../../arm-none-eabi/lib/thumb/v6-m/nofp/crt0.o (__libc_fini_array)
/usr/lib/gcc/arm-none-eabi/10.3.1/../../../arm-none-eabi/lib/thumb/v6-m/nofp/libg.a(lib_a-impure.o)
                              /usr/lib/gcc/arm-none-eabi/10.3.1/../../../arm-none-eabi/lib/thumb/v6-m/nofp/libg.a(lib_a-calloc.o) (_impure_ptr)
/usr/lib/gcc/arm-none-eabi/10.3.1/../../../arm-none-eabi/lib/thumb/v6-m/nofp/libg.a(lib_a-init.o)
                              /usr/lib/gcc/arm-none-eabi/10.3.1/../../../arm-none-eabi/lib/thumb/v6-m/nofp/crt0.o (__libc_init_array)
/usr/lib/gcc/arm-none-eabi/10.3.1/../../../arm-none-eabi/lib/thumb/v6-m/nofp/libg.a(lib_a-lcltime_r.o)
                              CMakeFiles/adc_pwm_led.dir/home/rod-0310/pico/pico-sdk/src/common/pico_util/datetime.c.o (localtime_r)
/usr/lib/gcc/arm-none-eabi/10.3.1/../../../arm-none-eabi/lib/thumb/v6-m/nofp/libg.a(lib_a-malloc.o)
                              CMakeFiles/adc_pwm_led.dir/home/rod-0310/pico/pico-sdk/src/rp2_common/pico_malloc/malloc.c.o (malloc)
/usr/lib/gcc/arm-none-eabi/10.3.1/../../../arm-none-eabi/lib/thumb/v6-m/nofp/libg.a(lib_a-mallocr.o)
                              /usr/lib/gcc/arm-none-eabi/10.3.1/../../../arm-none-eabi/lib/thumb/v6-m/nofp/libg.a(lib_a-callocr.o) (_malloc_r)
/usr/lib/gcc/arm-none-eabi/10.3.1/../../../arm-none-eabi/lib/thumb/v6-m/nofp/libg.a(lib_a-memcmp.o)
                              CMakeFiles/adc_pwm_led.dir/home/rod-0310/pico/pico-sdk/src/rp2_common/pico_atomic/atomic.c.o (memcmp)
/usr/lib/gcc/arm-none-eabi/10.3.1/../../../arm-none-eabi/lib/thumb/v6-m/nofp/libg.a(lib_a-memmove.o)
                              CMakeFiles/adc_pwm_led.dir/home/rod-0310/pico/pico-sdk/lib/cyw43-driver/src/cyw43_ll.c.o (memmove)
/usr/lib/gcc/arm-none-eabi/10.3.1/../../../arm-none-eabi/lib/thumb/v6-m/nofp/libg.a(lib_a-mktime.o)
                              CMakeFiles/adc_pwm_led.dir/home/rod-0310/pico/pico-sdk/src/common/pico_util/datetime.c.o (mktime)
/usr/lib/gcc/arm-none-eabi/10.3.1/../../../arm-none-eabi/lib/thumb/v6-m/nofp/libg.a(lib_a-mlock.o)
                              /usr/lib/gcc/arm-none-eabi/10.3.1/../../../arm-none-eabi/lib/thumb/v6-m/nofp/libg.a(lib_a-mallocr.o) (__malloc_lock)
/usr/lib/gcc/arm-none-eabi/10.3.1/../../../arm-none-eabi/lib/thumb/v6-m/nofp/libg.a(lib_a-month_lengths.o)
                              /usr/lib/gcc/arm-none-eabi/10.3.1/../../../arm-none-eabi/lib/thumb/v6-m/nofp/libg.a(lib_a-lcltime_r.o) (__month_lengths)
/usr/lib/gcc/arm-none-eabi/10.3.1/../../../arm-none-eabi/lib/thumb/v6-m/nofp/libg.a(lib_a-realloc.o)
                              CMakeFiles/adc_pwm_led.dir/home/rod-0310/pico/pico-sdk/src/rp2_common/pico_malloc/malloc.c.o (realloc)
/usr/lib/gcc/arm-none-eabi/10.3.1/../../../arm-none-eabi/lib/thumb/v6-m/nofp/libg.a(lib_a-reallocr.o)
                              /usr/lib/gcc/arm-none-eabi/10.3.1/../../../arm-none-eabi/lib/thumb/v6-m/nofp/libg.a(lib_a-realloc.o) (_realloc_r)
/usr/lib/gcc/arm-none-eabi/10.3.1/../../../arm-none-eabi/lib/thumb/v6-m/nofp/libg.a(lib_a-sbrkr.o)
                              /usr/lib/gcc/arm-none-eabi/10.3.1/../../../arm-none-eabi/lib/thumb/v6-m/nofp/libg.a(lib_a-mallocr.o) (_sbrk_r)
/usr/lib/gcc/arm-none-eabi/10.3.1/../../../arm-none-eabi/lib/thumb/v6-m/nofp/libg.a(lib_a-strlen-stub.o)
                              CMakeFiles/adc_pwm_led.dir/home/rod-0310/pico/pico-sdk/src/rp2_common/pico_stdio/stdio.c.o (strlen)
/usr/lib/gcc/arm-none-eabi/10.3.1/../../../arm-none-eabi/lib/thumb/v6-m/nofp/libg.a(lib_a-strncmp.o)
                              CMakeFiles/adc_pwm_led.dir/home/rod-0310/pico/pico-sdk/lib/cyw43-driver/src/cyw43_ll.c.o (strncmp)
/usr/lib/gcc/arm-none-eabi/10.3.1/../../../arm-none-eabi/lib/thumb/v6-m/nofp/libg.a(lib_a-tzcalc_limits.o)
[...]
Memory Configuration

Name             Origin             Length             Attributes
FLASH            0x0000000010000000 0x0000000000200000 xr
RAM              0x0000000020000000 0x0000000000040000 xrw
SCRATCH_X        0x0000000020040000 0x0000000000001000 xrw
SCRATCH_Y        0x0000000020041000 0x0000000000001000 xrw
*default*        0x0000000000000000 0xffffffffffffffff

Linker script and memory map

LOAD /usr/lib/gcc/arm-none-eabi/10.3.1/thumb/v6-m/nofp/crti.o
LOAD /usr/lib/gcc/arm-none-eabi/10.3.1/thumb/v6-m/nofp/crtbegin.o
LOAD /usr/lib/gcc/arm-none-eabi/10.3.1/../../../arm-none-eabi/lib/thumb/v6-m/nofp/crt0.o

.flash_begin    0x0000000010000000        0x0
                0x0000000010000000                __flash_binary_start = .

.boot2          0x0000000010000000      0x100
                0x0000000010000000                __boot2_start__ = .
 *(.boot2)
 .boot2         0x0000000010000000      0x100 pico-sdk/src/rp2040/boot_stage2/CMakeFiles/bs2_default_library.dir/bs2_default_padded_checksummed.S.o
                0x0000000010000100                __boot2_end__ = .
                0x0000000000000001                ASSERT (((__boot2_end__ - __boot2_start__) == 0x100), ERROR: Pico second stage bootloader must be 256 bytes in size)

.text           0x0000000010000100     0xa52c
                0x0000000010000100                __logical_binary_start = .
 *(.vectors)
 .vectors       0x0000000010000100       0xd4 CMakeFiles/adc_pwm_led.dir/home/rod-0310/pico/pico-sdk/src/rp2_common/pico_crt0/crt0.S.o
                0x0000000010000100                __vectors
                0x0000000010000100                __VECTOR_TABLE
                0x00000000100001c0                isr_invalid
                0x00000000100001c0                __default_isrs_start
                0x00000000100001c2                isr_nmi
                0x00000000100001c4                isr_hardfault
                0x00000000100001c6                isr_svcall
                0x00000000100001c8                isr_pendsv
                0x00000000100001ca                isr_systick
                0x00000000100001cc                isr_irq30
                0x00000000100001cc                __unhandled_user_irq
                0x00000000100001cc                isr_irq13
                0x00000000100001cc                isr_irq27
                0x00000000100001cc                isr_irq31
                0x00000000100001cc                isr_irq5
                0x00000000100001cc                isr_irq11
                0x00000000100001cc                isr_irq23
                0x00000000100001cc                isr_irq18
                0x00000000100001cc                isr_irq28
                0x00000000100001cc                isr_irq19
                0x00000000100001cc                isr_irq0
                0x00000000100001cc                isr_irq6
                0x00000000100001cc                isr_irq22
                0x00000000100001cc                isr_irq17
                0x00000000100001cc                isr_irq14
                0x00000000100001cc                isr_irq2
                0x00000000100001cc                isr_irq10
                0x00000000100001cc                isr_irq8
                0x00000000100001cc                isr_irq24
                0x00000000100001cc                isr_irq1
                0x00000000100001cc                isr_irq7
                0x00000000100001cc                isr_irq21
                0x00000000100001cc                isr_irq20
                0x00000000100001cc                isr_irq15
                0x00000000100001cc                isr_irq25
                0x00000000100001cc                isr_irq4
                0x00000000100001cc                isr_irq16
                0x00000000100001cc                isr_irq29
                0x00000000100001cc                isr_irq26
                0x00000000100001cc                __default_isrs_end
                0x00000000100001cc                isr_irq3
                0x00000000100001cc                isr_irq12
                0x00000000100001cc                isr_irq9
                0x00000000100001d2                unhandled_user_irq_num_in_r0
 *(.binary_info_header)
 .binary_info_header
                0x00000000100001d4       0x14 CMakeFiles/adc_pwm_led.dir/home/rod-0310/pico/pico-sdk/src/rp2_common/pico_crt0/crt0.S.o
                0x00000000100001e8                __binary_info_header_end = .
 *(.embedded_block)
                0x00000000100001e8                __embedded_block_end = .
 *(.reset)
 .reset         0x00000000100001e8       0x9c CMakeFiles/adc_pwm_led.dir/home/rod-0310/pico/pico-sdk/src/rp2_common/pico_crt0/crt0.S.o
                0x00000000100001e8                _entry_point
 *(.init)
 .init          0x0000000010000284        0x4 /usr/lib/gcc/arm-none-eabi/10.3.1/thumb/v6-m/nofp/crti.o
                0x0000000010000284                _init
 *(EXCLUDE_FILE(*libm.a: *libc.a:*lib_a-mem*.o *libgcc.a:) .text*)
 .text          0x0000000010000288       0x98 /usr/lib/gcc/arm-none-eabi/10.3.1/thumb/v6-m/nofp/crtbegin.o
 .text.startup.main
                0x0000000010000320      0x124 CMakeFiles/adc_pwm_led.dir/adc_pwm_led.c.o
                0x0000000010000320                main
 .text.gpio_set_function
                0x0000000010000444       0x34 CMakeFiles/adc_pwm_led.dir/home/rod-0310/pico/pico-sdk/src/rp2_common/hardware_gpio/gpio.c.o
                0x0000000010000444                gpio_set_function
 .text.gpio_set_pulls
                0x0000000010000478       0x34 CMakeFiles/adc_pwm_led.dir/home/rod-0310/pico/pico-sdk/src/rp2_common/hardware_gpio/gpio.c.o
                0x0000000010000478                gpio_set_pulls
 .text.gpio_set_input_hysteresis_enabled
                0x00000000100004ac       0x28 CMakeFiles/adc_pwm_led.dir/home/rod-0310/pico/pico-sdk/src/rp2_common/hardware_gpio/gpio.c.o
                0x00000000100004ac                gpio_set_input_hysteresis_enabled
 .text.gpio_set_irq_enabled
                0x00000000100004d4       0x58 CMakeFiles/adc_pwm_led.dir/home/rod-0310/pico/pico-sdk/src/rp2_common/hardware_gpio/gpio.c.o
                0x00000000100004d4                gpio_set_irq_enabled
 .text.gpio_add_raw_irq_handler_with_order_priority_masked
                0x000000001000052c       0x44 CMakeFiles/adc_pwm_led.dir/home/rod-0310/pico/pico-sdk/src/rp2_common/hardware_gpio/gpio.c.o
                0x000000001000052c                gpio_add_raw_irq_handler_with_order_priority_masked
 .text.gpio_remove_raw_irq_handler_masked
                0x0000000010000570       0x20 CMakeFiles/adc_pwm_led.dir/home/rod-0310/pico/pico-sdk/src/rp2_common/hardware_gpio/gpio.c.o
                0x0000000010000570                gpio_remove_raw_irq_handler_masked
 .text.gpio_set_input_enabled
                0x0000000010000590       0x28 CMakeFiles/adc_pwm_led.dir/home/rod-0310/pico/pico-sdk/src/rp2_common/hardware_gpio/gpio.c.o
                0x0000000010000590                gpio_set_input_enabled
 .text.gpio_init
                0x00000000100005b8       0x40 CMakeFiles/adc_pwm_led.dir/home/rod-0310/pico/pico-sdk/src/rp2_common/hardware_gpio/gpio.c.o
                0x00000000100005b8                gpio_init
 .text.rp2040_chip_version
                0x00000000100005f8        0xc CMakeFiles/adc_pwm_led.dir/home/rod-0310/pico/pico-sdk/src/rp2040/pico_platform/platform.c.o
                0x00000000100005f8                rp2040_chip_version
 .text.panic    0x0000000010000604       0x30 CMakeFiles/adc_pwm_led.dir/home/rod-0310/pico/pico-sdk/src/rp2_common/pico_platform_panic/panic.c.o
                0x0000000010000604                panic
 .text.hw_claim_lock
                0x0000000010000634       0x18 CMakeFiles/adc_pwm_led.dir/home/rod-0310/pico/pico-sdk/src/common/hardware_claim/claim.c.o
                0x0000000010000634                hw_claim_lock
 .text.hw_claim_unlock
                0x000000001000064c       0x14 CMakeFiles/adc_pwm_led.dir/home/rod-0310/pico/pico-sdk/src/common/hardware_claim/claim.c.o
                0x000000001000064c                hw_claim_unlock
 .text.hw_claim_or_assert
                0x0000000010000660       0x44 CMakeFiles/adc_pwm_led.dir/home/rod-0310/pico/pico-sdk/src/common/hardware_claim/claim.c.o
                0x0000000010000660                hw_claim_or_assert
 .text.hw_claim_unused_from_range
                0x00000000100006a4       0x9c CMakeFiles/adc_pwm_led.dir/home/rod-0310/pico/pico-sdk/src/common/hardware_claim/claim.c.o
                0x00000000100006a4                hw_claim_unused_from_range
 .text.hw_claim_clear
                0x0000000010000740       0x38 CMakeFiles/adc_pwm_led.dir/home/rod-0310/pico/pico-sdk/src/common/hardware_claim/claim.c.o
                0x0000000010000740                hw_claim_clear
 .text.next_striped_spin_lock_num
                0x0000000010000778       0x18 CMakeFiles/adc_pwm_led.dir/home/rod-0310/pico/pico-sdk/src/rp2_common/hardware_sync/sync.c.o
                0x0000000010000778                next_striped_spin_lock_num
 .text.spin_lock_claim_unused
                0x0000000010000790       0x20 CMakeFiles/adc_pwm_led.dir/home/rod-0310/pico/pico-sdk/src/rp2_common/hardware_sync/sync.c.o
                0x0000000010000790                spin_lock_claim_unused
 .text.spin_locks_reset
                0x00000000100007b0       0x1c CMakeFiles/adc_pwm_led.dir/home/rod-0310/pico/pico-sdk/src/rp2_common/hardware_sync_spin_lock/sync_spin_lock.c.o
                0x00000000100007b0                spin_locks_reset
 .text.runtime_init_per_core_irq_priorities
                0x00000000100007cc       0x24 CMakeFiles/adc_pwm_led.dir/home/rod-0310/pico/pico-sdk/src/rp2_common/hardware_irq/irq.c.o
                0x00000000100007cc                runtime_init_per_core_irq_priorities
 .text.irq_set_enabled
                0x00000000100007f0       0x24 CMakeFiles/adc_pwm_led.dir/home/rod-0310/pico/pico-sdk/src/rp2_common/hardware_irq/irq.c.o
                0x00000000100007f0                irq_set_enabled
 .text.irq_is_enabled
                0x0000000010000814       0x18 CMakeFiles/adc_pwm_led.dir/home/rod-0310/pico/pico-sdk/src/rp2_common/hardware_irq/irq.c.o
                0x0000000010000814                irq_is_enabled
 .text.irq_set_pending
                0x000000001000082c       0x10 CMakeFiles/adc_pwm_led.dir/home/rod-0310/pico/pico-sdk/src/rp2_common/hardware_irq/irq.c.o
                0x000000001000082c                irq_set_pending
 .text.irq_has_shared_handler
                0x000000001000083c       0x24 CMakeFiles/adc_pwm_led.dir/home/rod-0310/pico/pico-sdk/src/rp2_common/hardware_irq/irq.c.o
                0x000000001000083c                irq_has_shared_handler
 .text.irq_set_exclusive_handler
                0x0000000010000860       0x54 CMakeFiles/adc_pwm_led.dir/home/rod-0310/pico/pico-sdk/src/rp2_common/hardware_irq/irq.c.o
                0x0000000010000860                irq_set_exclusive_handler
 .text.irq_add_shared_handler
                0x00000000100008b4      0x1e8 CMakeFiles/adc_pwm_led.dir/home/rod-0310/pico/pico-sdk/src/rp2_common/hardware_irq/irq.c.o
                0x00000000100008b4                irq_add_shared_handler
 .text.irq_remove_handler
                0x0000000010000a9c      0x1c4 CMakeFiles/adc_pwm_led.dir/home/rod-0310/pico/pico-sdk/src/rp2_common/hardware_irq/irq.c.o
                0x0000000010000a9c                irq_remove_handler
 .text.irq_set_priority
                0x0000000010000c60       0x28 CMakeFiles/adc_pwm_led.dir/home/rod-0310/pico/pico-sdk/src/rp2_common/hardware_irq/irq.c.o
                0x0000000010000c60                irq_set_priority
 .text.irq_add_tail_to_free_list
                0x0000000010000c88       0xb4 CMakeFiles/adc_pwm_led.dir/home/rod-0310/pico/pico-sdk/src/rp2_common/hardware_irq/irq.c.o
                0x0000000010000c88                irq_add_tail_to_free_list
 .text.user_irq_unclaim
                0x0000000010000d3c       0x14 CMakeFiles/adc_pwm_led.dir/home/rod-0310/pico/pico-sdk/src/rp2_common/hardware_irq/irq.c.o
                0x0000000010000d3c                user_irq_unclaim
 .text.user_irq_claim_unused
                0x0000000010000d50       0x28 CMakeFiles/adc_pwm_led.dir/home/rod-0310/pico/pico-sdk/src/rp2_common/hardware_irq/irq.c.o
                0x0000000010000d50                user_irq_claim_unused
 .text.sem_init
                0x0000000010000d78       0x20 CMakeFiles/adc_pwm_led.dir/home/rod-0310/pico/pico-sdk/src/common/pico_sync/sem.c.o
                0x0000000010000d78                sem_init
 .text.lock_init
                0x0000000010000d98       0x10 CMakeFiles/adc_pwm_led.dir/home/rod-0310/pico/pico-sdk/src/common/pico_sync/lock_core.c.o
                0x0000000010000d98                lock_init
 .text.runtime_init_mutex
                0x0000000010000da8       0x58 CMakeFiles/adc_pwm_led.dir/home/rod-0310/pico/pico-sdk/src/common/pico_sync/mutex.c.o
                0x0000000010000da8                runtime_init_mutex
 .text.mutex_init
                0x0000000010000e00       0x1c CMakeFiles/adc_pwm_led.dir/home/rod-0310/pico/pico-sdk/src/common/pico_sync/mutex.c.o
                0x0000000010000e00                mutex_init
 .text.recursive_mutex_init
                0x0000000010000e1c       0x1c CMakeFiles/adc_pwm_led.dir/home/rod-0310/pico/pico-sdk/src/common/pico_sync/mutex.c.o
                0x0000000010000e1c                recursive_mutex_init
 .text.critical_section_init
                0x0000000010000e38       0x20 CMakeFiles/adc_pwm_led.dir/home/rod-0310/pico/pico-sdk/src/common/pico_sync/critical_section.c.o
                0x0000000010000e38                critical_section_init
 .text.critical_section_init_with_lock_num
                0x0000000010000e58       0x14 CMakeFiles/adc_pwm_led.dir/home/rod-0310/pico/pico-sdk/src/common/pico_sync/critical_section.c.o
                0x0000000010000e58                critical_section_init_with_lock_num
 .text.sleep_until_callback
                0x0000000010000e6c       0x30 CMakeFiles/adc_pwm_led.dir/home/rod-0310/pico/pico-sdk/src/common/pico_time/time.c.o
 .text.alarm_pool_irq_handler
                0x0000000010000e9c      0x308 CMakeFiles/adc_pwm_led.dir/home/rod-0310/pico/pico-sdk/src/common/pico_time/time.c.o
 .text.runtime_init_default_alarm_pool
                0x00000000100011a4       0xdc CMakeFiles/adc_pwm_led.dir/home/rod-0310/pico/pico-sdk/src/common/pico_time/time.c.o
                0x00000000100011a4                runtime_init_default_alarm_pool
 .text.alarm_pool_get_default
                0x0000000010001280        0x8 CMakeFiles/adc_pwm_led.dir/home/rod-0310/pico/pico-sdk/src/common/pico_time/time.c.o
                0x0000000010001280                alarm_pool_get_default
 .text.alarm_pool_add_alarm_at
                0x0000000010001288       0xc8 CMakeFiles/adc_pwm_led.dir/home/rod-0310/pico/pico-sdk/src/common/pico_time/time.c.o
                0x0000000010001288                alarm_pool_add_alarm_at
 .text.alarm_pool_add_alarm_at_force_in_context
                0x0000000010001350       0xb0 CMakeFiles/adc_pwm_led.dir/home/rod-0310/pico/pico-sdk/src/common/pico_time/time.c.o
                0x0000000010001350                alarm_pool_add_alarm_at_force_in_context
 .text.alarm_pool_cancel_alarm
                0x0000000010001400       0x7c CMakeFiles/adc_pwm_led.dir/home/rod-0310/pico/pico-sdk/src/common/pico_time/time.c.o
                0x0000000010001400                alarm_pool_cancel_alarm
 .text.alarm_pool_core_num
                0x000000001000147c        0x4 CMakeFiles/adc_pwm_led.dir/home/rod-0310/pico/pico-sdk/src/common/pico_time/time.c.o
                0x000000001000147c                alarm_pool_core_num
 .text.sleep_until
                0x0000000010001480       0xd0 CMakeFiles/adc_pwm_led.dir/home/rod-0310/pico/pico-sdk/src/common/pico_time/time.c.o
                0x0000000010001480                sleep_until
 .text.sleep_ms
                0x0000000010001550       0x34 CMakeFiles/adc_pwm_led.dir/home/rod-0310/pico/pico-sdk/src/common/pico_time/time.c.o
                0x0000000010001550                sleep_ms
 .text.best_effort_wfe_or_timeout
                0x0000000010001584       0xfc CMakeFiles/adc_pwm_led.dir/home/rod-0310/pico/pico-sdk/src/common/pico_time/time.c.o
                0x0000000010001584                best_effort_wfe_or_timeout
 .text.timer_hardware_alarm_claim
                0x0000000010001680       0x14 CMakeFiles/adc_pwm_led.dir/home/rod-0310/pico/pico-sdk/src/rp2_common/hardware_timer/timer.c.o
                0x0000000010001680                timer_hardware_alarm_claim
 .text.timer_time_us_64
                0x0000000010001694       0x10 CMakeFiles/adc_pwm_led.dir/home/rod-0310/pico/pico-sdk/src/rp2_common/hardware_timer/timer.c.o
                0x0000000010001694                timer_time_us_64
 .text.time_us_64
                0x00000000100016a4       0x14 CMakeFiles/adc_pwm_led.dir/home/rod-0310/pico/pico-sdk/src/rp2_common/hardware_timer/timer.c.o
                0x00000000100016a4                time_us_64
 .text.busy_wait_until
                0x00000000100016b8       0x20 CMakeFiles/adc_pwm_led.dir/home/rod-0310/pico/pico-sdk/src/rp2_common/hardware_timer/timer.c.o
                0x00000000100016b8                busy_wait_until
 .text.clock_configure_int_divider
                0x00000000100016d8       0xf4 CMakeFiles/adc_pwm_led.dir/home/rod-0310/pico/pico-sdk/src/rp2_common/hardware_clocks/clocks.c.o
                0x00000000100016d8                clock_configure_int_divider
 .text.clock_configure_undivided
                0x00000000100017cc       0xe8 CMakeFiles/adc_pwm_led.dir/home/rod-0310/pico/pico-sdk/src/rp2_common/hardware_clocks/clocks.c.o
                0x00000000100017cc                clock_configure_undivided
 .text.clock_get_hz
                0x00000000100018b4        0xc CMakeFiles/adc_pwm_led.dir/home/rod-0310/pico/pico-sdk/src/rp2_common/hardware_clocks/clocks.c.o
                0x00000000100018b4                clock_get_hz
 .text.pll_init
                0x00000000100018c0       0xa0 CMakeFiles/adc_pwm_led.dir/home/rod-0310/pico/pico-sdk/src/rp2_common/hardware_pll/pll.c.o
                0x00000000100018c0                pll_init
 .text.watchdog_reboot
                0x0000000010001960       0x98 CMakeFiles/adc_pwm_led.dir/home/rod-0310/pico/pico-sdk/src/rp2_common/hardware_watchdog/watchdog.c.o
                0x0000000010001960                watchdog_reboot
 .text.tick_start
                0x00000000100019f8       0x10 CMakeFiles/adc_pwm_led.dir/home/rod-0310/pico/pico-sdk/src/rp2_common/hardware_ticks/ticks.c.o
                0x00000000100019f8                tick_start
 .text.rom_func_lookup
                0x0000000010001a08       0x10 CMakeFiles/adc_pwm_led.dir/home/rod-0310/pico/pico-sdk/src/rp2_common/pico_bootrom/bootrom.c.o
                0x0000000010001a08                rom_func_lookup
 .text.rom_data_lookup
                0x0000000010001a18       0x10 CMakeFiles/adc_pwm_led.dir/home/rod-0310/pico/pico-sdk/src/rp2_common/pico_bootrom/bootrom.c.o
                0x0000000010001a18                rom_data_lookup
 .text.rom_funcs_lookup
                0x0000000010001a28       0x44 CMakeFiles/adc_pwm_led.dir/home/rod-0310/pico/pico-sdk/src/rp2_common/pico_bootrom/bootrom.c.o
                0x0000000010001a28                rom_funcs_lookup
 .text.rom_reset_usb_boot_extra
                0x0000000010001a6c       0x28 CMakeFiles/adc_pwm_led.dir/home/rod-0310/pico/pico-sdk/src/rp2_common/pico_bootrom/bootrom.c.o
                0x0000000010001a6c                rom_reset_usb_boot_extra
 .text.xosc_init
                0x0000000010001a94       0x28 CMakeFiles/adc_pwm_led.dir/home/rod-0310/pico/pico-sdk/src/rp2_common/hardware_xosc/xosc.c.o
                0x0000000010001a94                xosc_init
 .text.first_per_core_initializer
                0x0000000010001abc        0x4 CMakeFiles/adc_pwm_led.dir/home/rod-0310/pico/pico-sdk/src/rp2_common/pico_runtime/runtime.c.o
 .text.hard_assertion_failure
                0x0000000010001ac0        0xc CMakeFiles/adc_pwm_led.dir/home/rod-0310/pico/pico-sdk/src/rp2_common/pico_runtime/runtime.c.o
                0x0000000010001ac0                hard_assertion_failure
 .text.runtime_run_initializers
                0x0000000010001acc       0x28 CMakeFiles/adc_pwm_led.dir/home/rod-0310/pico/pico-sdk/src/rp2_common/pico_runtime/runtime.c.o
                0x0000000010001acc                runtime_run_initializers
 .text.runtime_init_early_resets
                0x0000000010001af4       0x2c CMakeFiles/adc_pwm_led.dir/home/rod-0310/pico/pico-sdk/src/rp2_common/pico_runtime_init/runtime_init.c.o
                0x0000000010001af4                runtime_init_early_resets
 .text.runtime_init_usb_power_down
                0x0000000010001b20       0x1c CMakeFiles/adc_pwm_led.dir/home/rod-0310/pico/pico-sdk/src/rp2_common/pico_runtime_init/runtime_init.c.o
                0x0000000010001b20                runtime_init_usb_power_down
 .text.runtime_init_post_clock_resets
                0x0000000010001b3c       0x20 CMakeFiles/adc_pwm_led.dir/home/rod-0310/pico/pico-sdk/src/rp2_common/pico_runtime_init/runtime_init.c.o
                0x0000000010001b3c                runtime_init_post_clock_resets
 .text.runtime_init_rp2040_gpio_ie_disable
                0x0000000010001b5c       0x14 CMakeFiles/adc_pwm_led.dir/home/rod-0310/pico/pico-sdk/src/rp2_common/pico_runtime_init/runtime_init.c.o
                0x0000000010001b5c                runtime_init_rp2040_gpio_ie_disable
 .text.runtime_init_spin_locks_reset
                0x0000000010001b70        0x8 CMakeFiles/adc_pwm_led.dir/home/rod-0310/pico/pico-sdk/src/rp2_common/pico_runtime_init/runtime_init.c.o
                0x0000000010001b70                runtime_init_spin_locks_reset
 .text.runtime_init_install_ram_vector_table
                0x0000000010001b78       0x1c CMakeFiles/adc_pwm_led.dir/home/rod-0310/pico/pico-sdk/src/rp2_common/pico_runtime_init/runtime_init.c.o
                0x0000000010001b78                runtime_init_install_ram_vector_table
 .text.runtime_init_clocks
                0x0000000010001b94       0xd8 CMakeFiles/adc_pwm_led.dir/home/rod-0310/pico/pico-sdk/src/rp2_common/pico_runtime_init/runtime_init_clocks.c.o
                0x0000000010001b94                runtime_init_clocks
 .text          0x0000000010001c6c       0x10 CMakeFiles/adc_pwm_led.dir/home/rod-0310/pico/pico-sdk/src/rp2_common/pico_bit_ops/bit_ops_aeabi.S.o
 .text.ctzsi    0x0000000010001c7c        0xc CMakeFiles/adc_pwm_led.dir/home/rod-0310/pico/pico-sdk/src/rp2_common/pico_bit_ops/bit_ops_aeabi.S.o
                0x0000000010001c7c                __wrap___ctzsi2
 .text.__wrap___aeabi_idiv
                0x0000000010001c88       0x50 CMakeFiles/adc_pwm_led.dir/home/rod-0310/pico/pico-sdk/src/rp2_common/pico_divider/divider_hardware.S.o
                0x0000000010001c88                __wrap___aeabi_idivmod
                0x0000000010001c88                divmod_s32s32
                0x0000000010001c88                div_s32s32
                0x0000000010001c88                __wrap___aeabi_idiv
                0x0000000010001c90                divmod_s32s32_unsafe
                0x0000000010001cbc                divmod_s32s32_savestate
 .text.__wrap___aeabi_uidiv
                0x0000000010001cd8       0x4c CMakeFiles/adc_pwm_led.dir/home/rod-0310/pico/pico-sdk/src/rp2_common/pico_divider/divider_hardware.S.o
                0x0000000010001cd8                __wrap___aeabi_uidiv
                0x0000000010001cd8                __wrap___aeabi_uidivmod
                0x0000000010001cd8                div_u32u32
                0x0000000010001cd8                divmod_u32u32
                0x0000000010001ce0                divmod_u32u32_unsafe
                0x0000000010001d08                divmod_u32u32_savestate
 .text.__wrap___aeabi_ldiv
                0x0000000010001d24      0x424 CMakeFiles/adc_pwm_led.dir/home/rod-0310/pico/pico-sdk/src/rp2_common/pico_divider/divider_hardware.S.o
                0x0000000010001d24                div_s64s64
                0x0000000010001d24                divmod_s64s64
                0x0000000010001d24                __wrap___aeabi_ldivmod
                0x0000000010001d54                div_u64u64
                0x0000000010001d54                divmod_u64u64
                0x0000000010001d54                __wrap___aeabi_uldivmod
                0x0000000010001d64                divmod_u64u64_savestate
                0x0000000010001d84                divmod_s64s64_unsafe
                0x0000000010001e0c                divmod_u64u64_unsafe
 .text.__wrap___aeabi_darithmetic
                0x0000000010002148       0x60 CMakeFiles/adc_pwm_led.dir/home/rod-0310/pico/pico-sdk/src/rp2_common/pico_double/double_aeabi_rp2040.S.o
                0x0000000010002148                __wrap___aeabi_drsub
                0x000000001000214e                __wrap___aeabi_dsub
                0x0000000010002158                __wrap___aeabi_dadd
                0x0000000010002162                __wrap___aeabi_ddiv
                0x0000000010002196                __wrap___aeabi_dmul
 .text.__wrap___aeabi_cdcmple
                0x00000000100021a8       0x6c CMakeFiles/adc_pwm_led.dir/home/rod-0310/pico/pico-sdk/src/rp2_common/pico_double/double_aeabi_rp2040.S.o
                0x00000000100021a8                __wrap___aeabi_cdrcmple
                0x00000000100021b8                __wrap___aeabi_cdcmple
                0x00000000100021b8                __wrap___aeabi_cdcmpeq
 .text.__wrap___aeabi_dcmplt
                0x0000000010002214        0xc CMakeFiles/adc_pwm_led.dir/home/rod-0310/pico/pico-sdk/src/rp2_common/pico_double/double_aeabi_rp2040.S.o
                0x0000000010002214                __wrap___aeabi_dcmplt
 .text.__wrap___aeabi_dcmple
                0x0000000010002220       0x10 CMakeFiles/adc_pwm_led.dir/home/rod-0310/pico/pico-sdk/src/rp2_common/pico_double/double_aeabi_rp2040.S.o
                0x0000000010002220                __wrap___aeabi_dcmple
 .text.__wrap___aeabi_dcmpge
                0x0000000010002230       0x10 CMakeFiles/adc_pwm_led.dir/home/rod-0310/pico/pico-sdk/src/rp2_common/pico_double/double_aeabi_rp2040.S.o
                0x0000000010002230                __wrap___aeabi_dcmpge
 .text.__wrap___aeabi_dcmpgt
                0x0000000010002240        0xa CMakeFiles/adc_pwm_led.dir/home/rod-0310/pico/pico-sdk/src/rp2_common/pico_double/double_aeabi_rp2040.S.o
                0x0000000010002240                __wrap___aeabi_dcmpgt
 .text.__wrap___aeabi_dcmpun
                0x000000001000224a       0x18 CMakeFiles/adc_pwm_led.dir/home/rod-0310/pico/pico-sdk/src/rp2_common/pico_double/double_aeabi_rp2040.S.o
                0x000000001000224a                __wrap___aeabi_dcmpun
 *fill*         0x0000000010002262        0x2 
 .text.__wrap___aeabi_i2d
                0x0000000010002264       0x38 CMakeFiles/adc_pwm_led.dir/home/rod-0310/pico/pico-sdk/src/rp2_common/pico_double/double_aeabi_rp2040.S.o
                0x0000000010002264                __wrap___aeabi_ui2d
                0x0000000010002264                uint2double
                0x000000001000226c                __wrap___aeabi_i2d
                0x000000001000226c                int2double
 .text.__wrap___aeabi_d2iz
                0x000000001000229c       0x48 CMakeFiles/adc_pwm_led.dir/home/rod-0310/pico/pico-sdk/src/rp2_common/pico_double/double_aeabi_rp2040.S.o
                0x000000001000229c                __wrap___aeabi_d2iz
                0x000000001000229c                double2int_z
 .text.__wrap___aeabi_d2uiz
                0x00000000100022e4       0x10 CMakeFiles/adc_pwm_led.dir/home/rod-0310/pico/pico-sdk/src/rp2_common/pico_double/double_aeabi_rp2040.S.o
                0x00000000100022e4                double2uint_z
                0x00000000100022e4                double2uint
                0x00000000100022e4                __wrap___aeabi_d2uiz
 .text.missing_double_func_shim
                0x00000000100022f4        0xc CMakeFiles/adc_pwm_led.dir/home/rod-0310/pico/pico-sdk/src/rp2_common/pico_double/double_init_rom_rp2040.c.o
 .text.__aeabi_double_init
                0x0000000010002300       0xa4 CMakeFiles/adc_pwm_led.dir/home/rod-0310/pico/pico-sdk/src/rp2_common/pico_double/double_init_rom_rp2040.c.o
                0x0000000010002300                __aeabi_double_init
 .text.double_table_shim_on_use_helper
                0x00000000100023a4       0x2c CMakeFiles/adc_pwm_led.dir/home/rod-0310/pico/pico-sdk/src/rp2_common/pico_double/double_v1_rom_shim_rp2040.S.o
                0x00000000100023a4                double_table_shim_on_use_helper
 .text.__aeabi_lmul
                0x00000000100023d0       0x32 CMakeFiles/adc_pwm_led.dir/home/rod-0310/pico/pico-sdk/src/rp2_common/pico_int64_ops/pico_int64_ops_aeabi.S.o
                0x00000000100023d0                __wrap___aeabi_lmul
 *fill*         0x0000000010002402        0x2 
 .text.missing_float_func_shim
                0x0000000010002404        0xc CMakeFiles/adc_pwm_led.dir/home/rod-0310/pico/pico-sdk/src/rp2_common/pico_float/float_init_rom_rp2040.c.o
 .text.__aeabi_float_init
                0x0000000010002410       0x5c CMakeFiles/adc_pwm_led.dir/home/rod-0310/pico/pico-sdk/src/rp2_common/pico_float/float_init_rom_rp2040.c.o
                0x0000000010002410                __aeabi_float_init
 .text          0x000000001000246c       0x10 CMakeFiles/adc_pwm_led.dir/home/rod-0310/pico/pico-sdk/src/rp2_common/pico_mem_ops/mem_ops_aeabi.S.o
                0x000000001000246c                __aeabi_mem_init
 .text.memset   0x000000001000247c        0xc CMakeFiles/adc_pwm_led.dir/home/rod-0310/pico/pico-sdk/src/rp2_common/pico_mem_ops/mem_ops_aeabi.S.o
                0x000000001000247c                __wrap_memset
 .text.memcpy   0x0000000010002488        0xc CMakeFiles/adc_pwm_led.dir/home/rod-0310/pico/pico-sdk/src/rp2_common/pico_mem_ops/mem_ops_aeabi.S.o
                0x0000000010002488                __wrap___aeabi_memcpy
                0x0000000010002488                __wrap_memcpy
 .text._out_null
                0x0000000010002494        0x4 CMakeFiles/adc_pwm_led.dir/home/rod-0310/pico/pico-sdk/src/rp2_common/pico_printf/printf.c.o
 .text._out_rev
                0x0000000010002498       0x9c CMakeFiles/adc_pwm_led.dir/home/rod-0310/pico/pico-sdk/src/rp2_common/pico_printf/printf.c.o
 .text._ntoa_format
                0x0000000010002534      0x1cc CMakeFiles/adc_pwm_led.dir/home/rod-0310/pico/pico-sdk/src/rp2_common/pico_printf/printf.c.o
 .text._out_char
                0x0000000010002700       0x10 CMakeFiles/adc_pwm_led.dir/home/rod-0310/pico/pico-sdk/src/rp2_common/pico_printf/printf.c.o
 .text._out_fct
                0x0000000010002710       0x10 CMakeFiles/adc_pwm_led.dir/home/rod-0310/pico/pico-sdk/src/rp2_common/pico_printf/printf.c.o
 .text._etoa    0x0000000010002720      0x44c CMakeFiles/adc_pwm_led.dir/home/rod-0310/pico/pico-sdk/src/rp2_common/pico_printf/printf.c.o
 .text._ftoa    0x0000000010002b6c      0x398 CMakeFiles/adc_pwm_led.dir/home/rod-0310/pico/pico-sdk/src/rp2_common/pico_printf/printf.c.o
 .text._vsnprintf
                0x0000000010002f04      0xb04 CMakeFiles/adc_pwm_led.dir/home/rod-0310/pico/pico-sdk/src/rp2_common/pico_printf/printf.c.o
 .text.vfctprintf
                0x0000000010003a08       0x20 CMakeFiles/adc_pwm_led.dir/home/rod-0310/pico/pico-sdk/src/rp2_common/pico_printf/printf.c.o
                0x0000000010003a08                vfctprintf
 .text.weak_raw_vprintf
                0x0000000010003a28       0x30 CMakeFiles/adc_pwm_led.dir/home/rod-0310/pico/pico-sdk/src/rp2_common/pico_printf/printf.c.o
                0x0000000010003a28                weak_raw_vprintf
 .text._exit    0x0000000010003a58        0x4 CMakeFiles/adc_pwm_led.dir/home/rod-0310/pico/pico-sdk/src/rp2_common/pico_clib_interface/newlib_interface.c.o
                0x0000000010003a58                _exit
 .text.exit     0x0000000010003a5c        0x8 CMakeFiles/adc_pwm_led.dir/home/rod-0310/pico/pico-sdk/src/rp2_common/pico_clib_interface/newlib_interface.c.o
                0x0000000010003a5c                exit
 .text.runtime_init
                0x0000000010003a64       0x2c CMakeFiles/adc_pwm_led.dir/home/rod-0310/pico/pico-sdk/src/rp2_common/pico_clib_interface/newlib_interface.c.o
                0x0000000010003a64                runtime_init
 .text.stdio_out_chars_no_crlf
                0x0000000010003a90       0x10 CMakeFiles/adc_pwm_led.dir/home/rod-0310/pico/pico-sdk/src/rp2_common/pico_stdio/stdio.c.o
 .text.stdio_out_chars_crlf
                0x0000000010003aa0       0xb4 CMakeFiles/adc_pwm_led.dir/home/rod-0310/pico/pico-sdk/src/rp2_common/pico_stdio/stdio.c.o
 .text.stdio_buffered_printer
                0x0000000010003b54       0x64 CMakeFiles/adc_pwm_led.dir/home/rod-0310/pico/pico-sdk/src/rp2_common/pico_stdio/stdio.c.o
 .text.stdio_put_string
                0x0000000010003bb8      0x100 CMakeFiles/adc_pwm_led.dir/home/rod-0310/pico/pico-sdk/src/rp2_common/pico_stdio/stdio.c.o
                0x0000000010003bb8                stdio_put_string
 .text.stdio_set_driver_enabled
                0x0000000010003cb8       0x30 CMakeFiles/adc_pwm_led.dir/home/rod-0310/pico/pico-sdk/src/rp2_common/pico_stdio/stdio.c.o
                0x0000000010003cb8                stdio_set_driver_enabled
 .text.stdio_init_all
                0x0000000010003ce8        0x8 CMakeFiles/adc_pwm_led.dir/home/rod-0310/pico/pico-sdk/src/rp2_common/pico_stdio/stdio.c.o
                0x0000000010003ce8                stdio_init_all
 .text.__wrap_putchar
                0x0000000010003cf0       0x98 CMakeFiles/adc_pwm_led.dir/home/rod-0310/pico/pico-sdk/src/rp2_common/pico_stdio/stdio.c.o
                0x0000000010003cf0                stdio_putchar
                0x0000000010003cf0                __wrap_putchar
 .text.__wrap_puts
                0x0000000010003d88       0x3c CMakeFiles/adc_pwm_led.dir/home/rod-0310/pico/pico-sdk/src/rp2_common/pico_stdio/stdio.c.o
                0x0000000010003d88                __wrap_puts
                0x0000000010003d88                stdio_puts
 .text.__wrap_vprintf
                0x0000000010003dc4       0xd8 CMakeFiles/adc_pwm_led.dir/home/rod-0310/pico/pico-sdk/src/rp2_common/pico_stdio/stdio.c.o
                0x0000000010003dc4                __wrap_vprintf
                0x0000000010003dc4                stdio_vprintf
 .text.__wrap_printf
                0x0000000010003e9c       0x18 CMakeFiles/adc_pwm_led.dir/home/rod-0310/pico/pico-sdk/src/rp2_common/pico_stdio/stdio.c.o
                0x0000000010003e9c                stdio_printf
                0x0000000010003e9c                __wrap_printf
 .text.resetd_init
                0x0000000010003eb4        0x4 CMakeFiles/adc_pwm_led.dir/home/rod-0310/pico/pico-sdk/src/rp2_common/pico_stdio_usb/reset_interface.c.o
 .text.resetd_reset
                0x0000000010003eb8        0xc CMakeFiles/adc_pwm_led.dir/home/rod-0310/pico/pico-sdk/src/rp2_common/pico_stdio_usb/reset_interface.c.o
 .text.resetd_open
                0x0000000010003ec4       0x28 CMakeFiles/adc_pwm_led.dir/home/rod-0310/pico/pico-sdk/src/rp2_common/pico_stdio_usb/reset_interface.c.o
 .text.resetd_xfer_cb
                0x0000000010003eec        0x4 CMakeFiles/adc_pwm_led.dir/home/rod-0310/pico/pico-sdk/src/rp2_common/pico_stdio_usb/reset_interface.c.o
 .text.resetd_control_xfer_cb
                0x0000000010003ef0       0x60 CMakeFiles/adc_pwm_led.dir/home/rod-0310/pico/pico-sdk/src/rp2_common/pico_stdio_usb/reset_interface.c.o
 .text.tud_descriptor_bos_cb
                0x0000000010003f50        0x8 CMakeFiles/adc_pwm_led.dir/home/rod-0310/pico/pico-sdk/src/rp2_common/pico_stdio_usb/reset_interface.c.o
                0x0000000010003f50                tud_descriptor_bos_cb
 .text.tud_vendor_control_xfer_cb
                0x0000000010003f58       0x34 CMakeFiles/adc_pwm_led.dir/home/rod-0310/pico/pico-sdk/src/rp2_common/pico_stdio_usb/reset_interface.c.o
                0x0000000010003f58                tud_vendor_control_xfer_cb
 .text.usbd_app_driver_get_cb
                0x0000000010003f8c        0xc CMakeFiles/adc_pwm_led.dir/home/rod-0310/pico/pico-sdk/src/rp2_common/pico_stdio_usb/reset_interface.c.o
                0x0000000010003f8c                usbd_app_driver_get_cb
 .text.tud_cdc_line_coding_cb
                0x0000000010003f98       0x2c CMakeFiles/adc_pwm_led.dir/home/rod-0310/pico/pico-sdk/src/rp2_common/pico_stdio_usb/reset_interface.c.o
                0x0000000010003f98                tud_cdc_line_coding_cb
 .text.stdio_usb_set_chars_available_callback
                0x0000000010003fc4       0x14 CMakeFiles/adc_pwm_led.dir/home/rod-0310/pico/pico-sdk/src/rp2_common/pico_stdio_usb/stdio_usb.c.o
                0x0000000010003fc4                stdio_usb_set_chars_available_callback
 .text.usb_irq  0x0000000010003fd8       0x10 CMakeFiles/adc_pwm_led.dir/home/rod-0310/pico/pico-sdk/src/rp2_common/pico_stdio_usb/stdio_usb.c.o
 .text.timer_task
                0x0000000010003fe8       0x64 CMakeFiles/adc_pwm_led.dir/home/rod-0310/pico/pico-sdk/src/rp2_common/pico_stdio_usb/stdio_usb.c.o
 .text.stdio_usb_in_chars
                0x000000001000404c       0x90 CMakeFiles/adc_pwm_led.dir/home/rod-0310/pico/pico-sdk/src/rp2_common/pico_stdio_usb/stdio_usb.c.o
                0x000000001000404c                stdio_usb_in_chars
 .text.stdio_usb_out_flush
                0x00000000100040dc       0x50 CMakeFiles/adc_pwm_led.dir/home/rod-0310/pico/pico-sdk/src/rp2_common/pico_stdio_usb/stdio_usb.c.o
 .text.stdio_usb_out_chars
                0x000000001000412c      0x100 CMakeFiles/adc_pwm_led.dir/home/rod-0310/pico/pico-sdk/src/rp2_common/pico_stdio_usb/stdio_usb.c.o
 .text.low_priority_worker_irq
                0x000000001000422c       0xc8 CMakeFiles/adc_pwm_led.dir/home/rod-0310/pico/pico-sdk/src/rp2_common/pico_stdio_usb/stdio_usb.c.o
 .text.stdio_usb_init
                0x00000000100042f4       0xe8 CMakeFiles/adc_pwm_led.dir/home/rod-0310/pico/pico-sdk/src/rp2_common/pico_stdio_usb/stdio_usb.c.o
                0x00000000100042f4                stdio_usb_init
 .text.tud_descriptor_device_cb
                0x00000000100043dc        0x8 CMakeFiles/adc_pwm_led.dir/home/rod-0310/pico/pico-sdk/src/rp2_common/pico_stdio_usb/stdio_usb_descriptors.c.o
                0x00000000100043dc                tud_descriptor_device_cb
 .text.tud_descriptor_configuration_cb
                0x00000000100043e4        0x8 CMakeFiles/adc_pwm_led.dir/home/rod-0310/pico/pico-sdk/src/rp2_common/pico_stdio_usb/stdio_usb_descriptors.c.o
                0x00000000100043e4                tud_descriptor_configuration_cb
 .text.tud_descriptor_string_cb
                0x00000000100043ec       0x74 CMakeFiles/adc_pwm_led.dir/home/rod-0310/pico/pico-sdk/src/rp2_common/pico_stdio_usb/stdio_usb_descriptors.c.o
                0x00000000100043ec                tud_descriptor_string_cb
 .text.startup._retrieve_unique_id_on_boot
                0x0000000010004460       0x10 CMakeFiles/adc_pwm_led.dir/home/rod-0310/pico/pico-sdk/src/rp2_common/pico_unique_id/unique_id.c.o
 .text.pico_get_unique_board_id
                0x0000000010004470       0x10 CMakeFiles/adc_pwm_led.dir/home/rod-0310/pico/pico-sdk/src/rp2_common/pico_unique_id/unique_id.c.o
                0x0000000010004470                pico_get_unique_board_id
 .text.pico_get_unique_board_id_string
                0x0000000010004480      0x1a8 CMakeFiles/adc_pwm_led.dir/home/rod-0310/pico/pico-sdk/src/rp2_common/pico_unique_id/unique_id.c.o
                0x0000000010004480                pico_get_unique_board_id_string
 .text.flash_get_unique_id
                0x0000000010004628       0x40 CMakeFiles/adc_pwm_led.dir/home/rod-0310/pico/pico-sdk/src/rp2_common/hardware_flash/flash.c.o
                0x0000000010004628                flash_get_unique_id
 .text.dcd_init
                0x0000000010004668       0x90 CMakeFiles/adc_pwm_led.dir/home/rod-0310/pico/pico-sdk/lib/tinyusb/src/portable/raspberrypi/rp2040/dcd_rp2040.c.o
                0x0000000010004668                dcd_init
 .text.dcd_int_enable
                0x00000000100046f8        0xc CMakeFiles/adc_pwm_led.dir/home/rod-0310/pico/pico-sdk/lib/tinyusb/src/portable/raspberrypi/rp2040/dcd_rp2040.c.o
                0x00000000100046f8                dcd_int_enable
 .text.dcd_set_address
                0x0000000010004704       0x14 CMakeFiles/adc_pwm_led.dir/home/rod-0310/pico/pico-sdk/lib/tinyusb/src/portable/raspberrypi/rp2040/dcd_rp2040.c.o
                0x0000000010004704                dcd_set_address
 .text.dcd_sof_enable
                0x0000000010004718       0x1c CMakeFiles/adc_pwm_led.dir/home/rod-0310/pico/pico-sdk/lib/tinyusb/src/portable/raspberrypi/rp2040/dcd_rp2040.c.o
                0x0000000010004718                dcd_sof_enable
 .text.dcd_edpt0_status_complete
                0x0000000010004734       0x1c CMakeFiles/adc_pwm_led.dir/home/rod-0310/pico/pico-sdk/lib/tinyusb/src/portable/raspberrypi/rp2040/dcd_rp2040.c.o
                0x0000000010004734                dcd_edpt0_status_complete
 .text.dcd_edpt_open
                0x0000000010004750      0x114 CMakeFiles/adc_pwm_led.dir/home/rod-0310/pico/pico-sdk/lib/tinyusb/src/portable/raspberrypi/rp2040/dcd_rp2040.c.o
                0x0000000010004750                dcd_edpt_open
 .text.dcd_edpt_close_all
                0x0000000010004864        0x8 CMakeFiles/adc_pwm_led.dir/home/rod-0310/pico/pico-sdk/lib/tinyusb/src/portable/raspberrypi/rp2040/dcd_rp2040.c.o
                0x0000000010004864                dcd_edpt_close_all
 .text.dcd_edpt_xfer
                0x000000001000486c       0x24 CMakeFiles/adc_pwm_led.dir/home/rod-0310/pico/pico-sdk/lib/tinyusb/src/portable/raspberrypi/rp2040/dcd_rp2040.c.o
                0x000000001000486c                dcd_edpt_xfer
 .text.dcd_edpt_stall
                0x0000000010004890       0x38 CMakeFiles/adc_pwm_led.dir/home/rod-0310/pico/pico-sdk/lib/tinyusb/src/portable/raspberrypi/rp2040/dcd_rp2040.c.o
                0x0000000010004890                dcd_edpt_stall
 .text.dcd_edpt_clear_stall
                0x00000000100048c8       0x30 CMakeFiles/adc_pwm_led.dir/home/rod-0310/pico/pico-sdk/lib/tinyusb/src/portable/raspberrypi/rp2040/dcd_rp2040.c.o
                0x00000000100048c8                dcd_edpt_clear_stall
 .text.rp2040_usb_init
                0x00000000100048f8       0x40 CMakeFiles/adc_pwm_led.dir/home/rod-0310/pico/pico-sdk/lib/tinyusb/src/portable/raspberrypi/rp2040/rp2040_usb.c.o
                0x00000000100048f8                rp2040_usb_init
 .text.hw_endpoint_xfer_start
                0x0000000010004938       0x50 CMakeFiles/adc_pwm_led.dir/home/rod-0310/pico/pico-sdk/lib/tinyusb/src/portable/raspberrypi/rp2040/rp2040_usb.c.o
                0x0000000010004938                hw_endpoint_xfer_start
 .text.tud_event_hook_cb
                0x0000000010004988        0x4 CMakeFiles/adc_pwm_led.dir/home/rod-0310/pico/pico-sdk/lib/tinyusb/src/device/usbd.c.o
                0x0000000010004988                tud_event_hook_cb
 .text.tud_sof_cb
                0x000000001000498c        0x4 CMakeFiles/adc_pwm_led.dir/home/rod-0310/pico/pico-sdk/lib/tinyusb/src/device/usbd.c.o
                0x000000001000498c                tud_sof_cb
 .text.tud_descriptor_device_qualifier_cb
                0x0000000010004990        0x4 CMakeFiles/adc_pwm_led.dir/home/rod-0310/pico/pico-sdk/lib/tinyusb/src/device/usbd.c.o
                0x0000000010004990                tud_descriptor_device_qualifier_cb
 .text.tud_descriptor_other_speed_configuration_cb
                0x0000000010004994        0x4 CMakeFiles/adc_pwm_led.dir/home/rod-0310/pico/pico-sdk/lib/tinyusb/src/device/usbd.c.o
                0x0000000010004994                tud_descriptor_other_speed_configuration_cb
 .text.tud_mount_cb
                0x0000000010004998        0x4 CMakeFiles/adc_pwm_led.dir/home/rod-0310/pico/pico-sdk/lib/tinyusb/src/device/usbd.c.o
                0x0000000010004998                tud_mount_cb
 .text.tud_umount_cb
                0x000000001000499c        0x4 CMakeFiles/adc_pwm_led.dir/home/rod-0310/pico/pico-sdk/lib/tinyusb/src/device/usbd.c.o
                0x000000001000499c                tud_umount_cb
 .text.tud_suspend_cb
                0x00000000100049a0        0x4 CMakeFiles/adc_pwm_led.dir/home/rod-0310/pico/pico-sdk/lib/tinyusb/src/device/usbd.c.o
                0x00000000100049a0                tud_suspend_cb
 .text.tud_resume_cb
                0x00000000100049a4        0x4 CMakeFiles/adc_pwm_led.dir/home/rod-0310/pico/pico-sdk/lib/tinyusb/src/device/usbd.c.o
                0x00000000100049a4                tud_resume_cb
 .text.tud_mounted
                0x00000000100049a8       0x10 CMakeFiles/adc_pwm_led.dir/home/rod-0310/pico/pico-sdk/lib/tinyusb/src/device/usbd.c.o
                0x00000000100049a8                tud_mounted
 .text.tud_suspended
                0x00000000100049b8       0x10 CMakeFiles/adc_pwm_led.dir/home/rod-0310/pico/pico-sdk/lib/tinyusb/src/device/usbd.c.o
                0x00000000100049b8                tud_suspended
 .text.tud_rhport_init
                0x00000000100049c8       0xf4 CMakeFiles/adc_pwm_led.dir/home/rod-0310/pico/pico-sdk/lib/tinyusb/src/device/usbd.c.o
                0x00000000100049c8                tud_rhport_init
 .text.tud_task_ext
                0x0000000010004abc      0x800 CMakeFiles/adc_pwm_led.dir/home/rod-0310/pico/pico-sdk/lib/tinyusb/src/device/usbd.c.o
                0x0000000010004abc                tud_task_ext
 .text.usbd_open_edpt_pair
                0x00000000100052bc       0x9c CMakeFiles/adc_pwm_led.dir/home/rod-0310/pico/pico-sdk/lib/tinyusb/src/device/usbd.c.o
                0x00000000100052bc                usbd_open_edpt_pair
 .text.usbd_edpt_open
                0x0000000010005358       0x34 CMakeFiles/adc_pwm_led.dir/home/rod-0310/pico/pico-sdk/lib/tinyusb/src/device/usbd.c.o
                0x0000000010005358                usbd_edpt_open
 .text.usbd_edpt_claim
                0x000000001000538c       0x28 CMakeFiles/adc_pwm_led.dir/home/rod-0310/pico/pico-sdk/lib/tinyusb/src/device/usbd.c.o
                0x000000001000538c                usbd_edpt_claim
 .text.usbd_edpt_release
                0x00000000100053b4       0x28 CMakeFiles/adc_pwm_led.dir/home/rod-0310/pico/pico-sdk/lib/tinyusb/src/device/usbd.c.o
                0x00000000100053b4                usbd_edpt_release
 .text.usbd_edpt_xfer
                0x00000000100053dc       0x4c CMakeFiles/adc_pwm_led.dir/home/rod-0310/pico/pico-sdk/lib/tinyusb/src/device/usbd.c.o
                0x00000000100053dc                usbd_edpt_xfer
 .text.tud_control_status
                0x0000000010005428       0x30 CMakeFiles/adc_pwm_led.dir/home/rod-0310/pico/pico-sdk/lib/tinyusb/src/device/usbd_control.c.o
                0x0000000010005428                tud_control_status
 .text.tud_control_xfer
                0x0000000010005458       0xbc CMakeFiles/adc_pwm_led.dir/home/rod-0310/pico/pico-sdk/lib/tinyusb/src/device/usbd_control.c.o
                0x0000000010005458                tud_control_xfer
 .text.usbd_control_reset
                0x0000000010005514       0x14 CMakeFiles/adc_pwm_led.dir/home/rod-0310/pico/pico-sdk/lib/tinyusb/src/device/usbd_control.c.o
                0x0000000010005514                usbd_control_reset
 .text.usbd_control_set_complete_callback
                0x0000000010005528        0xc CMakeFiles/adc_pwm_led.dir/home/rod-0310/pico/pico-sdk/lib/tinyusb/src/device/usbd_control.c.o
                0x0000000010005528                usbd_control_set_complete_callback
 .text.usbd_control_set_request
                0x0000000010005534       0x1c CMakeFiles/adc_pwm_led.dir/home/rod-0310/pico/pico-sdk/lib/tinyusb/src/device/usbd_control.c.o
                0x0000000010005534                usbd_control_set_request
 .text.usbd_control_xfer_cb
                0x0000000010005550       0xf0 CMakeFiles/adc_pwm_led.dir/home/rod-0310/pico/pico-sdk/lib/tinyusb/src/device/usbd_control.c.o
                0x0000000010005550                usbd_control_xfer_cb
 .text._prep_out_transaction.isra.0
                0x0000000010005640       0x6c CMakeFiles/adc_pwm_led.dir/home/rod-0310/pico/pico-sdk/lib/tinyusb/src/class/cdc/cdc_device.c.o
 .text.tud_cdc_n_connected
                0x00000000100056ac       0x2c CMakeFiles/adc_pwm_led.dir/home/rod-0310/pico/pico-sdk/lib/tinyusb/src/class/cdc/cdc_device.c.o
                0x00000000100056ac                tud_cdc_n_connected
 .text.tud_cdc_n_available
                0x00000000100056d8       0x18 CMakeFiles/adc_pwm_led.dir/home/rod-0310/pico/pico-sdk/lib/tinyusb/src/class/cdc/cdc_device.c.o
                0x00000000100056d8                tud_cdc_n_available
 .text.tud_cdc_n_read
                0x00000000100056f0       0x94 CMakeFiles/adc_pwm_led.dir/home/rod-0310/pico/pico-sdk/lib/tinyusb/src/class/cdc/cdc_device.c.o
                0x00000000100056f0                tud_cdc_n_read
 .text.tud_cdc_n_write_flush
                0x0000000010005784       0x78 CMakeFiles/adc_pwm_led.dir/home/rod-0310/pico/pico-sdk/lib/tinyusb/src/class/cdc/cdc_device.c.o
                0x0000000010005784                tud_cdc_n_write_flush
 .text.tud_cdc_n_write
                0x00000000100057fc       0x44 CMakeFiles/adc_pwm_led.dir/home/rod-0310/pico/pico-sdk/lib/tinyusb/src/class/cdc/cdc_device.c.o
                0x00000000100057fc                tud_cdc_n_write
 .text.tud_cdc_n_write_available
                0x0000000010005840       0x18 CMakeFiles/adc_pwm_led.dir/home/rod-0310/pico/pico-sdk/lib/tinyusb/src/class/cdc/cdc_device.c.o
                0x0000000010005840                tud_cdc_n_write_available
 .text.cdcd_init
                0x0000000010005858       0x70 CMakeFiles/adc_pwm_led.dir/home/rod-0310/pico/pico-sdk/lib/tinyusb/src/class/cdc/cdc_device.c.o
                0x0000000010005858                cdcd_init
 .text.cdcd_deinit
                0x00000000100058c8       0x24 CMakeFiles/adc_pwm_led.dir/home/rod-0310/pico/pico-sdk/lib/tinyusb/src/class/cdc/cdc_device.c.o
                0x00000000100058c8                cdcd_deinit
 .text.cdcd_reset
                0x00000000100058ec       0x4c CMakeFiles/adc_pwm_led.dir/home/rod-0310/pico/pico-sdk/lib/tinyusb/src/class/cdc/cdc_device.c.o
                0x00000000100058ec                cdcd_reset
 .text.cdcd_open
                0x0000000010005938       0xa8 CMakeFiles/adc_pwm_led.dir/home/rod-0310/pico/pico-sdk/lib/tinyusb/src/class/cdc/cdc_device.c.o
                0x0000000010005938                cdcd_open
 .text.cdcd_control_xfer_cb
                0x00000000100059e0       0xe8 CMakeFiles/adc_pwm_led.dir/home/rod-0310/pico/pico-sdk/lib/tinyusb/src/class/cdc/cdc_device.c.o
                0x00000000100059e0                cdcd_control_xfer_cb
 .text.cdcd_xfer_cb
                0x0000000010005ac8       0xfc CMakeFiles/adc_pwm_led.dir/home/rod-0310/pico/pico-sdk/lib/tinyusb/src/class/cdc/cdc_device.c.o
                0x0000000010005ac8                cdcd_xfer_cb
 .text.vendord_init
                0x0000000010005bc4       0x5c CMakeFiles/adc_pwm_led.dir/home/rod-0310/pico/pico-sdk/lib/tinyusb/src/class/vendor/vendor_device.c.o
                0x0000000010005bc4                vendord_init
 .text.vendord_deinit
                0x0000000010005c20       0x1c CMakeFiles/adc_pwm_led.dir/home/rod-0310/pico/pico-sdk/lib/tinyusb/src/class/vendor/vendor_device.c.o
                0x0000000010005c20                vendord_deinit
 .text.vendord_reset
                0x0000000010005c3c       0x28 CMakeFiles/adc_pwm_led.dir/home/rod-0310/pico/pico-sdk/lib/tinyusb/src/class/vendor/vendor_device.c.o
                0x0000000010005c3c                vendord_reset
 .text.vendord_open
                0x0000000010005c64      0x128 CMakeFiles/adc_pwm_led.dir/home/rod-0310/pico/pico-sdk/lib/tinyusb/src/class/vendor/vendor_device.c.o
                0x0000000010005c64                vendord_open
 .text.vendord_xfer_cb
                0x0000000010005d8c       0x9c CMakeFiles/adc_pwm_led.dir/home/rod-0310/pico/pico-sdk/lib/tinyusb/src/class/vendor/vendor_device.c.o
                0x0000000010005d8c                vendord_xfer_cb
 .text.tusb_rhport_init
                0x0000000010005e28       0x48 CMakeFiles/adc_pwm_led.dir/home/rod-0310/pico/pico-sdk/lib/tinyusb/src/tusb.c.o
                0x0000000010005e28                tusb_rhport_init
 .text.tu_edpt_claim
                0x0000000010005e70       0x50 CMakeFiles/adc_pwm_led.dir/home/rod-0310/pico/pico-sdk/lib/tinyusb/src/tusb.c.o
                0x0000000010005e70                tu_edpt_claim
 .text.tu_edpt_release
                0x0000000010005ec0       0x38 CMakeFiles/adc_pwm_led.dir/home/rod-0310/pico/pico-sdk/lib/tinyusb/src/tusb.c.o
                0x0000000010005ec0                tu_edpt_release
 .text.tu_edpt_validate
                0x0000000010005ef8       0x78 CMakeFiles/adc_pwm_led.dir/home/rod-0310/pico/pico-sdk/lib/tinyusb/src/tusb.c.o
                0x0000000010005ef8                tu_edpt_validate
 .text.tu_edpt_bind_driver
                0x0000000010005f70       0x34 CMakeFiles/adc_pwm_led.dir/home/rod-0310/pico/pico-sdk/lib/tinyusb/src/tusb.c.o
                0x0000000010005f70                tu_edpt_bind_driver
 .text.tu_edpt_stream_init
                0x0000000010005fa4       0x6c CMakeFiles/adc_pwm_led.dir/home/rod-0310/pico/pico-sdk/lib/tinyusb/src/tusb.c.o
                0x0000000010005fa4                tu_edpt_stream_init
 .text.tu_edpt_stream_deinit
                0x0000000010006010        0x4 CMakeFiles/adc_pwm_led.dir/home/rod-0310/pico/pico-sdk/lib/tinyusb/src/tusb.c.o
                0x0000000010006010                tu_edpt_stream_deinit
 .text.tu_edpt_stream_write_zlp_if_needed
                0x0000000010006014       0x58 CMakeFiles/adc_pwm_led.dir/home/rod-0310/pico/pico-sdk/lib/tinyusb/src/tusb.c.o
                0x0000000010006014                tu_edpt_stream_write_zlp_if_needed
 .text.tu_edpt_stream_write_xfer
                0x000000001000606c       0x64 CMakeFiles/adc_pwm_led.dir/home/rod-0310/pico/pico-sdk/lib/tinyusb/src/tusb.c.o
                0x000000001000606c                tu_edpt_stream_write_xfer
 .text.tu_edpt_stream_read_xfer
                0x00000000100060d0       0xdc CMakeFiles/adc_pwm_led.dir/home/rod-0310/pico/pico-sdk/lib/tinyusb/src/tusb.c.o
                0x00000000100060d0                tu_edpt_stream_read_xfer
 .text.tu_fifo_config
                0x00000000100061ac       0x70 CMakeFiles/adc_pwm_led.dir/home/rod-0310/pico/pico-sdk/lib/tinyusb/src/common/tusb_fifo.c.o
                0x00000000100061ac                tu_fifo_config
 .text.tu_fifo_count
                0x000000001000621c       0x2c CMakeFiles/adc_pwm_led.dir/home/rod-0310/pico/pico-sdk/lib/tinyusb/src/common/tusb_fifo.c.o
                0x000000001000621c                tu_fifo_count
 .text.tu_fifo_empty
                0x0000000010006248       0x10 CMakeFiles/adc_pwm_led.dir/home/rod-0310/pico/pico-sdk/lib/tinyusb/src/common/tusb_fifo.c.o
                0x0000000010006248                tu_fifo_empty
 .text.tu_fifo_remaining
                0x0000000010006258       0x2c CMakeFiles/adc_pwm_led.dir/home/rod-0310/pico/pico-sdk/lib/tinyusb/src/common/tusb_fifo.c.o
                0x0000000010006258                tu_fifo_remaining
 .text.tu_fifo_read
                0x0000000010006284       0xa0 CMakeFiles/adc_pwm_led.dir/home/rod-0310/pico/pico-sdk/lib/tinyusb/src/common/tusb_fifo.c.o
                0x0000000010006284                tu_fifo_read
 .text.tu_fifo_read_n
                0x0000000010006324       0xec CMakeFiles/adc_pwm_led.dir/home/rod-0310/pico/pico-sdk/lib/tinyusb/src/common/tusb_fifo.c.o
                0x0000000010006324                tu_fifo_read_n
 .text.tu_fifo_write
                0x0000000010006410       0x88 CMakeFiles/adc_pwm_led.dir/home/rod-0310/pico/pico-sdk/lib/tinyusb/src/common/tusb_fifo.c.o
                0x0000000010006410                tu_fifo_write
 .text.tu_fifo_write_n
                0x0000000010006498      0x168 CMakeFiles/adc_pwm_led.dir/home/rod-0310/pico/pico-sdk/lib/tinyusb/src/common/tusb_fifo.c.o
                0x0000000010006498                tu_fifo_write_n
 .text.tu_fifo_clear
                0x0000000010006600       0x40 CMakeFiles/adc_pwm_led.dir/home/rod-0310/pico/pico-sdk/lib/tinyusb/src/common/tusb_fifo.c.o
                0x0000000010006600                tu_fifo_clear
 .text.tu_fifo_set_overwritable
                0x0000000010006640       0x48 CMakeFiles/adc_pwm_led.dir/home/rod-0310/pico/pico-sdk/lib/tinyusb/src/common/tusb_fifo.c.o
                0x0000000010006640                tu_fifo_set_overwritable
 .text.adc_init
                0x0000000010006688       0x38 CMakeFiles/adc_pwm_led.dir/home/rod-0310/pico/pico-sdk/src/rp2_common/hardware_adc/adc.c.o
                0x0000000010006688                adc_init
 .text.cyw43_arch_set_async_context
                0x00000000100066c0        0xc CMakeFiles/adc_pwm_led.dir/home/rod-0310/pico/pico-sdk/src/rp2_common/pico_cyw43_arch/cyw43_arch.c.o
                0x00000000100066c0                cyw43_arch_set_async_context
 .text.cyw43_arch_gpio_put
                0x00000000100066cc       0x14 CMakeFiles/adc_pwm_led.dir/home/rod-0310/pico/pico-sdk/src/rp2_common/pico_cyw43_arch/cyw43_arch.c.o
                0x00000000100066cc                cyw43_arch_gpio_put
 .text.cyw43_arch_async_context
                0x00000000100066e0        0xc CMakeFiles/adc_pwm_led.dir/home/rod-0310/pico/pico-sdk/src/rp2_common/pico_cyw43_arch/cyw43_arch.c.o
                0x00000000100066e0                cyw43_arch_async_context
 .text.cyw43_arch_init
                0x00000000100066ec       0x6c CMakeFiles/adc_pwm_led.dir/home/rod-0310/pico/pico-sdk/src/rp2_common/pico_cyw43_arch/cyw43_arch_threadsafe_background.c.o
                0x00000000100066ec                cyw43_arch_init
 .text.ns_delay.constprop.0
                0x0000000010006758       0x20 CMakeFiles/adc_pwm_led.dir/home/rod-0310/pico/pico-sdk/src/rp2_common/pico_cyw43_driver/cyw43_bus_pio_spi.c.o
 .text.cyw43_spi_deinit
                0x0000000010006778       0x6c CMakeFiles/adc_pwm_led.dir/home/rod-0310/pico/pico-sdk/src/rp2_common/pico_cyw43_driver/cyw43_bus_pio_spi.c.o
                0x0000000010006778                cyw43_spi_deinit
 .text.cyw43_spi_init
                0x00000000100067e4      0x12c CMakeFiles/adc_pwm_led.dir/home/rod-0310/pico/pico-sdk/src/rp2_common/pico_cyw43_driver/cyw43_bus_pio_spi.c.o
                0x00000000100067e4                cyw43_spi_init
 .text.cyw43_spi_transfer
                0x0000000010006910      0x410 CMakeFiles/adc_pwm_led.dir/home/rod-0310/pico/pico-sdk/src/rp2_common/pico_cyw43_driver/cyw43_bus_pio_spi.c.o
                0x0000000010006910                cyw43_spi_transfer
 .text.cyw43_spi_gpio_setup
                0x0000000010006d20       0x3c CMakeFiles/adc_pwm_led.dir/home/rod-0310/pico/pico-sdk/src/rp2_common/pico_cyw43_driver/cyw43_bus_pio_spi.c.o
                0x0000000010006d20                cyw43_spi_gpio_setup
 .text.cyw43_spi_reset
                0x0000000010006d5c       0x28 CMakeFiles/adc_pwm_led.dir/home/rod-0310/pico/pico-sdk/src/rp2_common/pico_cyw43_driver/cyw43_bus_pio_spi.c.o
                0x0000000010006d5c                cyw43_spi_reset
 .text.read_reg_u32_swap
                0x0000000010006d84       0x3c CMakeFiles/adc_pwm_led.dir/home/rod-0310/pico/pico-sdk/src/rp2_common/pico_cyw43_driver/cyw43_bus_pio_spi.c.o
                0x0000000010006d84                read_reg_u32_swap
 .text.cyw43_read_reg_u32
                0x0000000010006dc0       0x6c CMakeFiles/adc_pwm_led.dir/home/rod-0310/pico/pico-sdk/src/rp2_common/pico_cyw43_driver/cyw43_bus_pio_spi.c.o
                0x0000000010006dc0                cyw43_read_reg_u32
 .text.cyw43_read_reg_u16
                0x0000000010006e2c       0x6c CMakeFiles/adc_pwm_led.dir/home/rod-0310/pico/pico-sdk/src/rp2_common/pico_cyw43_driver/cyw43_bus_pio_spi.c.o
                0x0000000010006e2c                cyw43_read_reg_u16
 .text.cyw43_read_reg_u8
                0x0000000010006e98       0x6c CMakeFiles/adc_pwm_led.dir/home/rod-0310/pico/pico-sdk/src/rp2_common/pico_cyw43_driver/cyw43_bus_pio_spi.c.o
                0x0000000010006e98                cyw43_read_reg_u8
 .text.write_reg_u32_swap
                0x0000000010006f04      0x208 CMakeFiles/adc_pwm_led.dir/home/rod-0310/pico/pico-sdk/src/rp2_common/pico_cyw43_driver/cyw43_bus_pio_spi.c.o
                0x0000000010006f04                write_reg_u32_swap
 .text.cyw43_write_reg_u32
                0x000000001000710c      0x228 CMakeFiles/adc_pwm_led.dir/home/rod-0310/pico/pico-sdk/src/rp2_common/pico_cyw43_driver/cyw43_bus_pio_spi.c.o
                0x000000001000710c                cyw43_write_reg_u32
 .text.cyw43_write_reg_u16
                0x0000000010007334      0x228 CMakeFiles/adc_pwm_led.dir/home/rod-0310/pico/pico-sdk/src/rp2_common/pico_cyw43_driver/cyw43_bus_pio_spi.c.o
                0x0000000010007334                cyw43_write_reg_u16
 .text.cyw43_write_reg_u8
                0x000000001000755c      0x228 CMakeFiles/adc_pwm_led.dir/home/rod-0310/pico/pico-sdk/src/rp2_common/pico_cyw43_driver/cyw43_bus_pio_spi.c.o
                0x000000001000755c                cyw43_write_reg_u8
 .text.cyw43_read_bytes
                0x0000000010007784       0x78 CMakeFiles/adc_pwm_led.dir/home/rod-0310/pico/pico-sdk/src/rp2_common/pico_cyw43_driver/cyw43_bus_pio_spi.c.o
                0x0000000010007784                cyw43_read_bytes
 .text.cyw43_write_bytes
                0x00000000100077fc       0xec CMakeFiles/adc_pwm_led.dir/home/rod-0310/pico/pico-sdk/src/rp2_common/pico_cyw43_driver/cyw43_bus_pio_spi.c.o
                0x00000000100077fc                cyw43_write_bytes
 .text.cyw43_set_backplane_window
                0x00000000100078e8       0x64 CMakeFiles/adc_pwm_led.dir/home/rod-0310/pico/pico-sdk/lib/cyw43-driver/src/cyw43_ll.c.o
 .text.cyw43_ll_parse_async_event
                0x000000001000794c      0x13c CMakeFiles/adc_pwm_led.dir/home/rod-0310/pico/pico-sdk/lib/cyw43-driver/src/cyw43_ll.c.o
 .text.cyw43_kso_set
                0x0000000010007a88       0xa0 CMakeFiles/adc_pwm_led.dir/home/rod-0310/pico/pico-sdk/lib/cyw43-driver/src/cyw43_ll.c.o
 .text.cyw43_ll_sdpcm_poll_device
                0x0000000010007b28      0x238 CMakeFiles/adc_pwm_led.dir/home/rod-0310/pico/pico-sdk/lib/cyw43-driver/src/cyw43_ll.c.o
 .text.cyw43_sdpcm_send_common
                0x0000000010007d60       0xf8 CMakeFiles/adc_pwm_led.dir/home/rod-0310/pico/pico-sdk/lib/cyw43-driver/src/cyw43_ll.c.o
 .text.cyw43_do_ioctl.part.0
                0x0000000010007e58       0xc4 CMakeFiles/adc_pwm_led.dir/home/rod-0310/pico/pico-sdk/lib/cyw43-driver/src/cyw43_ll.c.o
 .text.cyw43_download_resource
                0x0000000010007f1c       0xd0 CMakeFiles/adc_pwm_led.dir/home/rod-0310/pico/pico-sdk/lib/cyw43-driver/src/cyw43_ll.c.o
 .text.cyw43_write_iovar_n
                0x0000000010007fec       0x8c CMakeFiles/adc_pwm_led.dir/home/rod-0310/pico/pico-sdk/lib/cyw43-driver/src/cyw43_ll.c.o
 .text.cyw43_write_iovar_u32
                0x0000000010008078       0xa4 CMakeFiles/adc_pwm_led.dir/home/rod-0310/pico/pico-sdk/lib/cyw43-driver/src/cyw43_ll.c.o
 .text.cyw43_read_backplane.constprop.0
                0x000000001000811c       0xdc CMakeFiles/adc_pwm_led.dir/home/rod-0310/pico/pico-sdk/lib/cyw43-driver/src/cyw43_ll.c.o
 .text.cyw43_write_backplane
                0x00000000100081f8      0x104 CMakeFiles/adc_pwm_led.dir/home/rod-0310/pico/pico-sdk/lib/cyw43-driver/src/cyw43_ll.c.o
 .text.reset_device_core.constprop.0
                0x00000000100082fc      0x3f0 CMakeFiles/adc_pwm_led.dir/home/rod-0310/pico/pico-sdk/lib/cyw43-driver/src/cyw43_ll.c.o
 .text.cyw43_ll_init
                0x00000000100086ec       0x1c CMakeFiles/adc_pwm_led.dir/home/rod-0310/pico/pico-sdk/lib/cyw43-driver/src/cyw43_ll.c.o
                0x00000000100086ec                cyw43_ll_init
 .text.cyw43_ll_deinit
                0x0000000010008708        0x8 CMakeFiles/adc_pwm_led.dir/home/rod-0310/pico/pico-sdk/lib/cyw43-driver/src/cyw43_ll.c.o
                0x0000000010008708                cyw43_ll_deinit
 .text.cyw43_ll_process_packets
                0x0000000010008710       0x54 CMakeFiles/adc_pwm_led.dir/home/rod-0310/pico/pico-sdk/lib/cyw43-driver/src/cyw43_ll.c.o
                0x0000000010008710                cyw43_ll_process_packets
 .text.cyw43_ll_ioctl
                0x0000000010008764       0x80 CMakeFiles/adc_pwm_led.dir/home/rod-0310/pico/pico-sdk/lib/cyw43-driver/src/cyw43_ll.c.o
                0x0000000010008764                cyw43_ll_ioctl
 .text.cyw43_ll_bus_sleep
                0x00000000100087e4       0x34 CMakeFiles/adc_pwm_led.dir/home/rod-0310/pico/pico-sdk/lib/cyw43-driver/src/cyw43_ll.c.o
                0x00000000100087e4                cyw43_ll_bus_sleep
 .text.cyw43_ll_wifi_get_mac
                0x0000000010008818       0x74 CMakeFiles/adc_pwm_led.dir/home/rod-0310/pico/pico-sdk/lib/cyw43-driver/src/cyw43_ll.c.o
                0x0000000010008818                cyw43_ll_wifi_get_mac
 .text.cyw43_ll_bus_init
                0x000000001000888c      0x90c CMakeFiles/adc_pwm_led.dir/home/rod-0310/pico/pico-sdk/lib/cyw43-driver/src/cyw43_ll.c.o
                0x000000001000888c                cyw43_ll_bus_init
 .text.cyw43_ll_wifi_set_wpa_auth
                0x0000000010009198       0x4c CMakeFiles/adc_pwm_led.dir/home/rod-0310/pico/pico-sdk/lib/cyw43-driver/src/cyw43_ll.c.o
                0x0000000010009198                cyw43_ll_wifi_set_wpa_auth
 .text.cyw43_ll_wifi_rejoin
                0x00000000100091e4       0x58 CMakeFiles/adc_pwm_led.dir/home/rod-0310/pico/pico-sdk/lib/cyw43-driver/src/cyw43_ll.c.o
                0x00000000100091e4                cyw43_ll_wifi_rejoin
 .text.cyw43_ll_gpio_set
                0x000000001000923c       0x9c CMakeFiles/adc_pwm_led.dir/home/rod-0310/pico/pico-sdk/lib/cyw43-driver/src/cyw43_ll.c.o
                0x000000001000923c                cyw43_ll_gpio_set
 .text.cyw43_ll_has_work
                0x00000000100092d8       0x14 CMakeFiles/adc_pwm_led.dir/home/rod-0310/pico/pico-sdk/lib/cyw43-driver/src/cyw43_ll.c.o
                0x00000000100092d8                cyw43_ll_has_work
 .text.cyw43_poll_func
                0x00000000100092ec       0xc0 CMakeFiles/adc_pwm_led.dir/home/rod-0310/pico/pico-sdk/lib/cyw43-driver/src/cyw43_ctrl.c.o
 .text.cyw43_init
                0x00000000100093ac       0x6c CMakeFiles/adc_pwm_led.dir/home/rod-0310/pico/pico-sdk/lib/cyw43-driver/src/cyw43_ctrl.c.o
                0x00000000100093ac                cyw43_init
 .text.cyw43_deinit
                0x0000000010009418       0x90 CMakeFiles/adc_pwm_led.dir/home/rod-0310/pico/pico-sdk/lib/cyw43-driver/src/cyw43_ctrl.c.o
                0x0000000010009418                cyw43_deinit
 .text.cyw43_cb_read_host_interrupt_pin
                0x00000000100094a8        0xc CMakeFiles/adc_pwm_led.dir/home/rod-0310/pico/pico-sdk/lib/cyw43-driver/src/cyw43_ctrl.c.o
                0x00000000100094a8                cyw43_cb_read_host_interrupt_pin
 .text.cyw43_cb_ensure_awake
                0x00000000100094b4        0xc CMakeFiles/adc_pwm_led.dir/home/rod-0310/pico/pico-sdk/lib/cyw43-driver/src/cyw43_ctrl.c.o
                0x00000000100094b4                cyw43_cb_ensure_awake
 .text.cyw43_cb_process_async_event
                0x00000000100094c0      0x234 CMakeFiles/adc_pwm_led.dir/home/rod-0310/pico/pico-sdk/lib/cyw43-driver/src/cyw43_ctrl.c.o
                0x00000000100094c0                cyw43_cb_process_async_event
 .text.cyw43_gpio_set
                0x00000000100096f4       0xa0 CMakeFiles/adc_pwm_led.dir/home/rod-0310/pico/pico-sdk/lib/cyw43-driver/src/cyw43_ctrl.c.o
                0x00000000100096f4                cyw43_gpio_set
 .text.pio_sm_set_pindirs_with_mask64
                0x0000000010009794       0xa4 CMakeFiles/adc_pwm_led.dir/home/rod-0310/pico/pico-sdk/src/rp2_common/hardware_pio/pio.c.o
                0x0000000010009794                pio_sm_set_pindirs_with_mask64
 .text.pio_sm_set_consecutive_pindirs
                0x0000000010009838       0xbc CMakeFiles/adc_pwm_led.dir/home/rod-0310/pico/pico-sdk/src/rp2_common/hardware_pio/pio.c.o
                0x0000000010009838                pio_sm_set_consecutive_pindirs
 .text.pio_claim_free_sm_and_add_program_for_gpio_range
                0x00000000100098f4      0x190 CMakeFiles/adc_pwm_led.dir/home/rod-0310/pico/pico-sdk/src/rp2_common/hardware_pio/pio.c.o
                0x00000000100098f4                pio_claim_free_sm_and_add_program_for_gpio_range
 .text.pio_remove_program_and_unclaim_sm
                0x0000000010009a84       0x40 CMakeFiles/adc_pwm_led.dir/home/rod-0310/pico/pico-sdk/src/rp2_common/hardware_pio/pio.c.o
                0x0000000010009a84                pio_remove_program_and_unclaim_sm
 .text.dma_channel_unclaim
                0x0000000010009ac4       0x10 CMakeFiles/adc_pwm_led.dir/home/rod-0310/pico/pico-sdk/src/rp2_common/hardware_dma/dma.c.o
                0x0000000010009ac4                dma_channel_unclaim
 .text.dma_claim_unused_channel
                0x0000000010009ad4       0x20 CMakeFiles/adc_pwm_led.dir/home/rod-0310/pico/pico-sdk/src/rp2_common/hardware_dma/dma.c.o
                0x0000000010009ad4                dma_claim_unused_channel
 .text.dma_channel_cleanup
                0x0000000010009af4       0x64 CMakeFiles/adc_pwm_led.dir/home/rod-0310/pico/pico-sdk/src/rp2_common/hardware_dma/dma.c.o
                0x0000000010009af4                dma_channel_cleanup
 .text.cyw43_sleep_timeout_reached
                0x0000000010009b58       0x10 CMakeFiles/adc_pwm_led.dir/home/rod-0310/pico/pico-sdk/src/rp2_common/pico_cyw43_driver/cyw43_driver.c.o
 .text.cyw43_irq_init
                0x0000000010009b68       0x28 CMakeFiles/adc_pwm_led.dir/home/rod-0310/pico/pico-sdk/src/rp2_common/pico_cyw43_driver/cyw43_driver.c.o
                0x0000000010009b68                cyw43_irq_init
 .text.cyw43_irq_deinit
                0x0000000010009b90       0x20 CMakeFiles/adc_pwm_led.dir/home/rod-0310/pico/pico-sdk/src/rp2_common/pico_cyw43_driver/cyw43_driver.c.o
                0x0000000010009b90                cyw43_irq_deinit
 .text.cyw43_gpio_irq_handler
                0x0000000010009bb0       0x44 CMakeFiles/adc_pwm_led.dir/home/rod-0310/pico/pico-sdk/src/rp2_common/pico_cyw43_driver/cyw43_driver.c.o
 .text.cyw43_do_poll
                0x0000000010009bf4       0x6c CMakeFiles/adc_pwm_led.dir/home/rod-0310/pico/pico-sdk/src/rp2_common/pico_cyw43_driver/cyw43_driver.c.o
 .text.cyw43_post_poll_hook
                0x0000000010009c60       0x10 CMakeFiles/adc_pwm_led.dir/home/rod-0310/pico/pico-sdk/src/rp2_common/pico_cyw43_driver/cyw43_driver.c.o
                0x0000000010009c60                cyw43_post_poll_hook
 .text.cyw43_schedule_internal_poll_dispatch
                0x0000000010009c70       0x18 CMakeFiles/adc_pwm_led.dir/home/rod-0310/pico/pico-sdk/src/rp2_common/pico_cyw43_driver/cyw43_driver.c.o
                0x0000000010009c70                cyw43_schedule_internal_poll_dispatch
 .text.cyw43_driver_init
                0x0000000010009c88       0x38 CMakeFiles/adc_pwm_led.dir/home/rod-0310/pico/pico-sdk/src/rp2_common/pico_cyw43_driver/cyw43_driver.c.o
                0x0000000010009c88                cyw43_driver_init
 .text.cyw43_driver_deinit
                0x0000000010009cc0       0x44 CMakeFiles/adc_pwm_led.dir/home/rod-0310/pico/pico-sdk/src/rp2_common/pico_cyw43_driver/cyw43_driver.c.o
                0x0000000010009cc0                cyw43_driver_deinit
 .text.cyw43_hal_generate_laa_mac
                0x0000000010009d04       0x28 CMakeFiles/adc_pwm_led.dir/home/rod-0310/pico/pico-sdk/src/rp2_common/pico_cyw43_driver/cyw43_driver.c.o
                0x0000000010009d04                cyw43_hal_generate_laa_mac
 .text.cyw43_thread_enter
                0x0000000010009d2c       0x14 CMakeFiles/adc_pwm_led.dir/home/rod-0310/pico/pico-sdk/src/rp2_common/pico_cyw43_driver/cyw43_driver.c.o
                0x0000000010009d2c                cyw43_thread_enter
 .text.cyw43_thread_exit
                0x0000000010009d40       0x14 CMakeFiles/adc_pwm_led.dir/home/rod-0310/pico/pico-sdk/src/rp2_common/pico_cyw43_driver/cyw43_driver.c.o
                0x0000000010009d40                cyw43_thread_exit
 .text.cyw43_await_background_or_timeout_us
                0x0000000010009d54       0x60 CMakeFiles/adc_pwm_led.dir/home/rod-0310/pico/pico-sdk/src/rp2_common/pico_cyw43_driver/cyw43_driver.c.o
                0x0000000010009d54                cyw43_await_background_or_timeout_us
 .text.cyw43_delay_ms
                0x0000000010009db4       0x44 CMakeFiles/adc_pwm_led.dir/home/rod-0310/pico/pico-sdk/src/rp2_common/pico_cyw43_driver/cyw43_driver.c.o
                0x0000000010009db4                cyw43_delay_ms
 .text.cyw43_cb_tcpip_deinit
                0x0000000010009df8        0x4 CMakeFiles/adc_pwm_led.dir/home/rod-0310/pico/pico-sdk/src/rp2_common/pico_cyw43_driver/cyw43_driver.c.o
                0x0000000010009df8                cyw43_cb_tcpip_deinit
 .text.cyw43_cb_tcpip_set_link_up
                0x0000000010009dfc        0xc CMakeFiles/adc_pwm_led.dir/home/rod-0310/pico/pico-sdk/src/rp2_common/pico_cyw43_driver/cyw43_driver.c.o
                0x0000000010009dfc                cyw43_cb_tcpip_set_link_up
 .text.cyw43_cb_tcpip_set_link_down
                0x0000000010009e08        0xc CMakeFiles/adc_pwm_led.dir/home/rod-0310/pico/pico-sdk/src/rp2_common/pico_cyw43_driver/cyw43_driver.c.o
                0x0000000010009e08                cyw43_cb_tcpip_set_link_down
 .text.cyw43_cb_process_ethernet
                0x0000000010009e14        0xc CMakeFiles/adc_pwm_led.dir/home/rod-0310/pico/pico-sdk/src/rp2_common/pico_cyw43_driver/cyw43_driver.c.o
                0x0000000010009e14                cyw43_cb_process_ethernet
 .text.async_context_threadsafe_background_acquire_lock_blocking
                0x0000000010009e20        0xc CMakeFiles/adc_pwm_led.dir/home/rod-0310/pico/pico-sdk/src/rp2_common/pico_async_context/async_context_threadsafe_background.c.o
 .text.alarm_handler
                0x0000000010009e2c       0x20 CMakeFiles/adc_pwm_led.dir/home/rod-0310/pico/pico-sdk/src/rp2_common/pico_async_context/async_context_threadsafe_background.c.o
 .text.async_context_threadsafe_background_set_work_pending
                0x0000000010009e4c       0x1c CMakeFiles/adc_pwm_led.dir/home/rod-0310/pico/pico-sdk/src/rp2_common/pico_async_context/async_context_threadsafe_background.c.o
 .text.process_under_lock
                0x0000000010009e68       0xc8 CMakeFiles/adc_pwm_led.dir/home/rod-0310/pico/pico-sdk/src/rp2_common/pico_async_context/async_context_threadsafe_background.c.o
 .text.async_context_threadsafe_background_execute_sync
                0x0000000010009f30       0x30 CMakeFiles/adc_pwm_led.dir/home/rod-0310/pico/pico-sdk/src/rp2_common/pico_async_context/async_context_threadsafe_background.c.o
                0x0000000010009f30                async_context_threadsafe_background_execute_sync
 .text.async_context_threadsafe_background_deinit
                0x0000000010009f60       0x54 CMakeFiles/adc_pwm_led.dir/home/rod-0310/pico/pico-sdk/src/rp2_common/pico_async_context/async_context_threadsafe_background.c.o
 .text.low_priority_irq_handler
                0x0000000010009fb4       0x3c CMakeFiles/adc_pwm_led.dir/home/rod-0310/pico/pico-sdk/src/rp2_common/pico_async_context/async_context_threadsafe_background.c.o
 .text.async_context_threadsafe_background_wait_for_work_until
                0x0000000010009ff0        0xc CMakeFiles/adc_pwm_led.dir/home/rod-0310/pico/pico-sdk/src/rp2_common/pico_async_context/async_context_threadsafe_background.c.o
 .text.async_context_threadsafe_background_wait_until
                0x0000000010009ffc       0x1c CMakeFiles/adc_pwm_led.dir/home/rod-0310/pico/pico-sdk/src/rp2_common/pico_async_context/async_context_threadsafe_background.c.o
 .text.async_context_threadsafe_background_lock_check
                0x000000001000a018       0x28 CMakeFiles/adc_pwm_led.dir/home/rod-0310/pico/pico-sdk/src/rp2_common/pico_async_context/async_context_threadsafe_background.c.o
 .text.async_context_threadsafe_background_release_lock
                0x000000001000a040       0x1c CMakeFiles/adc_pwm_led.dir/home/rod-0310/pico/pico-sdk/src/rp2_common/pico_async_context/async_context_threadsafe_background.c.o
 .text.async_context_threadsafe_background_when_pending_worker
                0x000000001000a05c       0x34 CMakeFiles/adc_pwm_led.dir/home/rod-0310/pico/pico-sdk/src/rp2_common/pico_async_context/async_context_threadsafe_background.c.o
 .text.async_context_threadsafe_background_remove_at_time_worker
                0x000000001000a090       0x34 CMakeFiles/adc_pwm_led.dir/home/rod-0310/pico/pico-sdk/src/rp2_common/pico_async_context/async_context_threadsafe_background.c.o
 .text.async_context_threadsafe_background_add_when_pending_worker
                0x000000001000a0c4       0x34 CMakeFiles/adc_pwm_led.dir/home/rod-0310/pico/pico-sdk/src/rp2_common/pico_async_context/async_context_threadsafe_background.c.o
 .text.async_context_threadsafe_background_add_at_time_worker
                0x000000001000a0f8       0x34 CMakeFiles/adc_pwm_led.dir/home/rod-0310/pico/pico-sdk/src/rp2_common/pico_async_context/async_context_threadsafe_background.c.o
 .text.async_context_threadsafe_background_default_config
                0x000000001000a12c        0xc CMakeFiles/adc_pwm_led.dir/home/rod-0310/pico/pico-sdk/src/rp2_common/pico_async_context/async_context_threadsafe_background.c.o
                0x000000001000a12c                async_context_threadsafe_background_default_config
 .text.async_context_threadsafe_background_init
                0x000000001000a138       0x8c CMakeFiles/adc_pwm_led.dir/home/rod-0310/pico/pico-sdk/src/rp2_common/pico_async_context/async_context_threadsafe_background.c.o
                0x000000001000a138                async_context_threadsafe_background_init
 .text.async_context_base_add_at_time_worker
                0x000000001000a1c4       0x28 CMakeFiles/adc_pwm_led.dir/home/rod-0310/pico/pico-sdk/src/rp2_common/pico_async_context/async_context_base.c.o
                0x000000001000a1c4                async_context_base_add_at_time_worker
 .text.async_context_base_remove_at_time_worker
                0x000000001000a1ec       0x28 CMakeFiles/adc_pwm_led.dir/home/rod-0310/pico/pico-sdk/src/rp2_common/pico_async_context/async_context_base.c.o
                0x000000001000a1ec                async_context_base_remove_at_time_worker
 .text.async_context_base_add_when_pending_worker
                0x000000001000a214       0x24 CMakeFiles/adc_pwm_led.dir/home/rod-0310/pico/pico-sdk/src/rp2_common/pico_async_context/async_context_base.c.o
                0x000000001000a214                async_context_base_add_when_pending_worker
 .text.async_context_base_remove_when_pending_worker
                0x000000001000a238       0x28 CMakeFiles/adc_pwm_led.dir/home/rod-0310/pico/pico-sdk/src/rp2_common/pico_async_context/async_context_base.c.o
                0x000000001000a238                async_context_base_remove_when_pending_worker
 .text.async_context_base_execute_once
                0x000000001000a260       0xe8 CMakeFiles/adc_pwm_led.dir/home/rod-0310/pico/pico-sdk/src/rp2_common/pico_async_context/async_context_base.c.o
                0x000000001000a260                async_context_base_execute_once
 .text          0x000000001000a348       0xac /usr/lib/gcc/arm-none-eabi/10.3.1/../../../arm-none-eabi/lib/thumb/v6-m/nofp/libg.a(lib_a-memmove.o)
                0x000000001000a348                memmove
 .text          0x000000001000a3f4       0x5c /usr/lib/gcc/arm-none-eabi/10.3.1/../../../arm-none-eabi/lib/thumb/v6-m/nofp/libg.a(lib_a-strlen-stub.o)
                0x000000001000a3f4                strlen
 .text          0x000000001000a450       0x74 /usr/lib/gcc/arm-none-eabi/10.3.1/../../../arm-none-eabi/lib/thumb/v6-m/nofp/libg.a(lib_a-strncmp.o)
                0x000000001000a450                strncmp
 *(.fini)
 .fini          0x000000001000a4c4        0x4 /usr/lib/gcc/arm-none-eabi/10.3.1/thumb/v6-m/nofp/crti.o
                0x000000001000a4c4                _fini
 .fini.__stub   0x000000001000a4c8      0x120 linker stubs
 *crtbegin.o(.ctors)
 *crtbegin?.o(.ctors)
 *(EXCLUDE_FILE(*crtend.o *crtend?.o) .ctors)
 *(SORT_BY_NAME(.ctors.*))
 *(.ctors)
 *crtbegin.o(.dtors)
 *crtbegin?.o(.dtors)
 *(EXCLUDE_FILE(*crtend.o *crtend?.o) .dtors)
 *(SORT_BY_NAME(.dtors.*))
 *(.dtors)
                0x000000001000a5e8                . = ALIGN (0x4)
                0x000000001000a5e8                PROVIDE (__preinit_array_start = .)
 *(SORT_BY_NAME(.preinit_array.*))
 .preinit_array.00100
                0x000000001000a5e8        0x4 CMakeFiles/adc_pwm_led.dir/home/rod-0310/pico/pico-sdk/src/rp2_common/pico_runtime_init/runtime_init.c.o
                0x000000001000a5e8                __pre_init_runtime_init_early_resets
 .preinit_array.00101
                0x000000001000a5ec        0x4 CMakeFiles/adc_pwm_led.dir/home/rod-0310/pico/pico-sdk/src/rp2_common/pico_runtime_init/runtime_init.c.o
                0x000000001000a5ec                __pre_init_runtime_init_usb_power_down
 .preinit_array.00275
                0x000000001000a5f0        0x4 CMakeFiles/adc_pwm_led.dir/home/rod-0310/pico/pico-sdk/src/rp2_common/pico_bit_ops/bit_ops_aeabi.S.o
 .preinit_array.00300
                0x000000001000a5f4        0x4 CMakeFiles/adc_pwm_led.dir/home/rod-0310/pico/pico-sdk/src/rp2_common/pico_mem_ops/mem_ops_aeabi.S.o
 .preinit_array.00350
                0x000000001000a5f8        0x4 CMakeFiles/adc_pwm_led.dir/home/rod-0310/pico/pico-sdk/src/rp2_common/pico_double/double_aeabi_rp2040.S.o
 .preinit_array.00350
                0x000000001000a5fc        0x4 CMakeFiles/adc_pwm_led.dir/home/rod-0310/pico/pico-sdk/src/rp2_common/pico_float/float_aeabi_rp2040.S.o
 .preinit_array.00500
                0x000000001000a600        0x4 CMakeFiles/adc_pwm_led.dir/home/rod-0310/pico/pico-sdk/src/rp2_common/pico_runtime_init/runtime_init.c.o
                0x000000001000a600                __pre_init_runtime_init_clocks
 .preinit_array.00600
                0x000000001000a604        0x4 CMakeFiles/adc_pwm_led.dir/home/rod-0310/pico/pico-sdk/src/rp2_common/pico_runtime_init/runtime_init.c.o
                0x000000001000a604                __pre_init_runtime_init_post_clock_resets
 .preinit_array.00700
                0x000000001000a608        0x4 CMakeFiles/adc_pwm_led.dir/home/rod-0310/pico/pico-sdk/src/rp2_common/pico_runtime_init/runtime_init.c.o
                0x000000001000a608                __pre_init_runtime_init_rp2040_gpio_ie_disable
 .preinit_array.01000
                0x000000001000a60c        0x4 CMakeFiles/adc_pwm_led.dir/home/rod-0310/pico/pico-sdk/src/rp2_common/pico_runtime_init/runtime_init.c.o
                0x000000001000a60c                __pre_init_runtime_init_spin_locks_reset
 .preinit_array.01100
                0x000000001000a610        0x4 CMakeFiles/adc_pwm_led.dir/home/rod-0310/pico/pico-sdk/src/common/pico_sync/mutex.c.o
                0x000000001000a610                __pre_init_runtime_init_mutex
 .preinit_array.10080
                0x000000001000a614        0x4 CMakeFiles/adc_pwm_led.dir/home/rod-0310/pico/pico-sdk/src/rp2_common/pico_runtime_init/runtime_init.c.o
                0x000000001000a614                __pre_init_runtime_init_install_ram_vector_table
 .preinit_array.11000
                0x000000001000a618        0x4 CMakeFiles/adc_pwm_led.dir/home/rod-0310/pico/pico-sdk/src/common/pico_time/time.c.o
                0x000000001000a618                __pre_init_runtime_init_default_alarm_pool
 .preinit_array.YYYYY
                0x000000001000a61c        0x4 CMakeFiles/adc_pwm_led.dir/home/rod-0310/pico/pico-sdk/src/rp2_common/pico_runtime/runtime.c.o
                0x000000001000a61c                __pre_init_first_per_core_initializer
 .preinit_array.ZZZZZ.01200
                0x000000001000a620        0x4 CMakeFiles/adc_pwm_led.dir/home/rod-0310/pico/pico-sdk/src/rp2_common/hardware_irq/irq.c.o
                0x000000001000a620                __pre_init_runtime_init_per_core_irq_priorities
 *(.preinit_array)
                0x000000001000a624                PROVIDE (__preinit_array_end = .)
                0x000000001000a624                . = ALIGN (0x4)
                0x000000001000a624                PROVIDE (__init_array_start = .)
 *(SORT_BY_NAME(.init_array.*))
 *(.init_array)
 .init_array    0x000000001000a624        0x4 /usr/lib/gcc/arm-none-eabi/10.3.1/thumb/v6-m/nofp/crtbegin.o
 .init_array    0x000000001000a628        0x4 CMakeFiles/adc_pwm_led.dir/home/rod-0310/pico/pico-sdk/src/rp2_common/pico_unique_id/unique_id.c.o
                0x000000001000a62c                PROVIDE (__init_array_end = .)
                0x000000001000a62c                . = ALIGN (0x4)
                0x000000001000a62c                PROVIDE (__fini_array_start = .)
 *(SORT_BY_NAME(.fini_array.*))
 *(.fini_array)
                0x000000001000a62c                PROVIDE (__fini_array_end = .)
 *(.eh_frame*)
 .eh_frame      0x000000001000a62c        0x0 /usr/lib/gcc/arm-none-eabi/10.3.1/thumb/v6-m/nofp/crtbegin.o
                0x000000001000a62c                . = ALIGN (0x4)

.glue_7         0x000000001000a62c        0x0
 .glue_7        0x000000001000a62c        0x0 linker stubs

.glue_7t        0x000000001000a62c        0x0
 .glue_7t       0x000000001000a62c        0x0 linker stubs

.vfp11_veneer   0x000000001000a62c        0x0
 .vfp11_veneer  0x000000001000a62c        0x0 linker stubs

.v4_bx          0x000000001000a62c        0x0
 .v4_bx         0x000000001000a62c        0x0 linker stubs

.iplt           0x000000001000a62c        0x0
 .iplt          0x000000001000a62c        0x0 /usr/lib/gcc/arm-none-eabi/10.3.1/thumb/v6-m/nofp/crtbegin.o

.rodata         0x000000001000a630    0x37f94
 *(EXCLUDE_FILE(*libm.a: *libc.a:*lib_a-mem*.o *libgcc.a:) .rodata*)
 .rodata.main.str1.4
                0x000000001000a630       0x77 CMakeFiles/adc_pwm_led.dir/adc_pwm_led.c.o
 *fill*         0x000000001000a6a7        0x1 
 .rodata.panic.str1.4
                0x000000001000a6a8       0x10 CMakeFiles/adc_pwm_led.dir/home/rod-0310/pico/pico-sdk/src/rp2_common/pico_platform_panic/panic.c.o
                                         0x12 (size before relaxing)
 .rodata.spin_lock_claim_unused.str1.4
                0x000000001000a6b8       0x1b CMakeFiles/adc_pwm_led.dir/home/rod-0310/pico/pico-sdk/src/rp2_common/hardware_sync/sync.c.o
 *fill*         0x000000001000a6d3        0x1 
 .rodata.user_irq_claim_unused.str1.4
                0x000000001000a6d4       0x1b CMakeFiles/adc_pwm_led.dir/home/rod-0310/pico/pico-sdk/src/rp2_common/hardware_irq/irq.c.o
 *fill*         0x000000001000a6ef        0x1 
 .rodata.at_the_end_of_time
                0x000000001000a6f0        0x8 CMakeFiles/adc_pwm_led.dir/home/rod-0310/pico/pico-sdk/src/common/pico_time/time.c.o
                0x000000001000a6f0                at_the_end_of_time
 .rodata.timer_hardware_alarm_claim.str1.4
                0x000000001000a6f8       0x22 CMakeFiles/adc_pwm_led.dir/home/rod-0310/pico/pico-sdk/src/rp2_common/hardware_timer/timer.c.o
 *fill*         0x000000001000a71a        0x2 
 .rodata.hard_assertion_failure.str1.4
                0x000000001000a71c        0xc CMakeFiles/adc_pwm_led.dir/home/rod-0310/pico/pico-sdk/src/rp2_common/pico_runtime/runtime.c.o
 .rodata.missing_double_func_shim.str1.4
                0x000000001000a728       0x18 CMakeFiles/adc_pwm_led.dir/home/rod-0310/pico/pico-sdk/src/rp2_common/pico_double/double_init_rom_rp2040.c.o
 .rodata.missing_float_func_shim.str1.4
                0x000000001000a740       0x18 CMakeFiles/adc_pwm_led.dir/home/rod-0310/pico/pico-sdk/src/rp2_common/pico_float/float_init_rom_rp2040.c.o
                                          0x1 (size before relaxing)
 .rodata.str1.4
                0x000000001000a740       0x40 CMakeFiles/adc_pwm_led.dir/home/rod-0310/pico/pico-sdk/src/rp2_common/pico_standard_binary_info/standard_binary_info.c.o
 .rodata.__bi_26
                0x000000001000a780        0xc CMakeFiles/adc_pwm_led.dir/home/rod-0310/pico/pico-sdk/src/rp2_common/pico_standard_binary_info/standard_binary_info.c.o
 .rodata.__bi_34
                0x000000001000a78c        0xc CMakeFiles/adc_pwm_led.dir/home/rod-0310/pico/pico-sdk/src/rp2_common/pico_standard_binary_info/standard_binary_info.c.o
 .rodata.__bi_42
                0x000000001000a798        0xc CMakeFiles/adc_pwm_led.dir/home/rod-0310/pico/pico-sdk/src/rp2_common/pico_standard_binary_info/standard_binary_info.c.o
 .rodata.__bi_48
                0x000000001000a7a4        0xc CMakeFiles/adc_pwm_led.dir/home/rod-0310/pico/pico-sdk/src/rp2_common/pico_standard_binary_info/standard_binary_info.c.o
 .rodata.__bi_54
                0x000000001000a7b0        0xc CMakeFiles/adc_pwm_led.dir/home/rod-0310/pico/pico-sdk/src/rp2_common/pico_standard_binary_info/standard_binary_info.c.o
 .rodata.__bi_78
                0x000000001000a7bc        0xc CMakeFiles/adc_pwm_led.dir/home/rod-0310/pico/pico-sdk/src/rp2_common/pico_standard_binary_info/standard_binary_info.c.o
 .rodata.__bi_84
                0x000000001000a7c8        0xc CMakeFiles/adc_pwm_led.dir/home/rod-0310/pico/pico-sdk/src/rp2_common/pico_standard_binary_info/standard_binary_info.c.o
 .rodata._ftoa.str1.4
                0x000000001000a7d4       0x15 CMakeFiles/adc_pwm_led.dir/home/rod-0310/pico/pico-sdk/src/rp2_common/pico_printf/printf.c.o
 *fill*         0x000000001000a7e9        0x3 
 .rodata._vsnprintf
                0x000000001000a7ec      0x1e0 CMakeFiles/adc_pwm_led.dir/home/rod-0310/pico/pico-sdk/src/rp2_common/pico_printf/printf.c.o
 *fill*         0x000000001000a9cc        0x4 
 .rodata.pow10.0
                0x000000001000a9d0       0x50 CMakeFiles/adc_pwm_led.dir/home/rod-0310/pico/pico-sdk/src/rp2_common/pico_printf/printf.c.o
 .rodata.crlf_str.0
                0x000000001000aa20        0x2 CMakeFiles/adc_pwm_led.dir/home/rod-0310/pico/pico-sdk/src/rp2_common/pico_stdio/stdio.c.o
 *fill*         0x000000001000aa22        0x2 
 .rodata._resetd_driver
                0x000000001000aa24       0x20 CMakeFiles/adc_pwm_led.dir/home/rod-0310/pico/pico-sdk/src/rp2_common/pico_stdio_usb/reset_interface.c.o
 .rodata.desc_bos
                0x000000001000aa44       0x21 CMakeFiles/adc_pwm_led.dir/home/rod-0310/pico/pico-sdk/src/rp2_common/pico_stdio_usb/reset_interface.c.o
                0x000000001000aa44                desc_bos
 *fill*         0x000000001000aa65        0x3 
 .rodata.desc_ms_os_20
                0x000000001000aa68       0xa6 CMakeFiles/adc_pwm_led.dir/home/rod-0310/pico/pico-sdk/src/rp2_common/pico_stdio_usb/reset_interface.c.o
 *fill*         0x000000001000ab0e        0x2 
 .rodata.str1.4
                0x000000001000ab10       0x13 CMakeFiles/adc_pwm_led.dir/home/rod-0310/pico/pico-sdk/src/rp2_common/pico_stdio_usb/stdio_usb.c.o
 *fill*         0x000000001000ab23        0x1 
 .rodata.__bi_197.0
                0x000000001000ab24        0xc CMakeFiles/adc_pwm_led.dir/home/rod-0310/pico/pico-sdk/src/rp2_common/pico_stdio_usb/stdio_usb.c.o
 .rodata.str1.4
                0x000000001000ab30       0x2a CMakeFiles/adc_pwm_led.dir/home/rod-0310/pico/pico-sdk/src/rp2_common/pico_stdio_usb/stdio_usb_descriptors.c.o
 *fill*         0x000000001000ab5a        0x2 
 .rodata.usbd_desc_cfg
                0x000000001000ab5c       0x54 CMakeFiles/adc_pwm_led.dir/home/rod-0310/pico/pico-sdk/src/rp2_common/pico_stdio_usb/stdio_usb_descriptors.c.o
 .rodata.usbd_desc_device
                0x000000001000abb0       0x12 CMakeFiles/adc_pwm_led.dir/home/rod-0310/pico/pico-sdk/src/rp2_common/pico_stdio_usb/stdio_usb_descriptors.c.o
 *fill*         0x000000001000abc2        0x2 
 .rodata.usbd_desc_str
                0x000000001000abc4       0x18 CMakeFiles/adc_pwm_led.dir/home/rod-0310/pico/pico-sdk/src/rp2_common/pico_stdio_usb/stdio_usb_descriptors.c.o
 .rodata.str1.4
                0x000000001000abdc       0x14 CMakeFiles/adc_pwm_led.dir/home/rod-0310/pico/pico-sdk/lib/tinyusb/src/portable/raspberrypi/rp2040/dcd_rp2040.c.o
 .rodata.str1.4
                0x000000001000abf0       0x48 CMakeFiles/adc_pwm_led.dir/home/rod-0310/pico/pico-sdk/lib/tinyusb/src/portable/raspberrypi/rp2040/rp2040_usb.c.o
 .rodata.tud_task_ext
                0x000000001000ac38       0x8c CMakeFiles/adc_pwm_led.dir/home/rod-0310/pico/pico-sdk/lib/tinyusb/src/device/usbd.c.o
 .rodata        0x000000001000acc4       0x1c CMakeFiles/adc_pwm_led.dir/home/rod-0310/pico/pico-sdk/lib/tinyusb/src/device/usbd.c.o
 .rodata._usbd_driver
                0x000000001000ace0       0x40 CMakeFiles/adc_pwm_led.dir/home/rod-0310/pico/pico-sdk/lib/tinyusb/src/device/usbd.c.o
 .rodata.cyw43_read_bytes.str1.4
                0x000000001000ad20       0x1a CMakeFiles/adc_pwm_led.dir/home/rod-0310/pico/pico-sdk/src/rp2_common/pico_cyw43_driver/cyw43_bus_pio_spi.c.o
 .rodata.cyw43_write_bytes.str1.4
                0x000000001000ad3a       0x1a CMakeFiles/adc_pwm_led.dir/home/rod-0310/pico/pico-sdk/src/rp2_common/pico_cyw43_driver/cyw43_bus_pio_spi.c.o
                                          0xd (size before relaxing)
 *fill*         0x000000001000ad3a        0x2 
 .rodata.spi_gap01_sample0_program
                0x000000001000ad3c        0x8 CMakeFiles/adc_pwm_led.dir/home/rod-0310/pico/pico-sdk/src/rp2_common/pico_cyw43_driver/cyw43_bus_pio_spi.c.o
 .rodata.spi_gap01_sample0_program_instructions
                0x000000001000ad44        0xc CMakeFiles/adc_pwm_led.dir/home/rod-0310/pico/pico-sdk/src/rp2_common/pico_cyw43_driver/cyw43_bus_pio_spi.c.o
 .rodata.cyw43_kso_set.str1.4
                0x000000001000ad50       0x23 CMakeFiles/adc_pwm_led.dir/home/rod-0310/pico/pico-sdk/lib/cyw43-driver/src/cyw43_ll.c.o
 *fill*         0x000000001000ad73        0x1 
 .rodata.cyw43_ll_sdpcm_poll_device.str1.4
                0x000000001000ad74       0x55 CMakeFiles/adc_pwm_led.dir/home/rod-0310/pico/pico-sdk/lib/cyw43-driver/src/cyw43_ll.c.o