Archive member included to satisfy reference by file (symbol)

/usr/lib/gcc/arm-none-eabi/10.3.1/thumb/v6-m/nofp/libgcc.a(_dvmd_tls.o)
                              CMakeFiles/uart_led.dir/home/rod-0310/pico/pico-sdk/src/rp2_common/pico_divider/divider_hardware.S.o (__aeabi_idiv0)
/usr/lib/gcc/arm-none-eabi/10.3.1/../../../arm-none-eabi/lib/thumb/v6-m/nofp/libg.a(lib_a-atexit.o)
                              /usr/lib/gcc/arm-none-eabi/10.3.1/../../../arm-none-eabi/lib/thumb/v6-m/nofp/crt0.o (atexit)
/usr/lib/gcc/arm-none-eabi/10.3.1/../../../arm-none-eabi/lib/thumb/v6-m/nofp/libg.a(lib_a-atoi.o)
                              CMakeFiles/uart_led.dir/home/rod-0310/pico/pico-sdk/lib/lwip/src/core/netif.c.o (atoi)
/usr/lib/gcc/arm-none-eabi/10.3.1/../../../arm-none-eabi/lib/thumb/v6-m/nofp/libg.a(lib_a-calloc.o)
                              CMakeFiles/uart_led.dir/home/rod-0310/pico/pico-sdk/src/rp2_common/pico_malloc/malloc.c.o (calloc)
/usr/lib/gcc/arm-none-eabi/10.3.1/../../../arm-none-eabi/lib/thumb/v6-m/nofp/libg.a(lib_a-callocr.o)
                              /usr/lib/gcc/arm-none-eabi/10.3.1/../../../arm-none-eabi/lib/thumb/v6-m/nofp/libg.a(lib_a-calloc.o) (_calloc_r)
/usr/lib/gcc/arm-none-eabi/10.3.1/../../../arm-none-eabi/lib/thumb/v6-m/nofp/libg.a(lib_a-ctype_.o)
                              CMakeFiles/uart_led.dir/home/rod-0310/pico/pico-sdk/lib/lwip/src/core/dns.c.o (_ctype_)
/usr/lib/gcc/arm-none-eabi/10.3.1/../../../arm-none-eabi/lib/thumb/v6-m/nofp/libg.a(lib_a-fini.o)
                              /usr/lib/gcc/arm-none-eabi/10.3.1/../../../arm-none-eabi/lib/thumb/v6-m/nofp/crt0.o (__libc_fini_array)
/usr/lib/gcc/arm-none-eabi/10.3.1/../../../arm-none-eabi/lib/thumb/v6-m/nofp/libg.a(lib_a-impure.o)
                              /usr/lib/gcc/arm-none-eabi/10.3.1/../../../arm-none-eabi/lib/thumb/v6-m/nofp/libg.a(lib_a-calloc.o) (_impure_ptr)
/usr/lib/gcc/arm-none-eabi/10.3.1/../../../arm-none-eabi/lib/thumb/v6-m/nofp/libg.a(lib_a-init.o)
                              /usr/lib/gcc/arm-none-eabi/10.3.1/../../../arm-none-eabi/lib/thumb/v6-m/nofp/crt0.o (__libc_init_array)
/usr/lib/gcc/arm-none-eabi/10.3.1/../../../arm-none-eabi/lib/thumb/v6-m/nofp/libg.a(lib_a-lcltime_r.o)
                              CMakeFiles/uart_led.dir/home/rod-0310/pico/pico-sdk/src/common/pico_util/datetime.c.o (localtime_r)
/usr/lib/gcc/arm-none-eabi/10.3.1/../../../arm-none-eabi/lib/thumb/v6-m/nofp/libg.a(lib_a-malloc.o)
                              CMakeFiles/uart_led.dir/home/rod-0310/pico/pico-sdk/src/rp2_common/pico_malloc/malloc.c.o (malloc)
/usr/lib/gcc/arm-none-eabi/10.3.1/../../../arm-none-eabi/lib/thumb/v6-m/nofp/libg.a(lib_a-mallocr.o)
                              /usr/lib/gcc/arm-none-eabi/10.3.1/../../../arm-none-eabi/lib/thumb/v6-m/nofp/libg.a(lib_a-callocr.o) (_malloc_r)
/usr/lib/gcc/arm-none-eabi/10.3.1/../../../arm-none-eabi/lib/thumb/v6-m/nofp/libg.a(lib_a-memcmp.o)
                              CMakeFiles/uart_led.dir/home/rod-0310/pico/pico-sdk/lib/lwip/src/netif/ethernet.c.o (memcmp)
/usr/lib/gcc/arm-none-eabi/10.3.1/../../../arm-none-eabi/lib/thumb/v6-m/nofp/libg.a(lib_a-memmove.o)
                              CMakeFiles/uart_led.dir/home/rod-0310/pico/pico-sdk/lib/lwip/src/core/def.c.o (memmove)
/usr/lib/gcc/arm-none-eabi/10.3.1/../../../arm-none-eabi/lib/thumb/v6-m/nofp/libg.a(lib_a-mktime.o)
                              CMakeFiles/uart_led.dir/home/rod-0310/pico/pico-sdk/src/common/pico_util/datetime.c.o (mktime)
/usr/lib/gcc/arm-none-eabi/10.3.1/../../../arm-none-eabi/lib/thumb/v6-m/nofp/libg.a(lib_a-mlock.o)
                              /usr/lib/gcc/arm-none-eabi/10.3.1/../../../arm-none-eabi/lib/thumb/v6-m/nofp/libg.a(lib_a-mallocr.o) (__malloc_lock)
/usr/lib/gcc/arm-none-eabi/10.3.1/../../../arm-none-eabi/lib/thumb/v6-m/nofp/libg.a(lib_a-month_lengths.o)
                              /usr/lib/gcc/arm-none-eabi/10.3.1/../../../arm-none-eabi/lib/thumb/v6-m/nofp/libg.a(lib_a-lcltime_r.o) (__month_lengths)
/usr/lib/gcc/arm-none-eabi/10.3.1/../../../arm-none-eabi/lib/thumb/v6-m/nofp/libg.a(lib_a-realloc.o)
                              CMakeFiles/uart_led.dir/home/rod-0310/pico/pico-sdk/src/rp2_common/pico_malloc/malloc.c.o (realloc)
/usr/lib/gcc/arm-none-eabi/10.3.1/../../../arm-none-eabi/lib/thumb/v6-m/nofp/libg.a(lib_a-reallocr.o)
                              /usr/lib/gcc/arm-none-eabi/10.3.1/../../../arm-none-eabi/lib/thumb/v6-m/nofp/libg.a(lib_a-realloc.o) (_realloc_r)
/usr/lib/gcc/arm-none-eabi/10.3.1/../../../arm-none-eabi/lib/thumb/v6-m/nofp/libg.a(lib_a-sbrkr.o)
                              /usr/lib/gcc/arm-none-eabi/10.3.1/../../../arm-none-eabi/lib/thumb/v6-m/nofp/libg.a(lib_a-mallocr.o) (_sbrk_r)
/usr/lib/gcc/arm-none-eabi/10.3.1/../../../arm-none-eabi/lib/thumb/v6-m/nofp/libg.a(lib_a-strlen-stub.o)
                              CMakeFiles/uart_led.dir/home/rod-0310/pico/pico-sdk/lib/lwip/src/core/def.c.o (strlen)
[...]
Memory Configuration

Name             Origin             Length             Attributes
FLASH            0x0000000010000000 0x0000000000200000 xr
RAM              0x0000000020000000 0x0000000000040000 xrw
SCRATCH_X        0x0000000020040000 0x0000000000001000 xrw
SCRATCH_Y        0x0000000020041000 0x0000000000001000 xrw
*default*        0x0000000000000000 0xffffffffffffffff

Linker script and memory map

LOAD /usr/lib/gcc/arm-none-eabi/10.3.1/thumb/v6-m/nofp/crti.o
LOAD /usr/lib/gcc/arm-none-eabi/10.3.1/thumb/v6-m/nofp/crtbegin.o
LOAD /usr/lib/gcc/arm-none-eabi/10.3.1/../../../arm-none-eabi/lib/thumb/v6-m/nofp/crt0.o

.flash_begin    0x0000000010000000        0x0
                0x0000000010000000                __flash_binary_start = .

.boot2          0x0000000010000000      0x100
                0x0000000010000000                __boot2_start__ = .
 *(.boot2)
 .boot2         0x0000000010000000      0x100 pico-sdk/src/rp2040/boot_stage2/CMakeFiles/bs2_default_library.dir/bs2_default_padded_checksummed.S.o
                0x0000000010000100                __boot2_end__ = .
                0x0000000000000001                ASSERT (((__boot2_end__ - __boot2_start__) == 0x100), ERROR: Pico second stage bootloader must be 256 bytes in size)

.text           0x0000000010000100     0xff3c
                0x0000000010000100                __logical_binary_start = .
 *(.vectors)
 .vectors       0x0000000010000100       0xd4 CMakeFiles/uart_led.dir/home/rod-0310/pico/pico-sdk/src/rp2_common/pico_crt0/crt0.S.o
                0x0000000010000100                __vectors
                0x0000000010000100                __VECTOR_TABLE
                0x00000000100001c0                isr_invalid
                0x00000000100001c0                __default_isrs_start
                0x00000000100001c2                isr_nmi
                0x00000000100001c4                isr_hardfault
                0x00000000100001c6                isr_svcall
                0x00000000100001c8                isr_pendsv
                0x00000000100001ca                isr_systick
                0x00000000100001cc                isr_irq30
                0x00000000100001cc                __unhandled_user_irq
                0x00000000100001cc                isr_irq13
                0x00000000100001cc                isr_irq27
                0x00000000100001cc                isr_irq31
                0x00000000100001cc                isr_irq5
                0x00000000100001cc                isr_irq11
                0x00000000100001cc                isr_irq23
                0x00000000100001cc                isr_irq18
                0x00000000100001cc                isr_irq28
                0x00000000100001cc                isr_irq19
                0x00000000100001cc                isr_irq0
                0x00000000100001cc                isr_irq6
                0x00000000100001cc                isr_irq22
                0x00000000100001cc                isr_irq17
                0x00000000100001cc                isr_irq14
                0x00000000100001cc                isr_irq2
                0x00000000100001cc                isr_irq10
                0x00000000100001cc                isr_irq8
                0x00000000100001cc                isr_irq24
                0x00000000100001cc                isr_irq1
                0x00000000100001cc                isr_irq7
                0x00000000100001cc                isr_irq21
                0x00000000100001cc                isr_irq20
                0x00000000100001cc                isr_irq15
                0x00000000100001cc                isr_irq25
                0x00000000100001cc                isr_irq4
                0x00000000100001cc                isr_irq16
                0x00000000100001cc                isr_irq29
                0x00000000100001cc                isr_irq26
                0x00000000100001cc                __default_isrs_end
                0x00000000100001cc                isr_irq3
                0x00000000100001cc                isr_irq12
                0x00000000100001cc                isr_irq9
                0x00000000100001d2                unhandled_user_irq_num_in_r0
 *(.binary_info_header)
 .binary_info_header
                0x00000000100001d4       0x14 CMakeFiles/uart_led.dir/home/rod-0310/pico/pico-sdk/src/rp2_common/pico_crt0/crt0.S.o
                0x00000000100001e8                __binary_info_header_end = .
 *(.embedded_block)
                0x00000000100001e8                __embedded_block_end = .
 *(.reset)
 .reset         0x00000000100001e8       0x9c CMakeFiles/uart_led.dir/home/rod-0310/pico/pico-sdk/src/rp2_common/pico_crt0/crt0.S.o
                0x00000000100001e8                _entry_point
 *(.init)
 .init          0x0000000010000284        0x4 /usr/lib/gcc/arm-none-eabi/10.3.1/thumb/v6-m/nofp/crti.o
                0x0000000010000284                _init
 *(EXCLUDE_FILE(*libm.a: *libc.a:*lib_a-mem*.o *libgcc.a:) .text*)
 .text          0x0000000010000288       0x98 /usr/lib/gcc/arm-none-eabi/10.3.1/thumb/v6-m/nofp/crtbegin.o
 .text.startup.main
                0x0000000010000320       0x4c CMakeFiles/uart_led.dir/pico_c.c.o
                0x0000000010000320                main
 .text.lwip_timeout_reached
                0x000000001000036c        0x8 CMakeFiles/uart_led.dir/home/rod-0310/pico/pico-sdk/src/rp2_common/pico_lwip/lwip_nosys.c.o
 .text.update_next_timeout
                0x0000000010000374       0x6c CMakeFiles/uart_led.dir/home/rod-0310/pico/pico-sdk/src/rp2_common/pico_lwip/lwip_nosys.c.o
 .text.lwip_nosys_init
                0x00000000100003e0       0x30 CMakeFiles/uart_led.dir/home/rod-0310/pico/pico-sdk/src/rp2_common/pico_lwip/lwip_nosys.c.o
                0x00000000100003e0                lwip_nosys_init
 .text.lwip_nosys_deinit
                0x0000000010000410       0x20 CMakeFiles/uart_led.dir/home/rod-0310/pico/pico-sdk/src/rp2_common/pico_lwip/lwip_nosys.c.o
                0x0000000010000410                lwip_nosys_deinit
 .text.sys_arch_protect
                0x0000000010000430        0x4 CMakeFiles/uart_led.dir/home/rod-0310/pico/pico-sdk/src/rp2_common/pico_lwip/lwip_nosys.c.o
                0x0000000010000430                sys_arch_protect
 .text.sys_arch_unprotect
                0x0000000010000434        0x4 CMakeFiles/uart_led.dir/home/rod-0310/pico/pico-sdk/src/rp2_common/pico_lwip/lwip_nosys.c.o
                0x0000000010000434                sys_arch_unprotect
 .text.sys_now  0x0000000010000438       0x20 CMakeFiles/uart_led.dir/home/rod-0310/pico/pico-sdk/src/rp2_common/pico_lwip/lwip_nosys.c.o
                0x0000000010000438                sys_now
 .text.async_context_base_add_at_time_worker
                0x0000000010000458       0x28 CMakeFiles/uart_led.dir/home/rod-0310/pico/pico-sdk/src/rp2_common/pico_async_context/async_context_base.c.o
                0x0000000010000458                async_context_base_add_at_time_worker
 .text.async_context_base_remove_at_time_worker
                0x0000000010000480       0x28 CMakeFiles/uart_led.dir/home/rod-0310/pico/pico-sdk/src/rp2_common/pico_async_context/async_context_base.c.o
                0x0000000010000480                async_context_base_remove_at_time_worker
 .text.async_context_base_add_when_pending_worker
                0x00000000100004a8       0x24 CMakeFiles/uart_led.dir/home/rod-0310/pico/pico-sdk/src/rp2_common/pico_async_context/async_context_base.c.o
                0x00000000100004a8                async_context_base_add_when_pending_worker
 .text.async_context_base_remove_when_pending_worker
                0x00000000100004cc       0x28 CMakeFiles/uart_led.dir/home/rod-0310/pico/pico-sdk/src/rp2_common/pico_async_context/async_context_base.c.o
                0x00000000100004cc                async_context_base_remove_when_pending_worker
 .text.async_context_base_execute_once
                0x00000000100004f4       0xe8 CMakeFiles/uart_led.dir/home/rod-0310/pico/pico-sdk/src/rp2_common/pico_async_context/async_context_base.c.o
                0x00000000100004f4                async_context_base_execute_once
 .text.rp2040_chip_version
                0x00000000100005dc        0xc CMakeFiles/uart_led.dir/home/rod-0310/pico/pico-sdk/src/rp2040/pico_platform/platform.c.o
                0x00000000100005dc                rp2040_chip_version
 .text.panic    0x00000000100005e8       0x30 CMakeFiles/uart_led.dir/home/rod-0310/pico/pico-sdk/src/rp2_common/pico_platform_panic/panic.c.o
                0x00000000100005e8                panic
 .text.splitmix64
                0x0000000010000618       0x5c CMakeFiles/uart_led.dir/home/rod-0310/pico/pico-sdk/src/rp2_common/pico_rand/rand.c.o
 .text.xoroshiro128ss
                0x0000000010000674       0x90 CMakeFiles/uart_led.dir/home/rod-0310/pico/pico-sdk/src/rp2_common/pico_rand/rand.c.o
 .text.get_rand_64
                0x0000000010000704      0x484 CMakeFiles/uart_led.dir/home/rod-0310/pico/pico-sdk/src/rp2_common/pico_rand/rand.c.o
                0x0000000010000704                get_rand_64
 .text.get_rand_32
                0x0000000010000b88        0x8 CMakeFiles/uart_led.dir/home/rod-0310/pico/pico-sdk/src/rp2_common/pico_rand/rand.c.o
                0x0000000010000b88                get_rand_32
 .text.startup._retrieve_unique_id_on_boot
                0x0000000010000b90       0x10 CMakeFiles/uart_led.dir/home/rod-0310/pico/pico-sdk/src/rp2_common/pico_unique_id/unique_id.c.o
 .text.pico_get_unique_board_id
                0x0000000010000ba0       0x10 CMakeFiles/uart_led.dir/home/rod-0310/pico/pico-sdk/src/rp2_common/pico_unique_id/unique_id.c.o
                0x0000000010000ba0                pico_get_unique_board_id
 .text.pico_get_unique_board_id_string
                0x0000000010000bb0      0x1a8 CMakeFiles/uart_led.dir/home/rod-0310/pico/pico-sdk/src/rp2_common/pico_unique_id/unique_id.c.o
                0x0000000010000bb0                pico_get_unique_board_id_string
 .text.flash_get_unique_id
                0x0000000010000d58       0x40 CMakeFiles/uart_led.dir/home/rod-0310/pico/pico-sdk/src/rp2_common/hardware_flash/flash.c.o
                0x0000000010000d58                flash_get_unique_id
 .text.hw_claim_lock
                0x0000000010000d98       0x18 CMakeFiles/uart_led.dir/home/rod-0310/pico/pico-sdk/src/common/hardware_claim/claim.c.o
                0x0000000010000d98                hw_claim_lock
 .text.hw_claim_unlock
                0x0000000010000db0       0x14 CMakeFiles/uart_led.dir/home/rod-0310/pico/pico-sdk/src/common/hardware_claim/claim.c.o
                0x0000000010000db0                hw_claim_unlock
 .text.hw_claim_or_assert
                0x0000000010000dc4       0x44 CMakeFiles/uart_led.dir/home/rod-0310/pico/pico-sdk/src/common/hardware_claim/claim.c.o
                0x0000000010000dc4                hw_claim_or_assert
 .text.hw_claim_unused_from_range
                0x0000000010000e08       0x9c CMakeFiles/uart_led.dir/home/rod-0310/pico/pico-sdk/src/common/hardware_claim/claim.c.o
                0x0000000010000e08                hw_claim_unused_from_range
 .text.hw_claim_clear
                0x0000000010000ea4       0x38 CMakeFiles/uart_led.dir/home/rod-0310/pico/pico-sdk/src/common/hardware_claim/claim.c.o
                0x0000000010000ea4                hw_claim_clear
 .text.next_striped_spin_lock_num
                0x0000000010000edc       0x18 CMakeFiles/uart_led.dir/home/rod-0310/pico/pico-sdk/src/rp2_common/hardware_sync/sync.c.o
                0x0000000010000edc                next_striped_spin_lock_num
 .text.spin_lock_claim_unused
                0x0000000010000ef4       0x20 CMakeFiles/uart_led.dir/home/rod-0310/pico/pico-sdk/src/rp2_common/hardware_sync/sync.c.o
                0x0000000010000ef4                spin_lock_claim_unused
 .text.spin_locks_reset
                0x0000000010000f14       0x1c CMakeFiles/uart_led.dir/home/rod-0310/pico/pico-sdk/src/rp2_common/hardware_sync_spin_lock/sync_spin_lock.c.o
                0x0000000010000f14                spin_locks_reset
 .text.rom_func_lookup
                0x0000000010000f30       0x10 CMakeFiles/uart_led.dir/home/rod-0310/pico/pico-sdk/src/rp2_common/pico_bootrom/bootrom.c.o
                0x0000000010000f30                rom_func_lookup
 .text.rom_data_lookup
                0x0000000010000f40       0x10 CMakeFiles/uart_led.dir/home/rod-0310/pico/pico-sdk/src/rp2_common/pico_bootrom/bootrom.c.o
                0x0000000010000f40                rom_data_lookup
 .text.rom_funcs_lookup
                0x0000000010000f50       0x44 CMakeFiles/uart_led.dir/home/rod-0310/pico/pico-sdk/src/rp2_common/pico_bootrom/bootrom.c.o
                0x0000000010000f50                rom_funcs_lookup
 .text.rom_reset_usb_boot_extra
                0x0000000010000f94       0x28 CMakeFiles/uart_led.dir/home/rod-0310/pico/pico-sdk/src/rp2_common/pico_bootrom/bootrom.c.o
                0x0000000010000f94                rom_reset_usb_boot_extra
 .text.sleep_until_callback
                0x0000000010000fbc       0x30 CMakeFiles/uart_led.dir/home/rod-0310/pico/pico-sdk/src/common/pico_time/time.c.o
 .text.alarm_pool_irq_handler
                0x0000000010000fec      0x308 CMakeFiles/uart_led.dir/home/rod-0310/pico/pico-sdk/src/common/pico_time/time.c.o
 .text.runtime_init_default_alarm_pool
                0x00000000100012f4       0xdc CMakeFiles/uart_led.dir/home/rod-0310/pico/pico-sdk/src/common/pico_time/time.c.o
                0x00000000100012f4                runtime_init_default_alarm_pool
 .text.alarm_pool_get_default
                0x00000000100013d0        0x8 CMakeFiles/uart_led.dir/home/rod-0310/pico/pico-sdk/src/common/pico_time/time.c.o
                0x00000000100013d0                alarm_pool_get_default
 .text.alarm_pool_add_alarm_at
                0x00000000100013d8       0xc8 CMakeFiles/uart_led.dir/home/rod-0310/pico/pico-sdk/src/common/pico_time/time.c.o
                0x00000000100013d8                alarm_pool_add_alarm_at
 .text.alarm_pool_add_alarm_at_force_in_context
                0x00000000100014a0       0xb0 CMakeFiles/uart_led.dir/home/rod-0310/pico/pico-sdk/src/common/pico_time/time.c.o
                0x00000000100014a0                alarm_pool_add_alarm_at_force_in_context
 .text.alarm_pool_cancel_alarm
                0x0000000010001550       0x7c CMakeFiles/uart_led.dir/home/rod-0310/pico/pico-sdk/src/common/pico_time/time.c.o
                0x0000000010001550                alarm_pool_cancel_alarm
 .text.alarm_pool_core_num
                0x00000000100015cc        0x4 CMakeFiles/uart_led.dir/home/rod-0310/pico/pico-sdk/src/common/pico_time/time.c.o
                0x00000000100015cc                alarm_pool_core_num
 .text.sleep_until
                0x00000000100015d0       0xd0 CMakeFiles/uart_led.dir/home/rod-0310/pico/pico-sdk/src/common/pico_time/time.c.o
                0x00000000100015d0                sleep_until
 .text.sleep_ms
                0x00000000100016a0       0x34 CMakeFiles/uart_led.dir/home/rod-0310/pico/pico-sdk/src/common/pico_time/time.c.o
                0x00000000100016a0                sleep_ms
 .text.best_effort_wfe_or_timeout
                0x00000000100016d4       0xfc CMakeFiles/uart_led.dir/home/rod-0310/pico/pico-sdk/src/common/pico_time/time.c.o
                0x00000000100016d4                best_effort_wfe_or_timeout
 .text.timer_hardware_alarm_claim
                0x00000000100017d0       0x14 CMakeFiles/uart_led.dir/home/rod-0310/pico/pico-sdk/src/rp2_common/hardware_timer/timer.c.o
                0x00000000100017d0                timer_hardware_alarm_claim
 .text.timer_time_us_64
                0x00000000100017e4       0x10 CMakeFiles/uart_led.dir/home/rod-0310/pico/pico-sdk/src/rp2_common/hardware_timer/timer.c.o
                0x00000000100017e4                timer_time_us_64
 .text.time_us_64
                0x00000000100017f4       0x14 CMakeFiles/uart_led.dir/home/rod-0310/pico/pico-sdk/src/rp2_common/hardware_timer/timer.c.o
                0x00000000100017f4                time_us_64
 .text.busy_wait_until
                0x0000000010001808       0x20 CMakeFiles/uart_led.dir/home/rod-0310/pico/pico-sdk/src/rp2_common/hardware_timer/timer.c.o
                0x0000000010001808                busy_wait_until
 .text.runtime_init_per_core_irq_priorities
                0x0000000010001828       0x24 CMakeFiles/uart_led.dir/home/rod-0310/pico/pico-sdk/src/rp2_common/hardware_irq/irq.c.o
                0x0000000010001828                runtime_init_per_core_irq_priorities
 .text.irq_set_enabled
                0x000000001000184c       0x24 CMakeFiles/uart_led.dir/home/rod-0310/pico/pico-sdk/src/rp2_common/hardware_irq/irq.c.o
                0x000000001000184c                irq_set_enabled
 .text.irq_is_enabled
                0x0000000010001870       0x18 CMakeFiles/uart_led.dir/home/rod-0310/pico/pico-sdk/src/rp2_common/hardware_irq/irq.c.o
                0x0000000010001870                irq_is_enabled
 .text.irq_set_pending
                0x0000000010001888       0x10 CMakeFiles/uart_led.dir/home/rod-0310/pico/pico-sdk/src/rp2_common/hardware_irq/irq.c.o
                0x0000000010001888                irq_set_pending
 .text.irq_has_shared_handler
                0x0000000010001898       0x24 CMakeFiles/uart_led.dir/home/rod-0310/pico/pico-sdk/src/rp2_common/hardware_irq/irq.c.o
                0x0000000010001898                irq_has_shared_handler
 .text.irq_set_exclusive_handler
                0x00000000100018bc       0x54 CMakeFiles/uart_led.dir/home/rod-0310/pico/pico-sdk/src/rp2_common/hardware_irq/irq.c.o
                0x00000000100018bc                irq_set_exclusive_handler
 .text.irq_add_shared_handler
                0x0000000010001910      0x1e8 CMakeFiles/uart_led.dir/home/rod-0310/pico/pico-sdk/src/rp2_common/hardware_irq/irq.c.o
                0x0000000010001910                irq_add_shared_handler
 .text.irq_remove_handler
                0x0000000010001af8      0x1c4 CMakeFiles/uart_led.dir/home/rod-0310/pico/pico-sdk/src/rp2_common/hardware_irq/irq.c.o
                0x0000000010001af8                irq_remove_handler
 .text.irq_set_priority
                0x0000000010001cbc       0x28 CMakeFiles/uart_led.dir/home/rod-0310/pico/pico-sdk/src/rp2_common/hardware_irq/irq.c.o
                0x0000000010001cbc                irq_set_priority
 .text.irq_add_tail_to_free_list
                0x0000000010001ce4       0xb4 CMakeFiles/uart_led.dir/home/rod-0310/pico/pico-sdk/src/rp2_common/hardware_irq/irq.c.o
                0x0000000010001ce4                irq_add_tail_to_free_list
 .text.user_irq_unclaim
                0x0000000010001d98       0x14 CMakeFiles/uart_led.dir/home/rod-0310/pico/pico-sdk/src/rp2_common/hardware_irq/irq.c.o
                0x0000000010001d98                user_irq_unclaim
 .text.user_irq_claim_unused
                0x0000000010001dac       0x28 CMakeFiles/uart_led.dir/home/rod-0310/pico/pico-sdk/src/rp2_common/hardware_irq/irq.c.o
                0x0000000010001dac                user_irq_claim_unused
 .text.sem_init
                0x0000000010001dd4       0x20 CMakeFiles/uart_led.dir/home/rod-0310/pico/pico-sdk/src/common/pico_sync/sem.c.o
                0x0000000010001dd4                sem_init
 .text.lock_init
                0x0000000010001df4       0x10 CMakeFiles/uart_led.dir/home/rod-0310/pico/pico-sdk/src/common/pico_sync/lock_core.c.o
                0x0000000010001df4                lock_init
 .text.runtime_init_mutex
                0x0000000010001e04       0x58 CMakeFiles/uart_led.dir/home/rod-0310/pico/pico-sdk/src/common/pico_sync/mutex.c.o
                0x0000000010001e04                runtime_init_mutex
 .text.mutex_init
                0x0000000010001e5c       0x1c CMakeFiles/uart_led.dir/home/rod-0310/pico/pico-sdk/src/common/pico_sync/mutex.c.o
                0x0000000010001e5c                mutex_init
 .text.recursive_mutex_init
                0x0000000010001e78       0x1c CMakeFiles/uart_led.dir/home/rod-0310/pico/pico-sdk/src/common/pico_sync/mutex.c.o
                0x0000000010001e78                recursive_mutex_init
 .text.critical_section_init
                0x0000000010001e94       0x20 CMakeFiles/uart_led.dir/home/rod-0310/pico/pico-sdk/src/common/pico_sync/critical_section.c.o
                0x0000000010001e94                critical_section_init
 .text.critical_section_init_with_lock_num
                0x0000000010001eb4       0x14 CMakeFiles/uart_led.dir/home/rod-0310/pico/pico-sdk/src/common/pico_sync/critical_section.c.o
                0x0000000010001eb4                critical_section_init_with_lock_num
 .text.clock_configure_int_divider
                0x0000000010001ec8       0xf4 CMakeFiles/uart_led.dir/home/rod-0310/pico/pico-sdk/src/rp2_common/hardware_clocks/clocks.c.o
                0x0000000010001ec8                clock_configure_int_divider
 .text.clock_configure_undivided
                0x0000000010001fbc       0xe8 CMakeFiles/uart_led.dir/home/rod-0310/pico/pico-sdk/src/rp2_common/hardware_clocks/clocks.c.o
                0x0000000010001fbc                clock_configure_undivided
 .text.clock_get_hz
                0x00000000100020a4        0xc CMakeFiles/uart_led.dir/home/rod-0310/pico/pico-sdk/src/rp2_common/hardware_clocks/clocks.c.o
                0x00000000100020a4                clock_get_hz
 .text.gpio_set_function
                0x00000000100020b0       0x34 CMakeFiles/uart_led.dir/home/rod-0310/pico/pico-sdk/src/rp2_common/hardware_gpio/gpio.c.o
                0x00000000100020b0                gpio_set_function
 .text.gpio_set_pulls
                0x00000000100020e4       0x34 CMakeFiles/uart_led.dir/home/rod-0310/pico/pico-sdk/src/rp2_common/hardware_gpio/gpio.c.o
                0x00000000100020e4                gpio_set_pulls
 .text.gpio_set_input_hysteresis_enabled
                0x0000000010002118       0x28 CMakeFiles/uart_led.dir/home/rod-0310/pico/pico-sdk/src/rp2_common/hardware_gpio/gpio.c.o
                0x0000000010002118                gpio_set_input_hysteresis_enabled
 .text.gpio_set_irq_enabled
                0x0000000010002140       0x58 CMakeFiles/uart_led.dir/home/rod-0310/pico/pico-sdk/src/rp2_common/hardware_gpio/gpio.c.o
                0x0000000010002140                gpio_set_irq_enabled
 .text.gpio_add_raw_irq_handler_with_order_priority_masked
                0x0000000010002198       0x44 CMakeFiles/uart_led.dir/home/rod-0310/pico/pico-sdk/src/rp2_common/hardware_gpio/gpio.c.o
                0x0000000010002198                gpio_add_raw_irq_handler_with_order_priority_masked
 .text.gpio_remove_raw_irq_handler_masked
                0x00000000100021dc       0x20 CMakeFiles/uart_led.dir/home/rod-0310/pico/pico-sdk/src/rp2_common/hardware_gpio/gpio.c.o
                0x00000000100021dc                gpio_remove_raw_irq_handler_masked
 .text.gpio_init
                0x00000000100021fc       0x40 CMakeFiles/uart_led.dir/home/rod-0310/pico/pico-sdk/src/rp2_common/hardware_gpio/gpio.c.o
                0x00000000100021fc                gpio_init
 .text.pll_init
                0x000000001000223c       0xa0 CMakeFiles/uart_led.dir/home/rod-0310/pico/pico-sdk/src/rp2_common/hardware_pll/pll.c.o
                0x000000001000223c                pll_init
 .text.watchdog_reboot
                0x00000000100022dc       0x98 CMakeFiles/uart_led.dir/home/rod-0310/pico/pico-sdk/src/rp2_common/hardware_watchdog/watchdog.c.o
                0x00000000100022dc                watchdog_reboot
 .text.tick_start
                0x0000000010002374       0x10 CMakeFiles/uart_led.dir/home/rod-0310/pico/pico-sdk/src/rp2_common/hardware_ticks/ticks.c.o
                0x0000000010002374                tick_start
 .text.xosc_init
                0x0000000010002384       0x28 CMakeFiles/uart_led.dir/home/rod-0310/pico/pico-sdk/src/rp2_common/hardware_xosc/xosc.c.o
                0x0000000010002384                xosc_init
 .text.lwip_init
                0x00000000100023ac       0x24 CMakeFiles/uart_led.dir/home/rod-0310/pico/pico-sdk/lib/lwip/src/core/init.c.o
                0x00000000100023ac                lwip_init
 .text.lwip_htons
                0x00000000100023d0        0x8 CMakeFiles/uart_led.dir/home/rod-0310/pico/pico-sdk/lib/lwip/src/core/def.c.o
                0x00000000100023d0                lwip_htons
 .text.lwip_htonl
                0x00000000100023d8        0x4 CMakeFiles/uart_led.dir/home/rod-0310/pico/pico-sdk/lib/lwip/src/core/def.c.o
                0x00000000100023d8                lwip_htonl
 .text.dns_call_found
                0x00000000100023dc      0x134 CMakeFiles/uart_led.dir/home/rod-0310/pico/pico-sdk/lib/lwip/src/core/dns.c.o
 .text.dns_send.isra.0
                0x0000000010002510      0x168 CMakeFiles/uart_led.dir/home/rod-0310/pico/pico-sdk/lib/lwip/src/core/dns.c.o
 .text.dns_init
                0x0000000010002678        0x4 CMakeFiles/uart_led.dir/home/rod-0310/pico/pico-sdk/lib/lwip/src/core/dns.c.o
                0x0000000010002678                dns_init
 .text.dns_setserver
                0x000000001000267c       0x2c CMakeFiles/uart_led.dir/home/rod-0310/pico/pico-sdk/lib/lwip/src/core/dns.c.o
                0x000000001000267c                dns_setserver
 .text.dns_tmr  0x00000000100026a8      0x138 CMakeFiles/uart_led.dir/home/rod-0310/pico/pico-sdk/lib/lwip/src/core/dns.c.o
                0x00000000100026a8                dns_tmr
 .text.lwip_standard_chksum
                0x00000000100027e0       0xd8 CMakeFiles/uart_led.dir/home/rod-0310/pico/pico-sdk/lib/lwip/src/core/inet_chksum.c.o
                0x00000000100027e0                lwip_standard_chksum
 .text.inet_chksum_pseudo
                0x00000000100028b8       0xb4 CMakeFiles/uart_led.dir/home/rod-0310/pico/pico-sdk/lib/lwip/src/core/inet_chksum.c.o
                0x00000000100028b8                inet_chksum_pseudo
 .text.ip_chksum_pseudo
                0x000000001000296c       0x10 CMakeFiles/uart_led.dir/home/rod-0310/pico/pico-sdk/lib/lwip/src/core/inet_chksum.c.o
                0x000000001000296c                ip_chksum_pseudo
 .text.inet_chksum
                0x000000001000297c        0xc CMakeFiles/uart_led.dir/home/rod-0310/pico/pico-sdk/lib/lwip/src/core/inet_chksum.c.o
                0x000000001000297c                inet_chksum
 .text.mem_init
                0x0000000010002988       0x40 CMakeFiles/uart_led.dir/home/rod-0310/pico/pico-sdk/lib/lwip/src/core/mem.c.o
                0x0000000010002988                mem_init
 .text.mem_free
                0x00000000100029c8      0x11c CMakeFiles/uart_led.dir/home/rod-0310/pico/pico-sdk/lib/lwip/src/core/mem.c.o
                0x00000000100029c8                mem_free
 .text.mem_trim
                0x0000000010002ae4      0x110 CMakeFiles/uart_led.dir/home/rod-0310/pico/pico-sdk/lib/lwip/src/core/mem.c.o
                0x0000000010002ae4                mem_trim
 .text.mem_malloc
                0x0000000010002bf4      0x120 CMakeFiles/uart_led.dir/home/rod-0310/pico/pico-sdk/lib/lwip/src/core/mem.c.o
                0x0000000010002bf4                mem_malloc
 .text.memp_init
                0x0000000010002d14       0x6c CMakeFiles/uart_led.dir/home/rod-0310/pico/pico-sdk/lib/lwip/src/core/memp.c.o
                0x0000000010002d14                memp_init
 .text.memp_malloc
                0x0000000010002d80       0x3c CMakeFiles/uart_led.dir/home/rod-0310/pico/pico-sdk/lib/lwip/src/core/memp.c.o
                0x0000000010002d80                memp_malloc
 .text.memp_free
                0x0000000010002dbc       0x38 CMakeFiles/uart_led.dir/home/rod-0310/pico/pico-sdk/lib/lwip/src/core/memp.c.o
                0x0000000010002dbc                memp_free
 .text.netif_do_set_ipaddr.isra.0
                0x0000000010002df4       0x70 CMakeFiles/uart_led.dir/home/rod-0310/pico/pico-sdk/lib/lwip/src/core/netif.c.o
 .text.netif_init
                0x0000000010002e64        0x4 CMakeFiles/uart_led.dir/home/rod-0310/pico/pico-sdk/lib/lwip/src/core/netif.c.o
                0x0000000010002e64                netif_init
 .text.netif_set_addr
                0x0000000010002e68       0xb8 CMakeFiles/uart_led.dir/home/rod-0310/pico/pico-sdk/lib/lwip/src/core/netif.c.o
                0x0000000010002e68                netif_set_addr
 .text.netif_remove
                0x0000000010002f20       0x94 CMakeFiles/uart_led.dir/home/rod-0310/pico/pico-sdk/lib/lwip/src/core/netif.c.o
                0x0000000010002f20                netif_remove
 .text.netif_set_link_up
                0x0000000010002fb4       0x44 CMakeFiles/uart_led.dir/home/rod-0310/pico/pico-sdk/lib/lwip/src/core/netif.c.o
                0x0000000010002fb4                netif_set_link_up
 .text.netif_set_link_down
                0x0000000010002ff8       0x20 CMakeFiles/uart_led.dir/home/rod-0310/pico/pico-sdk/lib/lwip/src/core/netif.c.o
                0x0000000010002ff8                netif_set_link_down
 .text.netif_get_by_index
                0x0000000010003018       0x2c CMakeFiles/uart_led.dir/home/rod-0310/pico/pico-sdk/lib/lwip/src/core/netif.c.o
                0x0000000010003018                netif_get_by_index
 .text.pbuf_free.part.0
                0x0000000010003044       0x7c CMakeFiles/uart_led.dir/home/rod-0310/pico/pico-sdk/lib/lwip/src/core/pbuf.c.o
 .text.pbuf_free_ooseq
                0x00000000100030c0       0x34 CMakeFiles/uart_led.dir/home/rod-0310/pico/pico-sdk/lib/lwip/src/core/pbuf.c.o
                0x00000000100030c0                pbuf_free_ooseq
 .text.pbuf_alloc
                0x00000000100030f4      0x130 CMakeFiles/uart_led.dir/home/rod-0310/pico/pico-sdk/lib/lwip/src/core/pbuf.c.o
                0x00000000100030f4                pbuf_alloc
 .text.pbuf_realloc
                0x0000000010003224       0x88 CMakeFiles/uart_led.dir/home/rod-0310/pico/pico-sdk/lib/lwip/src/core/pbuf.c.o
                0x0000000010003224                pbuf_realloc
 .text.pbuf_add_header
                0x00000000100032ac       0x54 CMakeFiles/uart_led.dir/home/rod-0310/pico/pico-sdk/lib/lwip/src/core/pbuf.c.o
                0x00000000100032ac                pbuf_add_header
 .text.pbuf_free
                0x0000000010003300       0x18 CMakeFiles/uart_led.dir/home/rod-0310/pico/pico-sdk/lib/lwip/src/core/pbuf.c.o
                0x0000000010003300                pbuf_free
 .text.pbuf_clen
                0x0000000010003318       0x14 CMakeFiles/uart_led.dir/home/rod-0310/pico/pico-sdk/lib/lwip/src/core/pbuf.c.o
                0x0000000010003318                pbuf_clen
 .text.pbuf_chain
                0x000000001000332c       0x64 CMakeFiles/uart_led.dir/home/rod-0310/pico/pico-sdk/lib/lwip/src/core/pbuf.c.o
                0x000000001000332c                pbuf_chain
 .text.pbuf_copy_partial_pbuf
                0x0000000010003390      0x13c CMakeFiles/uart_led.dir/home/rod-0310/pico/pico-sdk/lib/lwip/src/core/pbuf.c.o
                0x0000000010003390                pbuf_copy_partial_pbuf
 .text.pbuf_copy_partial
                0x00000000100034cc       0x70 CMakeFiles/uart_led.dir/home/rod-0310/pico/pico-sdk/lib/lwip/src/core/pbuf.c.o
                0x00000000100034cc                pbuf_copy_partial
 .text.pbuf_take
                0x000000001000353c       0x78 CMakeFiles/uart_led.dir/home/rod-0310/pico/pico-sdk/lib/lwip/src/core/pbuf.c.o
                0x000000001000353c                pbuf_take
 .text.pbuf_take_at
                0x00000000100035b4       0xc0 CMakeFiles/uart_led.dir/home/rod-0310/pico/pico-sdk/lib/lwip/src/core/pbuf.c.o
                0x00000000100035b4                pbuf_take_at
 .text.pbuf_put_at
                0x0000000010003674       0x1c CMakeFiles/uart_led.dir/home/rod-0310/pico/pico-sdk/lib/lwip/src/core/pbuf.c.o
                0x0000000010003674                pbuf_put_at
 .text.raw_netif_ip_addr_changed
                0x0000000010003690       0x40 CMakeFiles/uart_led.dir/home/rod-0310/pico/pico-sdk/lib/lwip/src/core/raw.c.o
                0x0000000010003690                raw_netif_ip_addr_changed
 .text.stats_init
                0x00000000100036d0        0x4 CMakeFiles/uart_led.dir/home/rod-0310/pico/pico-sdk/lib/lwip/src/core/stats.c.o
                0x00000000100036d0                stats_init
 .text.tcp_close_shutdown_fin
                0x00000000100036d4       0x58 CMakeFiles/uart_led.dir/home/rod-0310/pico/pico-sdk/lib/lwip/src/core/tcp.c.o
 .text.tcp_pcb_purge.part.0
                0x000000001000372c       0xc4 CMakeFiles/uart_led.dir/home/rod-0310/pico/pico-sdk/lib/lwip/src/core/tcp.c.o
 .text.tcp_init
                0x00000000100037f0       0x20 CMakeFiles/uart_led.dir/home/rod-0310/pico/pico-sdk/lib/lwip/src/core/tcp.c.o
                0x00000000100037f0                tcp_init
 .text.tcp_recved
                0x0000000010003810       0x98 CMakeFiles/uart_led.dir/home/rod-0310/pico/pico-sdk/lib/lwip/src/core/tcp.c.o
                0x0000000010003810                tcp_recved
 .text.tcp_slowtmr
                0x00000000100038a8      0x4dc CMakeFiles/uart_led.dir/home/rod-0310/pico/pico-sdk/lib/lwip/src/core/tcp.c.o
                0x00000000100038a8                tcp_slowtmr
 .text.tcp_seg_free
                0x0000000010003d84       0x1c CMakeFiles/uart_led.dir/home/rod-0310/pico/pico-sdk/lib/lwip/src/core/tcp.c.o
                0x0000000010003d84                tcp_seg_free
 .text.tcp_pcb_remove
                0x0000000010003da0       0xc8 CMakeFiles/uart_led.dir/home/rod-0310/pico/pico-sdk/lib/lwip/src/core/tcp.c.o
                0x0000000010003da0                tcp_pcb_remove
 .text.tcp_abandon
                0x0000000010003e68      0x1ac CMakeFiles/uart_led.dir/home/rod-0310/pico/pico-sdk/lib/lwip/src/core/tcp.c.o
                0x0000000010003e68                tcp_abandon
 .text.tcp_process_refused_data
                0x0000000010004014       0x78 CMakeFiles/uart_led.dir/home/rod-0310/pico/pico-sdk/lib/lwip/src/core/tcp.c.o
                0x0000000010004014                tcp_process_refused_data
 .text.tcp_fasttmr
                0x000000001000408c       0x98 CMakeFiles/uart_led.dir/home/rod-0310/pico/pico-sdk/lib/lwip/src/core/tcp.c.o
                0x000000001000408c                tcp_fasttmr
 .text.tcp_tmr  0x0000000010004124       0x20 CMakeFiles/uart_led.dir/home/rod-0310/pico/pico-sdk/lib/lwip/src/core/tcp.c.o
                0x0000000010004124                tcp_tmr
 .text.tcp_eff_send_mss_netif
                0x0000000010004144       0x38 CMakeFiles/uart_led.dir/home/rod-0310/pico/pico-sdk/lib/lwip/src/core/tcp.c.o
                0x0000000010004144                tcp_eff_send_mss_netif
 .text.tcp_netif_ip_addr_changed
                0x000000001000417c       0x9c CMakeFiles/uart_led.dir/home/rod-0310/pico/pico-sdk/lib/lwip/src/core/tcp.c.o
                0x000000001000417c                tcp_netif_ip_addr_changed
 .text.tcp_free_ooseq
                0x0000000010004218       0x40 CMakeFiles/uart_led.dir/home/rod-0310/pico/pico-sdk/lib/lwip/src/core/tcp.c.o
                0x0000000010004218                tcp_free_ooseq
 .text.tcp_create_segment
                0x0000000010004258       0xf8 CMakeFiles/uart_led.dir/home/rod-0310/pico/pico-sdk/lib/lwip/src/core/tcp_out.c.o
 .text.tcp_output_control_segment
                0x0000000010004350       0xc0 CMakeFiles/uart_led.dir/home/rod-0310/pico/pico-sdk/lib/lwip/src/core/tcp_out.c.o
 .text.tcp_output_alloc_header.constprop.0
                0x0000000010004410       0xcc CMakeFiles/uart_led.dir/home/rod-0310/pico/pico-sdk/lib/lwip/src/core/tcp_out.c.o
 .text.tcp_split_unsent_seg
                0x00000000100044dc      0x1c4 CMakeFiles/uart_led.dir/home/rod-0310/pico/pico-sdk/lib/lwip/src/core/tcp_out.c.o
                0x00000000100044dc                tcp_split_unsent_seg
 .text.tcp_send_fin
                0x00000000100046a0      0x12c CMakeFiles/uart_led.dir/home/rod-0310/pico/pico-sdk/lib/lwip/src/core/tcp_out.c.o
                0x00000000100046a0                tcp_send_fin
 .text.tcp_rexmit_rto_prepare
                0x00000000100047cc       0x9c CMakeFiles/uart_led.dir/home/rod-0310/pico/pico-sdk/lib/lwip/src/core/tcp_out.c.o
                0x00000000100047cc                tcp_rexmit_rto_prepare
 .text.tcp_rst  0x0000000010004868       0xe8 CMakeFiles/uart_led.dir/home/rod-0310/pico/pico-sdk/lib/lwip/src/core/tcp_out.c.o
                0x0000000010004868                tcp_rst
 .text.tcp_send_empty_ack
                0x0000000010004950       0x54 CMakeFiles/uart_led.dir/home/rod-0310/pico/pico-sdk/lib/lwip/src/core/tcp_out.c.o
                0x0000000010004950                tcp_send_empty_ack
 .text.tcp_output
                0x00000000100049a4      0x46c CMakeFiles/uart_led.dir/home/rod-0310/pico/pico-sdk/lib/lwip/src/core/tcp_out.c.o
                0x00000000100049a4                tcp_output
 .text.tcp_rexmit_rto_commit
                0x0000000010004e10       0x24 CMakeFiles/uart_led.dir/home/rod-0310/pico/pico-sdk/lib/lwip/src/core/tcp_out.c.o
                0x0000000010004e10                tcp_rexmit_rto_commit
 .text.tcp_keepalive
                0x0000000010004e34       0xe0 CMakeFiles/uart_led.dir/home/rod-0310/pico/pico-sdk/lib/lwip/src/core/tcp_out.c.o
                0x0000000010004e34                tcp_keepalive
 .text.tcp_zero_window_probe
                0x0000000010004f14      0x108 CMakeFiles/uart_led.dir/home/rod-0310/pico/pico-sdk/lib/lwip/src/core/tcp_out.c.o
                0x0000000010004f14                tcp_zero_window_probe
 .text.sys_timeout_abs
                0x000000001000501c       0x48 CMakeFiles/uart_led.dir/home/rod-0310/pico/pico-sdk/lib/lwip/src/core/timeouts.c.o
 .text.lwip_cyclic_timer
                0x0000000010005064       0x38 CMakeFiles/uart_led.dir/home/rod-0310/pico/pico-sdk/lib/lwip/src/core/timeouts.c.o
 .text.sys_timeouts_init
                0x000000001000509c       0x90 CMakeFiles/uart_led.dir/home/rod-0310/pico/pico-sdk/lib/lwip/src/core/timeouts.c.o
                0x000000001000509c                sys_timeouts_init
 .text.sys_check_timeouts
                0x000000001000512c       0x68 CMakeFiles/uart_led.dir/home/rod-0310/pico/pico-sdk/lib/lwip/src/core/timeouts.c.o
                0x000000001000512c                sys_check_timeouts
 .text.sys_timeouts_sleeptime
                0x0000000010005194       0x28 CMakeFiles/uart_led.dir/home/rod-0310/pico/pico-sdk/lib/lwip/src/core/timeouts.c.o
                0x0000000010005194                sys_timeouts_sleeptime
 .text.udp_init
                0x00000000100051bc       0x20 CMakeFiles/uart_led.dir/home/rod-0310/pico/pico-sdk/lib/lwip/src/core/udp.c.o
                0x00000000100051bc                udp_init
 .text.udp_bind
                0x00000000100051dc      0x10c CMakeFiles/uart_led.dir/home/rod-0310/pico/pico-sdk/lib/lwip/src/core/udp.c.o
                0x00000000100051dc                udp_bind
 .text.udp_sendto_if_src
                0x00000000100052e8      0x130 CMakeFiles/uart_led.dir/home/rod-0310/pico/pico-sdk/lib/lwip/src/core/udp.c.o
                0x00000000100052e8                udp_sendto_if_src
 .text.udp_sendto_if
                0x0000000010005418       0x48 CMakeFiles/uart_led.dir/home/rod-0310/pico/pico-sdk/lib/lwip/src/core/udp.c.o
                0x0000000010005418                udp_sendto_if
 .text.udp_sendto
                0x0000000010005460       0x7c CMakeFiles/uart_led.dir/home/rod-0310/pico/pico-sdk/lib/lwip/src/core/udp.c.o
                0x0000000010005460                udp_sendto
 .text.udp_connect
                0x00000000100054dc       0x64 CMakeFiles/uart_led.dir/home/rod-0310/pico/pico-sdk/lib/lwip/src/core/udp.c.o
                0x00000000100054dc                udp_connect
 .text.udp_recv
                0x0000000010005540        0xc CMakeFiles/uart_led.dir/home/rod-0310/pico/pico-sdk/lib/lwip/src/core/udp.c.o
                0x0000000010005540                udp_recv
 .text.udp_remove
                0x000000001000554c       0x3c CMakeFiles/uart_led.dir/home/rod-0310/pico/pico-sdk/lib/lwip/src/core/udp.c.o
                0x000000001000554c                udp_remove
 .text.udp_new  0x0000000010005588       0x1c CMakeFiles/uart_led.dir/home/rod-0310/pico/pico-sdk/lib/lwip/src/core/udp.c.o
                0x0000000010005588                udp_new
 .text.udp_netif_ip_addr_changed
                0x00000000100055a4       0x40 CMakeFiles/uart_led.dir/home/rod-0310/pico/pico-sdk/lib/lwip/src/core/udp.c.o
                0x00000000100055a4                udp_netif_ip_addr_changed
 .text.dhcp_create_msg
                0x00000000100055e4      0x16c CMakeFiles/uart_led.dir/home/rod-0310/pico/pico-sdk/lib/lwip/src/core/ipv4/dhcp.c.o
 .text.dhcp_inc_pcb_refcount
                0x0000000010005750       0x6c CMakeFiles/uart_led.dir/home/rod-0310/pico/pico-sdk/lib/lwip/src/core/ipv4/dhcp.c.o
 .text.dhcp_bind
                0x00000000100057bc      0x11c CMakeFiles/uart_led.dir/home/rod-0310/pico/pico-sdk/lib/lwip/src/core/ipv4/dhcp.c.o
 .text.dhcp_option_hostname.isra.0
                0x00000000100058d8       0x8c CMakeFiles/uart_led.dir/home/rod-0310/pico/pico-sdk/lib/lwip/src/core/ipv4/dhcp.c.o
 .text.dhcp_handle_ack.isra.0
                0x0000000010005964       0xcc CMakeFiles/uart_led.dir/home/rod-0310/pico/pico-sdk/lib/lwip/src/core/ipv4/dhcp.c.o
 .text.dhcp_reboot.isra.0
                0x0000000010005a30      0x1e4 CMakeFiles/uart_led.dir/home/rod-0310/pico/pico-sdk/lib/lwip/src/core/ipv4/dhcp.c.o
 .text.dhcp_discover
                0x0000000010005c14      0x198 CMakeFiles/uart_led.dir/home/rod-0310/pico/pico-sdk/lib/lwip/src/core/ipv4/dhcp.c.o
 .text.dhcp_select.isra.0
                0x0000000010005dac      0x268 CMakeFiles/uart_led.dir/home/rod-0310/pico/pico-sdk/lib/lwip/src/core/ipv4/dhcp.c.o
 .text.dhcp_recv
                0x0000000010006014      0x494 CMakeFiles/uart_led.dir/home/rod-0310/pico/pico-sdk/lib/lwip/src/core/ipv4/dhcp.c.o
 .text.dhcp_network_changed_link_up
                0x00000000100064a8       0x40 CMakeFiles/uart_led.dir/home/rod-0310/pico/pico-sdk/lib/lwip/src/core/ipv4/dhcp.c.o
                0x00000000100064a8                dhcp_network_changed_link_up
 .text.dhcp_renew
                0x00000000100064e8      0x1b8 CMakeFiles/uart_led.dir/home/rod-0310/pico/pico-sdk/lib/lwip/src/core/ipv4/dhcp.c.o
                0x00000000100064e8                dhcp_renew
 .text.dhcp_release_and_stop
                0x00000000100066a0      0x180 CMakeFiles/uart_led.dir/home/rod-0310/pico/pico-sdk/lib/lwip/src/core/ipv4/dhcp.c.o
                0x00000000100066a0                dhcp_release_and_stop
 .text.dhcp_start
                0x0000000010006820       0xb0 CMakeFiles/uart_led.dir/home/rod-0310/pico/pico-sdk/lib/lwip/src/core/ipv4/dhcp.c.o
                0x0000000010006820                dhcp_start
 .text.dhcp_coarse_tmr
                0x00000000100068d0      0x238 CMakeFiles/uart_led.dir/home/rod-0310/pico/pico-sdk/lib/lwip/src/core/ipv4/dhcp.c.o
                0x00000000100068d0                dhcp_coarse_tmr
 .text.dhcp_fine_tmr
                0x0000000010006b08       0x78 CMakeFiles/uart_led.dir/home/rod-0310/pico/pico-sdk/lib/lwip/src/core/ipv4/dhcp.c.o
                0x0000000010006b08                dhcp_fine_tmr
 .text.dhcp_stop
                0x0000000010006b80      0x180 CMakeFiles/uart_led.dir/home/rod-0310/pico/pico-sdk/lib/lwip/src/core/ipv4/dhcp.c.o
                0x0000000010006b80                dhcp_stop
 .text.etharp_raw
                0x0000000010006d00       0xec CMakeFiles/uart_led.dir/home/rod-0310/pico/pico-sdk/lib/lwip/src/core/ipv4/etharp.c.o
 .text.etharp_tmr
                0x0000000010006dec       0x94 CMakeFiles/uart_led.dir/home/rod-0310/pico/pico-sdk/lib/lwip/src/core/ipv4/etharp.c.o
                0x0000000010006dec                etharp_tmr
 .text.etharp_cleanup_netif
                0x0000000010006e80      0x188 CMakeFiles/uart_led.dir/home/rod-0310/pico/pico-sdk/lib/lwip/src/core/ipv4/etharp.c.o
                0x0000000010006e80                etharp_cleanup_netif
 .text.etharp_request
                0x0000000010007008       0x2c CMakeFiles/uart_led.dir/home/rod-0310/pico/pico-sdk/lib/lwip/src/core/ipv4/etharp.c.o
                0x0000000010007008                etharp_request
 .text.icmp_time_exceeded
                0x0000000010007034       0xd0 CMakeFiles/uart_led.dir/home/rod-0310/pico/pico-sdk/lib/lwip/src/core/ipv4/icmp.c.o
                0x0000000010007034                icmp_time_exceeded
 .text.ip_reass_free_complete_datagram
                0x0000000010007104      0x114 CMakeFiles/uart_led.dir/home/rod-0310/pico/pico-sdk/lib/lwip/src/core/ipv4/ip4_frag.c.o
 .text.ip_reass_tmr
                0x0000000010007218       0x38 CMakeFiles/uart_led.dir/home/rod-0310/pico/pico-sdk/lib/lwip/src/core/ipv4/ip4_frag.c.o
                0x0000000010007218                ip_reass_tmr
 .text.ip4_frag
                0x0000000010007250      0x17c CMakeFiles/uart_led.dir/home/rod-0310/pico/pico-sdk/lib/lwip/src/core/ipv4/ip4_frag.c.o
                0x0000000010007250                ip4_frag
 .text.ip4_route
                0x00000000100073cc       0x7c CMakeFiles/uart_led.dir/home/rod-0310/pico/pico-sdk/lib/lwip/src/core/ipv4/ip4.c.o
                0x00000000100073cc                ip4_route
 .text.ip4_output_if
                0x0000000010007448      0x190 CMakeFiles/uart_led.dir/home/rod-0310/pico/pico-sdk/lib/lwip/src/core/ipv4/ip4.c.o
                0x0000000010007448                ip4_output_if
 .text.ip4_output_if_src
                0x00000000100075d8      0x17c CMakeFiles/uart_led.dir/home/rod-0310/pico/pico-sdk/lib/lwip/src/core/ipv4/ip4.c.o
                0x00000000100075d8                ip4_output_if_src
 .text.ethernet_output
                0x0000000010007754       0x6c CMakeFiles/uart_led.dir/home/rod-0310/pico/pico-sdk/lib/lwip/src/netif/ethernet.c.o
                0x0000000010007754                ethernet_output
 .text.cyw43_arch_set_async_context
                0x00000000100077c0        0xc CMakeFiles/uart_led.dir/home/rod-0310/pico/pico-sdk/src/rp2_common/pico_cyw43_arch/cyw43_arch.c.o
                0x00000000100077c0                cyw43_arch_set_async_context
 .text.cyw43_arch_gpio_put
                0x00000000100077cc       0x14 CMakeFiles/uart_led.dir/home/rod-0310/pico/pico-sdk/src/rp2_common/pico_cyw43_arch/cyw43_arch.c.o
                0x00000000100077cc                cyw43_arch_gpio_put
 .text.cyw43_arch_async_context
                0x00000000100077e0        0xc CMakeFiles/uart_led.dir/home/rod-0310/pico/pico-sdk/src/rp2_common/pico_cyw43_arch/cyw43_arch.c.o
                0x00000000100077e0                cyw43_arch_async_context
 .text.cyw43_arch_init
                0x00000000100077ec       0x80 CMakeFiles/uart_led.dir/home/rod-0310/pico/pico-sdk/src/rp2_common/pico_cyw43_arch/cyw43_arch_threadsafe_background.c.o
                0x00000000100077ec                cyw43_arch_init
 .text.ns_delay.constprop.0
                0x000000001000786c       0x20 CMakeFiles/uart_led.dir/home/rod-0310/pico/pico-sdk/src/rp2_common/pico_cyw43_driver/cyw43_bus_pio_spi.c.o
 .text.cyw43_spi_deinit
                0x000000001000788c       0x6c CMakeFiles/uart_led.dir/home/rod-0310/pico/pico-sdk/src/rp2_common/pico_cyw43_driver/cyw43_bus_pio_spi.c.o
                0x000000001000788c                cyw43_spi_deinit
 .text.cyw43_spi_init
                0x00000000100078f8      0x12c CMakeFiles/uart_led.dir/home/rod-0310/pico/pico-sdk/src/rp2_common/pico_cyw43_driver/cyw43_bus_pio_spi.c.o
                0x00000000100078f8                cyw43_spi_init
 .text.cyw43_spi_transfer
                0x0000000010007a24      0x410 CMakeFiles/uart_led.dir/home/rod-0310/pico/pico-sdk/src/rp2_common/pico_cyw43_driver/cyw43_bus_pio_spi.c.o
                0x0000000010007a24                cyw43_spi_transfer
 .text.cyw43_spi_gpio_setup
                0x0000000010007e34       0x3c CMakeFiles/uart_led.dir/home/rod-0310/pico/pico-sdk/src/rp2_common/pico_cyw43_driver/cyw43_bus_pio_spi.c.o
                0x0000000010007e34                cyw43_spi_gpio_setup
 .text.cyw43_spi_reset
                0x0000000010007e70       0x28 CMakeFiles/uart_led.dir/home/rod-0310/pico/pico-sdk/src/rp2_common/pico_cyw43_driver/cyw43_bus_pio_spi.c.o
                0x0000000010007e70                cyw43_spi_reset
 .text.read_reg_u32_swap
                0x0000000010007e98       0x3c CMakeFiles/uart_led.dir/home/rod-0310/pico/pico-sdk/src/rp2_common/pico_cyw43_driver/cyw43_bus_pio_spi.c.o
                0x0000000010007e98                read_reg_u32_swap
 .text.cyw43_read_reg_u32
                0x0000000010007ed4       0x6c CMakeFiles/uart_led.dir/home/rod-0310/pico/pico-sdk/src/rp2_common/pico_cyw43_driver/cyw43_bus_pio_spi.c.o
                0x0000000010007ed4                cyw43_read_reg_u32
 .text.cyw43_read_reg_u16
                0x0000000010007f40       0x6c CMakeFiles/uart_led.dir/home/rod-0310/pico/pico-sdk/src/rp2_common/pico_cyw43_driver/cyw43_bus_pio_spi.c.o
                0x0000000010007f40                cyw43_read_reg_u16
 .text.cyw43_read_reg_u8
                0x0000000010007fac       0x6c CMakeFiles/uart_led.dir/home/rod-0310/pico/pico-sdk/src/rp2_common/pico_cyw43_driver/cyw43_bus_pio_spi.c.o
                0x0000000010007fac                cyw43_read_reg_u8
 .text.write_reg_u32_swap
                0x0000000010008018      0x208 CMakeFiles/uart_led.dir/home/rod-0310/pico/pico-sdk/src/rp2_common/pico_cyw43_driver/cyw43_bus_pio_spi.c.o
                0x0000000010008018                write_reg_u32_swap
 .text.cyw43_write_reg_u32
                0x0000000010008220      0x228 CMakeFiles/uart_led.dir/home/rod-0310/pico/pico-sdk/src/rp2_common/pico_cyw43_driver/cyw43_bus_pio_spi.c.o
                0x0000000010008220                cyw43_write_reg_u32
 .text.cyw43_write_reg_u16
                0x0000000010008448      0x228 CMakeFiles/uart_led.dir/home/rod-0310/pico/pico-sdk/src/rp2_common/pico_cyw43_driver/cyw43_bus_pio_spi.c.o
                0x0000000010008448                cyw43_write_reg_u16
 .text.cyw43_write_reg_u8
                0x0000000010008670      0x228 CMakeFiles/uart_led.dir/home/rod-0310/pico/pico-sdk/src/rp2_common/pico_cyw43_driver/cyw43_bus_pio_spi.c.o
                0x0000000010008670                cyw43_write_reg_u8
 .text.cyw43_read_bytes
                0x0000000010008898       0x78 CMakeFiles/uart_led.dir/home/rod-0310/pico/pico-sdk/src/rp2_common/pico_cyw43_driver/cyw43_bus_pio_spi.c.o
                0x0000000010008898                cyw43_read_bytes
 .text.cyw43_write_bytes
                0x0000000010008910       0xec CMakeFiles/uart_led.dir/home/rod-0310/pico/pico-sdk/src/rp2_common/pico_cyw43_driver/cyw43_bus_pio_spi.c.o
                0x0000000010008910                cyw43_write_bytes
 .text.cyw43_set_backplane_window
                0x00000000100089fc       0x64 CMakeFiles/uart_led.dir/home/rod-0310/pico/pico-sdk/lib/cyw43-driver/src/cyw43_ll.c.o
 .text.cyw43_ll_parse_async_event
                0x0000000010008a60      0x13c CMakeFiles/uart_led.dir/home/rod-0310/pico/pico-sdk/lib/cyw43-driver/src/cyw43_ll.c.o
 .text.cyw43_kso_set
                0x0000000010008b9c       0xa0 CMakeFiles/uart_led.dir/home/rod-0310/pico/pico-sdk/lib/cyw43-driver/src/cyw43_ll.c.o
 .text.cyw43_ll_sdpcm_poll_device
                0x0000000010008c3c      0x238 CMakeFiles/uart_led.dir/home/rod-0310/pico/pico-sdk/lib/cyw43-driver/src/cyw43_ll.c.o
 .text.cyw43_sdpcm_send_common
                0x0000000010008e74       0xf8 CMakeFiles/uart_led.dir/home/rod-0310/pico/pico-sdk/lib/cyw43-driver/src/cyw43_ll.c.o
 .text.cyw43_do_ioctl.part.0
                0x0000000010008f6c       0xc4 CMakeFiles/uart_led.dir/home/rod-0310/pico/pico-sdk/lib/cyw43-driver/src/cyw43_ll.c.o
 .text.cyw43_download_resource
                0x0000000010009030       0xd0 CMakeFiles/uart_led.dir/home/rod-0310/pico/pico-sdk/lib/cyw43-driver/src/cyw43_ll.c.o
 .text.cyw43_write_iovar_n
                0x0000000010009100       0x8c CMakeFiles/uart_led.dir/home/rod-0310/pico/pico-sdk/lib/cyw43-driver/src/cyw43_ll.c.o
 .text.cyw43_write_iovar_u32
                0x000000001000918c       0xa4 CMakeFiles/uart_led.dir/home/rod-0310/pico/pico-sdk/lib/cyw43-driver/src/cyw43_ll.c.o
 .text.cyw43_read_backplane.constprop.0
                0x0000000010009230       0xdc CMakeFiles/uart_led.dir/home/rod-0310/pico/pico-sdk/lib/cyw43-driver/src/cyw43_ll.c.o
 .text.cyw43_write_backplane
                0x000000001000930c      0x104 CMakeFiles/uart_led.dir/home/rod-0310/pico/pico-sdk/lib/cyw43-driver/src/cyw43_ll.c.o
 .text.reset_device_core.constprop.0
                0x0000000010009410      0x3f0 CMakeFiles/uart_led.dir/home/rod-0310/pico/pico-sdk/lib/cyw43-driver/src/cyw43_ll.c.o
 .text.cyw43_ll_init
                0x0000000010009800       0x1c CMakeFiles/uart_led.dir/home/rod-0310/pico/pico-sdk/lib/cyw43-driver/src/cyw43_ll.c.o
                0x0000000010009800                cyw43_ll_init
 .text.cyw43_ll_deinit
                0x000000001000981c        0x8 CMakeFiles/uart_led.dir/home/rod-0310/pico/pico-sdk/lib/cyw43-driver/src/cyw43_ll.c.o
                0x000000001000981c                cyw43_ll_deinit
 .text.cyw43_ll_process_packets
                0x0000000010009824       0x54 CMakeFiles/uart_led.dir/home/rod-0310/pico/pico-sdk/lib/cyw43-driver/src/cyw43_ll.c.o
                0x0000000010009824                cyw43_ll_process_packets
 .text.cyw43_ll_ioctl
                0x0000000010009878       0x80 CMakeFiles/uart_led.dir/home/rod-0310/pico/pico-sdk/lib/cyw43-driver/src/cyw43_ll.c.o
                0x0000000010009878                cyw43_ll_ioctl
 .text.cyw43_ll_bus_sleep
                0x00000000100098f8       0x34 CMakeFiles/uart_led.dir/home/rod-0310/pico/pico-sdk/lib/cyw43-driver/src/cyw43_ll.c.o
                0x00000000100098f8                cyw43_ll_bus_sleep
 .text.cyw43_ll_wifi_get_mac
                0x000000001000992c       0x74 CMakeFiles/uart_led.dir/home/rod-0310/pico/pico-sdk/lib/cyw43-driver/src/cyw43_ll.c.o
                0x000000001000992c                cyw43_ll_wifi_get_mac
 .text.cyw43_ll_bus_init
                0x00000000100099a0      0x90c CMakeFiles/uart_led.dir/home/rod-0310/pico/pico-sdk/lib/cyw43-driver/src/cyw43_ll.c.o
                0x00000000100099a0                cyw43_ll_bus_init
 .text.cyw43_ll_wifi_set_wpa_auth
                0x000000001000a2ac       0x4c CMakeFiles/uart_led.dir/home/rod-0310/pico/pico-sdk/lib/cyw43-driver/src/cyw43_ll.c.o
                0x000000001000a2ac                cyw43_ll_wifi_set_wpa_auth
 .text.cyw43_ll_wifi_rejoin
                0x000000001000a2f8       0x58 CMakeFiles/uart_led.dir/home/rod-0310/pico/pico-sdk/lib/cyw43-driver/src/cyw43_ll.c.o
                0x000000001000a2f8                cyw43_ll_wifi_rejoin
 .text.cyw43_ll_gpio_set
                0x000000001000a350       0x9c CMakeFiles/uart_led.dir/home/rod-0310/pico/pico-sdk/lib/cyw43-driver/src/cyw43_ll.c.o
                0x000000001000a350                cyw43_ll_gpio_set
 .text.cyw43_ll_has_work
                0x000000001000a3ec       0x14 CMakeFiles/uart_led.dir/home/rod-0310/pico/pico-sdk/lib/cyw43-driver/src/cyw43_ll.c.o
                0x000000001000a3ec                cyw43_ll_has_work
 .text.cyw43_cb_tcpip_deinit
                0x000000001000a400       0x4c CMakeFiles/uart_led.dir/home/rod-0310/pico/pico-sdk/lib/cyw43-driver/src/cyw43_lwip.c.o
                0x000000001000a400                cyw43_cb_tcpip_deinit
 .text.cyw43_cb_process_ethernet
                0x000000001000a44c       0x68 CMakeFiles/uart_led.dir/home/rod-0310/pico/pico-sdk/lib/cyw43-driver/src/cyw43_lwip.c.o
                0x000000001000a44c                cyw43_cb_process_ethernet
 .text.cyw43_cb_tcpip_set_link_up
                0x000000001000a4b4       0x18 CMakeFiles/uart_led.dir/home/rod-0310/pico/pico-sdk/lib/cyw43-driver/src/cyw43_lwip.c.o
                0x000000001000a4b4                cyw43_cb_tcpip_set_link_up
 .text.cyw43_cb_tcpip_set_link_down
                0x000000001000a4cc       0x18 CMakeFiles/uart_led.dir/home/rod-0310/pico/pico-sdk/lib/cyw43-driver/src/cyw43_lwip.c.o
                0x000000001000a4cc                cyw43_cb_tcpip_set_link_down
 .text.cyw43_poll_func
                0x000000001000a4e4       0xc0 CMakeFiles/uart_led.dir/home/rod-0310/pico/pico-sdk/lib/cyw43-driver/src/cyw43_ctrl.c.o
 .text.cyw43_init
                0x000000001000a5a4       0x6c CMakeFiles/uart_led.dir/home/rod-0310/pico/pico-sdk/lib/cyw43-driver/src/cyw43_ctrl.c.o
                0x000000001000a5a4                cyw43_init
 .text.cyw43_deinit
                0x000000001000a610       0x90 CMakeFiles/uart_led.dir/home/rod-0310/pico/pico-sdk/lib/cyw43-driver/src/cyw43_ctrl.c.o
                0x000000001000a610                cyw43_deinit
 .text.cyw43_cb_read_host_interrupt_pin
                0x000000001000a6a0        0xc CMakeFiles/uart_led.dir/home/rod-0310/pico/pico-sdk/lib/cyw43-driver/src/cyw43_ctrl.c.o
                0x000000001000a6a0                cyw43_cb_read_host_interrupt_pin
 .text.cyw43_cb_ensure_awake
                0x000000001000a6ac        0xc CMakeFiles/uart_led.dir/home/rod-0310/pico/pico-sdk/lib/cyw43-driver/src/cyw43_ctrl.c.o
                0x000000001000a6ac                cyw43_cb_ensure_awake
 .text.cyw43_cb_process_async_event
                0x000000001000a6b8      0x234 CMakeFiles/uart_led.dir/home/rod-0310/pico/pico-sdk/lib/cyw43-driver/src/cyw43_ctrl.c.o
                0x000000001000a6b8                cyw43_cb_process_async_event
 .text.cyw43_gpio_set
                0x000000001000a8ec       0xa0 CMakeFiles/uart_led.dir/home/rod-0310/pico/pico-sdk/lib/cyw43-driver/src/cyw43_ctrl.c.o
                0x000000001000a8ec                cyw43_gpio_set
 .text.pio_sm_set_pindirs_with_mask64
                0x000000001000a98c       0xa4 CMakeFiles/uart_led.dir/home/rod-0310/pico/pico-sdk/src/rp2_common/hardware_pio/pio.c.o
                0x000000001000a98c                pio_sm_set_pindirs_with_mask64
 .text.pio_sm_set_consecutive_pindirs
                0x000000001000aa30       0xbc CMakeFiles/uart_led.dir/home/rod-0310/pico/pico-sdk/src/rp2_common/hardware_pio/pio.c.o
                0x000000001000aa30                pio_sm_set_consecutive_pindirs
 .text.pio_claim_free_sm_and_add_program_for_gpio_range
                0x000000001000aaec      0x190 CMakeFiles/uart_led.dir/home/rod-0310/pico/pico-sdk/src/rp2_common/hardware_pio/pio.c.o
                0x000000001000aaec                pio_claim_free_sm_and_add_program_for_gpio_range
 .text.pio_remove_program_and_unclaim_sm
                0x000000001000ac7c       0x40 CMakeFiles/uart_led.dir/home/rod-0310/pico/pico-sdk/src/rp2_common/hardware_pio/pio.c.o
                0x000000001000ac7c                pio_remove_program_and_unclaim_sm
 .text.dma_channel_unclaim
                0x000000001000acbc       0x10 CMakeFiles/uart_led.dir/home/rod-0310/pico/pico-sdk/src/rp2_common/hardware_dma/dma.c.o
                0x000000001000acbc                dma_channel_unclaim
 .text.dma_claim_unused_channel
                0x000000001000accc       0x20 CMakeFiles/uart_led.dir/home/rod-0310/pico/pico-sdk/src/rp2_common/hardware_dma/dma.c.o
                0x000000001000accc                dma_claim_unused_channel
 .text.dma_channel_cleanup
                0x000000001000acec       0x64 CMakeFiles/uart_led.dir/home/rod-0310/pico/pico-sdk/src/rp2_common/hardware_dma/dma.c.o
                0x000000001000acec                dma_channel_cleanup
 .text.cyw43_sleep_timeout_reached
                0x000000001000ad50       0x10 CMakeFiles/uart_led.dir/home/rod-0310/pico/pico-sdk/src/rp2_common/pico_cyw43_driver/cyw43_driver.c.o
 .text.cyw43_irq_init
                0x000000001000ad60       0x28 CMakeFiles/uart_led.dir/home/rod-0310/pico/pico-sdk/src/rp2_common/pico_cyw43_driver/cyw43_driver.c.o
                0x000000001000ad60                cyw43_irq_init
 .text.cyw43_irq_deinit
                0x000000001000ad88       0x20 CMakeFiles/uart_led.dir/home/rod-0310/pico/pico-sdk/src/rp2_common/pico_cyw43_driver/cyw43_driver.c.o
                0x000000001000ad88                cyw43_irq_deinit
 .text.cyw43_gpio_irq_handler
                0x000000001000ada8       0x44 CMakeFiles/uart_led.dir/home/rod-0310/pico/pico-sdk/src/rp2_common/pico_cyw43_driver/cyw43_driver.c.o
 .text.cyw43_do_poll
                0x000000001000adec       0x6c CMakeFiles/uart_led.dir/home/rod-0310/pico/pico-sdk/src/rp2_common/pico_cyw43_driver/cyw43_driver.c.o
 .text.cyw43_post_poll_hook
                0x000000001000ae58       0x10 CMakeFiles/uart_led.dir/home/rod-0310/pico/pico-sdk/src/rp2_common/pico_cyw43_driver/cyw43_driver.c.o
                0x000000001000ae58                cyw43_post_poll_hook
 .text.cyw43_schedule_internal_poll_dispatch
                0x000000001000ae68       0x18 CMakeFiles/uart_led.dir/home/rod-0310/pico/pico-sdk/src/rp2_common/pico_cyw43_driver/cyw43_driver.c.o
                0x000000001000ae68                cyw43_schedule_internal_poll_dispatch
 .text.cyw43_driver_init
                0x000000001000ae80       0x38 CMakeFiles/uart_led.dir/home/rod-0310/pico/pico-sdk/src/rp2_common/pico_cyw43_driver/cyw43_driver.c.o
                0x000000001000ae80                cyw43_driver_init
 .text.cyw43_driver_deinit
                0x000000001000aeb8       0x44 CMakeFiles/uart_led.dir/home/rod-0310/pico/pico-sdk/src/rp2_common/pico_cyw43_driver/cyw43_driver.c.o
                0x000000001000aeb8                cyw43_driver_deinit
 .text.cyw43_hal_generate_laa_mac
                0x000000001000aefc       0x28 CMakeFiles/uart_led.dir/home/rod-0310/pico/pico-sdk/src/rp2_common/pico_cyw43_driver/cyw43_driver.c.o
                0x000000001000aefc                cyw43_hal_generate_laa_mac
 .text.cyw43_thread_enter
                0x000000001000af24       0x14 CMakeFiles/uart_led.dir/home/rod-0310/pico/pico-sdk/src/rp2_common/pico_cyw43_driver/cyw43_driver.c.o
                0x000000001000af24                cyw43_thread_enter
 .text.cyw43_thread_exit
                0x000000001000af38       0x14 CMakeFiles/uart_led.dir/home/rod-0310/pico/pico-sdk/src/rp2_common/pico_cyw43_driver/cyw43_driver.c.o
                0x000000001000af38                cyw43_thread_exit
 .text.cyw43_await_background_or_timeout_us
                0x000000001000af4c       0x60 CMakeFiles/uart_led.dir/home/rod-0310/pico/pico-sdk/src/rp2_common/pico_cyw43_driver/cyw43_driver.c.o
                0x000000001000af4c                cyw43_await_background_or_timeout_us
 .text.cyw43_delay_ms
                0x000000001000afac       0x44 CMakeFiles/uart_led.dir/home/rod-0310/pico/pico-sdk/src/rp2_common/pico_cyw43_driver/cyw43_driver.c.o
                0x000000001000afac                cyw43_delay_ms
 .text.async_context_threadsafe_background_acquire_lock_blocking
                0x000000001000aff0        0xc CMakeFiles/uart_led.dir/home/rod-0310/pico/pico-sdk/src/rp2_common/pico_async_context/async_context_threadsafe_background.c.o
 .text.alarm_handler
                0x000000001000affc       0x20 CMakeFiles/uart_led.dir/home/rod-0310/pico/pico-sdk/src/rp2_common/pico_async_context/async_context_threadsafe_background.c.o
 .text.async_context_threadsafe_background_set_work_pending
                0x000000001000b01c       0x1c CMakeFiles/uart_led.dir/home/rod-0310/pico/pico-sdk/src/rp2_common/pico_async_context/async_context_threadsafe_background.c.o
 .text.process_under_lock
                0x000000001000b038       0xc8 CMakeFiles/uart_led.dir/home/rod-0310/pico/pico-sdk/src/rp2_common/pico_async_context/async_context_threadsafe_background.c.o
 .text.async_context_threadsafe_background_execute_sync
                0x000000001000b100       0x30 CMakeFiles/uart_led.dir/home/rod-0310/pico/pico-sdk/src/rp2_common/pico_async_context/async_context_threadsafe_background.c.o
                0x000000001000b100                async_context_threadsafe_background_execute_sync
 .text.async_context_threadsafe_background_deinit
                0x000000001000b130       0x54 CMakeFiles/uart_led.dir/home/rod-0310/pico/pico-sdk/src/rp2_common/pico_async_context/async_context_threadsafe_background.c.o
 .text.low_priority_irq_handler
                0x000000001000b184       0x3c CMakeFiles/uart_led.dir/home/rod-0310/pico/pico-sdk/src/rp2_common/pico_async_context/async_context_threadsafe_background.c.o
 .text.async_context_threadsafe_background_wait_for_work_until
                0x000000001000b1c0        0xc CMakeFiles/uart_led.dir/home/rod-0310/pico/pico-sdk/src/rp2_common/pico_async_context/async_context_threadsafe_background.c.o
 .text.async_context_threadsafe_background_wait_until
                0x000000001000b1cc       0x1c CMakeFiles/uart_led.dir/home/rod-0310/pico/pico-sdk/src/rp2_common/pico_async_context/async_context_threadsafe_background.c.o
 .text.async_context_threadsafe_background_lock_check
                0x000000001000b1e8       0x28 CMakeFiles/uart_led.dir/home/rod-0310/pico/pico-sdk/src/rp2_common/pico_async_context/async_context_threadsafe_background.c.o
 .text.async_context_threadsafe_background_release_lock
                0x000000001000b210       0x1c CMakeFiles/uart_led.dir/home/rod-0310/pico/pico-sdk/src/rp2_common/pico_async_context/async_context_threadsafe_background.c.o
 .text.async_context_threadsafe_background_when_pending_worker
                0x000000001000b22c       0x34 CMakeFiles/uart_led.dir/home/rod-0310/pico/pico-sdk/src/rp2_common/pico_async_context/async_context_threadsafe_background.c.o
 .text.async_context_threadsafe_background_remove_at_time_worker
                0x000000001000b260       0x34 CMakeFiles/uart_led.dir/home/rod-0310/pico/pico-sdk/src/rp2_common/pico_async_context/async_context_threadsafe_background.c.o
 .text.async_context_threadsafe_background_add_when_pending_worker
                0x000000001000b294       0x34 CMakeFiles/uart_led.dir/home/rod-0310/pico/pico-sdk/src/rp2_common/pico_async_context/async_context_threadsafe_background.c.o
 .text.async_context_threadsafe_background_add_at_time_worker
                0x000000001000b2c8       0x34 CMakeFiles/uart_led.dir/home/rod-0310/pico/pico-sdk/src/rp2_common/pico_async_context/async_context_threadsafe_background.c.o
 .text.async_context_threadsafe_background_default_config
                0x000000001000b2fc        0xc CMakeFiles/uart_led.dir/home/rod-0310/pico/pico-sdk/src/rp2_common/pico_async_context/async_context_threadsafe_background.c.o
                0x000000001000b2fc                async_context_threadsafe_background_default_config
 .text.async_context_threadsafe_background_init
                0x000000001000b308       0x8c CMakeFiles/uart_led.dir/home/rod-0310/pico/pico-sdk/src/rp2_common/pico_async_context/async_context_threadsafe_background.c.o
                0x000000001000b308                async_context_threadsafe_background_init
 .text.first_per_core_initializer
                0x000000001000b394        0x4 CMakeFiles/uart_led.dir/home/rod-0310/pico/pico-sdk/src/rp2_common/pico_runtime/runtime.c.o
 .text.hard_assertion_failure
                0x000000001000b398        0xc CMakeFiles/uart_led.dir/home/rod-0310/pico/pico-sdk/src/rp2_common/pico_runtime/runtime.c.o
                0x000000001000b398                hard_assertion_failure
 .text.runtime_run_initializers
                0x000000001000b3a4       0x28 CMakeFiles/uart_led.dir/home/rod-0310/pico/pico-sdk/src/rp2_common/pico_runtime/runtime.c.o
                0x000000001000b3a4                runtime_run_initializers
 .text.runtime_init_early_resets
                0x000000001000b3cc       0x2c CMakeFiles/uart_led.dir/home/rod-0310/pico/pico-sdk/src/rp2_common/pico_runtime_init/runtime_init.c.o
                0x000000001000b3cc                runtime_init_early_resets
 .text.runtime_init_usb_power_down
                0x000000001000b3f8       0x1c CMakeFiles/uart_led.dir/home/rod-0310/pico/pico-sdk/src/rp2_common/pico_runtime_init/runtime_init.c.o
                0x000000001000b3f8                runtime_init_usb_power_down
 .text.runtime_init_post_clock_resets
                0x000000001000b414       0x20 CMakeFiles/uart_led.dir/home/rod-0310/pico/pico-sdk/src/rp2_common/pico_runtime_init/runtime_init.c.o
                0x000000001000b414                runtime_init_post_clock_resets
 .text.runtime_init_rp2040_gpio_ie_disable
                0x000000001000b434       0x14 CMakeFiles/uart_led.dir/home/rod-0310/pico/pico-sdk/src/rp2_common/pico_runtime_init/runtime_init.c.o
                0x000000001000b434                runtime_init_rp2040_gpio_ie_disable
 .text.runtime_init_spin_locks_reset
                0x000000001000b448        0x8 CMakeFiles/uart_led.dir/home/rod-0310/pico/pico-sdk/src/rp2_common/pico_runtime_init/runtime_init.c.o
                0x000000001000b448                runtime_init_spin_locks_reset
 .text.runtime_init_install_ram_vector_table
                0x000000001000b450       0x1c CMakeFiles/uart_led.dir/home/rod-0310/pico/pico-sdk/src/rp2_common/pico_runtime_init/runtime_init.c.o
                0x000000001000b450                runtime_init_install_ram_vector_table
 .text.runtime_init_clocks
                0x000000001000b46c       0xd8 CMakeFiles/uart_led.dir/home/rod-0310/pico/pico-sdk/src/rp2_common/pico_runtime_init/runtime_init_clocks.c.o
                0x000000001000b46c                runtime_init_clocks
 .text          0x000000001000b544       0x10 CMakeFiles/uart_led.dir/home/rod-0310/pico/pico-sdk/src/rp2_common/pico_bit_ops/bit_ops_aeabi.S.o
 .text.ctzsi    0x000000001000b554        0xc CMakeFiles/uart_led.dir/home/rod-0310/pico/pico-sdk/src/rp2_common/pico_bit_ops/bit_ops_aeabi.S.o
                0x000000001000b554                __wrap___ctzsi2
 .text.__wrap___aeabi_idiv
                0x000000001000b560       0x50 CMakeFiles/uart_led.dir/home/rod-0310/pico/pico-sdk/src/rp2_common/pico_divider/divider_hardware.S.o
                0x000000001000b560                __wrap___aeabi_idivmod
                0x000000001000b560                divmod_s32s32
                0x000000001000b560                div_s32s32
                0x000000001000b560                __wrap___aeabi_idiv
                0x000000001000b568                divmod_s32s32_unsafe
                0x000000001000b594                divmod_s32s32_savestate
 .text.__wrap___aeabi_uidiv
                0x000000001000b5b0       0x4c CMakeFiles/uart_led.dir/home/rod-0310/pico/pico-sdk/src/rp2_common/pico_divider/divider_hardware.S.o
                0x000000001000b5b0                __wrap___aeabi_uidiv
                0x000000001000b5b0                __wrap___aeabi_uidivmod
                0x000000001000b5b0                div_u32u32
                0x000000001000b5b0                divmod_u32u32
                0x000000001000b5b8                divmod_u32u32_unsafe
                0x000000001000b5e0                divmod_u32u32_savestate
 .text.__wrap___aeabi_ldiv
                0x000000001000b5fc      0x424 CMakeFiles/uart_led.dir/home/rod-0310/pico/pico-sdk/src/rp2_common/pico_divider/divider_hardware.S.o
                0x000000001000b5fc                div_s64s64
                0x000000001000b5fc                divmod_s64s64
                0x000000001000b5fc                __wrap___aeabi_ldivmod
                0x000000001000b62c                div_u64u64
                0x000000001000b62c                divmod_u64u64
                0x000000001000b62c                __wrap___aeabi_uldivmod
                0x000000001000b63c                divmod_u64u64_savestate
                0x000000001000b65c                divmod_s64s64_unsafe
                0x000000001000b6e4                divmod_u64u64_unsafe
 .text.__wrap___aeabi_darithmetic
                0x000000001000ba20       0x60 CMakeFiles/uart_led.dir/home/rod-0310/pico/pico-sdk/src/rp2_common/pico_double/double_aeabi_rp2040.S.o
                0x000000001000ba20                __wrap___aeabi_drsub
                0x000000001000ba26                __wrap___aeabi_dsub
                0x000000001000ba30                __wrap___aeabi_dadd
                0x000000001000ba3a                __wrap___aeabi_ddiv
                0x000000001000ba6e                __wrap___aeabi_dmul
 .text.__wrap___aeabi_cdcmple
                0x000000001000ba80       0x6c CMakeFiles/uart_led.dir/home/rod-0310/pico/pico-sdk/src/rp2_common/pico_double/double_aeabi_rp2040.S.o
                0x000000001000ba80                __wrap___aeabi_cdrcmple
                0x000000001000ba90                __wrap___aeabi_cdcmple
                0x000000001000ba90                __wrap___aeabi_cdcmpeq
 .text.__wrap___aeabi_dcmplt
                0x000000001000baec        0xc CMakeFiles/uart_led.dir/home/rod-0310/pico/pico-sdk/src/rp2_common/pico_double/double_aeabi_rp2040.S.o
                0x000000001000baec                __wrap___aeabi_dcmplt
 .text.__wrap___aeabi_dcmple
                0x000000001000baf8       0x10 CMakeFiles/uart_led.dir/home/rod-0310/pico/pico-sdk/src/rp2_common/pico_double/double_aeabi_rp2040.S.o
                0x000000001000baf8                __wrap___aeabi_dcmple
 .text.__wrap___aeabi_dcmpge
                0x000000001000bb08       0x10 CMakeFiles/uart_led.dir/home/rod-0310/pico/pico-sdk/src/rp2_common/pico_double/double_aeabi_rp2040.S.o
                0x000000001000bb08                __wrap___aeabi_dcmpge
 .text.__wrap___aeabi_dcmpgt
                0x000000001000bb18        0xa CMakeFiles/uart_led.dir/home/rod-0310/pico/pico-sdk/src/rp2_common/pico_double/double_aeabi_rp2040.S.o
                0x000000001000bb18                __wrap___aeabi_dcmpgt
 .text.__wrap___aeabi_dcmpun
                0x000000001000bb22       0x18 CMakeFiles/uart_led.dir/home/rod-0310/pico/pico-sdk/src/rp2_common/pico_double/double_aeabi_rp2040.S.o
                0x000000001000bb22                __wrap___aeabi_dcmpun
 *fill*         0x000000001000bb3a        0x2 
 .text.__wrap___aeabi_i2d
                0x000000001000bb3c       0x38 CMakeFiles/uart_led.dir/home/rod-0310/pico/pico-sdk/src/rp2_common/pico_double/double_aeabi_rp2040.S.o
                0x000000001000bb3c                __wrap___aeabi_ui2d
                0x000000001000bb3c                uint2double
                0x000000001000bb44                __wrap___aeabi_i2d
                0x000000001000bb44                int2double
 .text.__wrap___aeabi_d2iz
                0x000000001000bb74       0x48 CMakeFiles/uart_led.dir/home/rod-0310/pico/pico-sdk/src/rp2_common/pico_double/double_aeabi_rp2040.S.o
                0x000000001000bb74                __wrap___aeabi_d2iz
                0x000000001000bb74                double2int_z
 .text.__wrap___aeabi_d2uiz
                0x000000001000bbbc       0x10 CMakeFiles/uart_led.dir/home/rod-0310/pico/pico-sdk/src/rp2_common/pico_double/double_aeabi_rp2040.S.o
                0x000000001000bbbc                double2uint_z
                0x000000001000bbbc                double2uint
                0x000000001000bbbc                __wrap___aeabi_d2uiz
 .text.missing_double_func_shim
                0x000000001000bbcc        0xc CMakeFiles/uart_led.dir/home/rod-0310/pico/pico-sdk/src/rp2_common/pico_double/double_init_rom_rp2040.c.o
 .text.__aeabi_double_init
                0x000000001000bbd8       0xa4 CMakeFiles/uart_led.dir/home/rod-0310/pico/pico-sdk/src/rp2_common/pico_double/double_init_rom_rp2040.c.o
                0x000000001000bbd8                __aeabi_double_init
 .text.double_table_shim_on_use_helper
                0x000000001000bc7c       0x2c CMakeFiles/uart_led.dir/home/rod-0310/pico/pico-sdk/src/rp2_common/pico_double/double_v1_rom_shim_rp2040.S.o
                0x000000001000bc7c                double_table_shim_on_use_helper
 .text.__aeabi_lmul
                0x000000001000bca8       0x32 CMakeFiles/uart_led.dir/home/rod-0310/pico/pico-sdk/src/rp2_common/pico_int64_ops/pico_int64_ops_aeabi.S.o
                0x000000001000bca8                __wrap___aeabi_lmul
 *fill*         0x000000001000bcda        0x2 
 .text.missing_float_func_shim
                0x000000001000bcdc        0xc CMakeFiles/uart_led.dir/home/rod-0310/pico/pico-sdk/src/rp2_common/pico_float/float_init_rom_rp2040.c.o
 .text.__aeabi_float_init
                0x000000001000bce8       0x5c CMakeFiles/uart_led.dir/home/rod-0310/pico/pico-sdk/src/rp2_common/pico_float/float_init_rom_rp2040.c.o
                0x000000001000bce8                __aeabi_float_init
 .text          0x000000001000bd44       0x10 CMakeFiles/uart_led.dir/home/rod-0310/pico/pico-sdk/src/rp2_common/pico_mem_ops/mem_ops_aeabi.S.o
                0x000000001000bd44                __aeabi_mem_init
 .text.memset   0x000000001000bd54        0xc CMakeFiles/uart_led.dir/home/rod-0310/pico/pico-sdk/src/rp2_common/pico_mem_ops/mem_ops_aeabi.S.o
                0x000000001000bd54                __wrap_memset
 .text.memcpy   0x000000001000bd60        0xc CMakeFiles/uart_led.dir/home/rod-0310/pico/pico-sdk/src/rp2_common/pico_mem_ops/mem_ops_aeabi.S.o
                0x000000001000bd60                __wrap___aeabi_memcpy
                0x000000001000bd60                __wrap_memcpy
 .text._out_null
                0x000000001000bd6c        0x4 CMakeFiles/uart_led.dir/home/rod-0310/pico/pico-sdk/src/rp2_common/pico_printf/printf.c.o
 .text._out_rev
                0x000000001000bd70       0x9c CMakeFiles/uart_led.dir/home/rod-0310/pico/pico-sdk/src/rp2_common/pico_printf/printf.c.o
 .text._ntoa_format
                0x000000001000be0c      0x1cc CMakeFiles/uart_led.dir/home/rod-0310/pico/pico-sdk/src/rp2_common/pico_printf/printf.c.o
 .text._out_char
                0x000000001000bfd8       0x10 CMakeFiles/uart_led.dir/home/rod-0310/pico/pico-sdk/src/rp2_common/pico_printf/printf.c.o
 .text._out_fct
                0x000000001000bfe8       0x10 CMakeFiles/uart_led.dir/home/rod-0310/pico/pico-sdk/src/rp2_common/pico_printf/printf.c.o
 .text._etoa    0x000000001000bff8      0x44c CMakeFiles/uart_led.dir/home/rod-0310/pico/pico-sdk/src/rp2_common/pico_printf/printf.c.o
 .text._ftoa    0x000000001000c444      0x398 CMakeFiles/uart_led.dir/home/rod-0310/pico/pico-sdk/src/rp2_common/pico_printf/printf.c.o
 .text._vsnprintf
                0x000000001000c7dc      0xb04 CMakeFiles/uart_led.dir/home/rod-0310/pico/pico-sdk/src/rp2_common/pico_printf/printf.c.o
 .text.vfctprintf
                0x000000001000d2e0       0x20 CMakeFiles/uart_led.dir/home/rod-0310/pico/pico-sdk/src/rp2_common/pico_printf/printf.c.o
                0x000000001000d2e0                vfctprintf
 .text.weak_raw_vprintf
                0x000000001000d300       0x30 CMakeFiles/uart_led.dir/home/rod-0310/pico/pico-sdk/src/rp2_common/pico_printf/printf.c.o
                0x000000001000d300                weak_raw_vprintf
 .text._exit    0x000000001000d330        0x4 CMakeFiles/uart_led.dir/home/rod-0310/pico/pico-sdk/src/rp2_common/pico_clib_interface/newlib_interface.c.o
                0x000000001000d330                _exit
 .text.exit     0x000000001000d334        0x8 CMakeFiles/uart_led.dir/home/rod-0310/pico/pico-sdk/src/rp2_common/pico_clib_interface/newlib_interface.c.o
                0x000000001000d334                exit
 .text.runtime_init
                0x000000001000d33c       0x2c CMakeFiles/uart_led.dir/home/rod-0310/pico/pico-sdk/src/rp2_common/pico_clib_interface/newlib_interface.c.o
                0x000000001000d33c                runtime_init
 .text.stdio_out_chars_no_crlf
                0x000000001000d368       0x10 CMakeFiles/uart_led.dir/home/rod-0310/pico/pico-sdk/src/rp2_common/pico_stdio/stdio.c.o
 .text.stdio_out_chars_crlf
                0x000000001000d378       0xb4 CMakeFiles/uart_led.dir/home/rod-0310/pico/pico-sdk/src/rp2_common/pico_stdio/stdio.c.o
 .text.stdio_buffered_printer
                0x000000001000d42c       0x64 CMakeFiles/uart_led.dir/home/rod-0310/pico/pico-sdk/src/rp2_common/pico_stdio/stdio.c.o
 .text.stdio_put_string
                0x000000001000d490      0x100 CMakeFiles/uart_led.dir/home/rod-0310/pico/pico-sdk/src/rp2_common/pico_stdio/stdio.c.o
                0x000000001000d490                stdio_put_string
 .text.stdio_set_driver_enabled
                0x000000001000d590       0x30 CMakeFiles/uart_led.dir/home/rod-0310/pico/pico-sdk/src/rp2_common/pico_stdio/stdio.c.o
                0x000000001000d590                stdio_set_driver_enabled
 .text.stdio_init_all
                0x000000001000d5c0        0x8 CMakeFiles/uart_led.dir/home/rod-0310/pico/pico-sdk/src/rp2_common/pico_stdio/stdio.c.o
                0x000000001000d5c0                stdio_init_all
 .text.__wrap_putchar
                0x000000001000d5c8       0x98 CMakeFiles/uart_led.dir/home/rod-0310/pico/pico-sdk/src/rp2_common/pico_stdio/stdio.c.o
                0x000000001000d5c8                stdio_putchar
                0x000000001000d5c8                __wrap_putchar
 .text.__wrap_puts
                0x000000001000d660       0x3c CMakeFiles/uart_led.dir/home/rod-0310/pico/pico-sdk/src/rp2_common/pico_stdio/stdio.c.o
                0x000000001000d660                __wrap_puts
                0x000000001000d660                stdio_puts
 .text.__wrap_vprintf
                0x000000001000d69c       0xd8 CMakeFiles/uart_led.dir/home/rod-0310/pico/pico-sdk/src/rp2_common/pico_stdio/stdio.c.o
                0x000000001000d69c                __wrap_vprintf
                0x000000001000d69c                stdio_vprintf
 .text.__wrap_printf
                0x000000001000d774       0x18 CMakeFiles/uart_led.dir/home/rod-0310/pico/pico-sdk/src/rp2_common/pico_stdio/stdio.c.o
                0x000000001000d774                stdio_printf
                0x000000001000d774                __wrap_printf
 .text.resetd_init
                0x000000001000d78c        0x4 CMakeFiles/uart_led.dir/home/rod-0310/pico/pico-sdk/src/rp2_common/pico_stdio_usb/reset_interface.c.o
 .text.resetd_reset
                0x000000001000d790        0xc CMakeFiles/uart_led.dir/home/rod-0310/pico/pico-sdk/src/rp2_common/pico_stdio_usb/reset_interface.c.o
 .text.resetd_open
                0x000000001000d79c       0x28 CMakeFiles/uart_led.dir/home/rod-0310/pico/pico-sdk/src/rp2_common/pico_stdio_usb/reset_interface.c.o
 .text.resetd_xfer_cb
                0x000000001000d7c4        0x4 CMakeFiles/uart_led.dir/home/rod-0310/pico/pico-sdk/src/rp2_common/pico_stdio_usb/reset_interface.c.o
 .text.resetd_control_xfer_cb
                0x000000001000d7c8       0x60 CMakeFiles/uart_led.dir/home/rod-0310/pico/pico-sdk/src/rp2_common/pico_stdio_usb/reset_interface.c.o
 .text.tud_descriptor_bos_cb
                0x000000001000d828        0x8 CMakeFiles/uart_led.dir/home/rod-0310/pico/pico-sdk/src/rp2_common/pico_stdio_usb/reset_interface.c.o
                0x000000001000d828                tud_descriptor_bos_cb
 .text.tud_vendor_control_xfer_cb
                0x000000001000d830       0x34 CMakeFiles/uart_led.dir/home/rod-0310/pico/pico-sdk/src/rp2_common/pico_stdio_usb/reset_interface.c.o
                0x000000001000d830                tud_vendor_control_xfer_cb
 .text.usbd_app_driver_get_cb
                0x000000001000d864        0xc CMakeFiles/uart_led.dir/home/rod-0310/pico/pico-sdk/src/rp2_common/pico_stdio_usb/reset_interface.c.o
                0x000000001000d864                usbd_app_driver_get_cb
 .text.tud_cdc_line_coding_cb
                0x000000001000d870       0x2c CMakeFiles/uart_led.dir/home/rod-0310/pico/pico-sdk/src/rp2_common/pico_stdio_usb/reset_interface.c.o
                0x000000001000d870                tud_cdc_line_coding_cb
 .text.stdio_usb_set_chars_available_callback
                0x000000001000d89c       0x14 CMakeFiles/uart_led.dir/home/rod-0310/pico/pico-sdk/src/rp2_common/pico_stdio_usb/stdio_usb.c.o
                0x000000001000d89c                stdio_usb_set_chars_available_callback
 .text.usb_irq  0x000000001000d8b0       0x10 CMakeFiles/uart_led.dir/home/rod-0310/pico/pico-sdk/src/rp2_common/pico_stdio_usb/stdio_usb.c.o
 .text.timer_task
                0x000000001000d8c0       0x64 CMakeFiles/uart_led.dir/home/rod-0310/pico/pico-sdk/src/rp2_common/pico_stdio_usb/stdio_usb.c.o
 .text.stdio_usb_in_chars
                0x000000001000d924       0x90 CMakeFiles/uart_led.dir/home/rod-0310/pico/pico-sdk/src/rp2_common/pico_stdio_usb/stdio_usb.c.o
                0x000000001000d924                stdio_usb_in_chars
 .text.stdio_usb_out_flush
                0x000000001000d9b4       0x50 CMakeFiles/uart_led.dir/home/rod-0310/pico/pico-sdk/src/rp2_common/pico_stdio_usb/stdio_usb.c.o
 .text.stdio_usb_out_chars
                0x000000001000da04      0x100 CMakeFiles/uart_led.dir/home/rod-0310/pico/pico-sdk/src/rp2_common/pico_stdio_usb/stdio_usb.c.o
 .text.low_priority_worker_irq
                0x000000001000db04       0xc8 CMakeFiles/uart_led.dir/home/rod-0310/pico/pico-sdk/src/rp2_common/pico_stdio_usb/stdio_usb.c.o
 .text.stdio_usb_init
                0x000000001000dbcc       0xe8 CMakeFiles/uart_led.dir/home/rod-0310/pico/pico-sdk/src/rp2_common/pico_stdio_usb/stdio_usb.c.o
                0x000000001000dbcc                stdio_usb_init
 .text.tud_descriptor_device_cb
                0x000000001000dcb4        0x8 CMakeFiles/uart_led.dir/home/rod-0310/pico/pico-sdk/src/rp2_common/pico_stdio_usb/stdio_usb_descriptors.c.o
                0x000000001000dcb4                tud_descriptor_device_cb
 .text.tud_descriptor_configuration_cb
                0x000000001000dcbc        0x8 CMakeFiles/uart_led.dir/home/rod-0310/pico/pico-sdk/src/rp2_common/pico_stdio_usb/stdio_usb_descriptors.c.o
                0x000000001000dcbc                tud_descriptor_configuration_cb
 .text.tud_descriptor_string_cb
                0x000000001000dcc4       0x74 CMakeFiles/uart_led.dir/home/rod-0310/pico/pico-sdk/src/rp2_common/pico_stdio_usb/stdio_usb_descriptors.c.o
                0x000000001000dcc4                tud_descriptor_string_cb
 .text.dcd_init
                0x000000001000dd38       0x90 CMakeFiles/uart_led.dir/home/rod-0310/pico/pico-sdk/lib/tinyusb/src/portable/raspberrypi/rp2040/dcd_rp2040.c.o
                0x000000001000dd38                dcd_init
 .text.dcd_int_enable
                0x000000001000ddc8        0xc CMakeFiles/uart_led.dir/home/rod-0310/pico/pico-sdk/lib/tinyusb/src/portable/raspberrypi/rp2040/dcd_rp2040.c.o
                0x000000001000ddc8                dcd_int_enable
 .text.dcd_set_address
                0x000000001000ddd4       0x14 CMakeFiles/uart_led.dir/home/rod-0310/pico/pico-sdk/lib/tinyusb/src/portable/raspberrypi/rp2040/dcd_rp2040.c.o
                0x000000001000ddd4                dcd_set_address
 .text.dcd_sof_enable
                0x000000001000dde8       0x1c CMakeFiles/uart_led.dir/home/rod-0310/pico/pico-sdk/lib/tinyusb/src/portable/raspberrypi/rp2040/dcd_rp2040.c.o
                0x000000001000dde8                dcd_sof_enable
 .text.dcd_edpt0_status_complete
                0x000000001000de04       0x1c CMakeFiles/uart_led.dir/home/rod-0310/pico/pico-sdk/lib/tinyusb/src/portable/raspberrypi/rp2040/dcd_rp2040.c.o
                0x000000001000de04                dcd_edpt0_status_complete
 .text.dcd_edpt_open
                0x000000001000de20      0x114 CMakeFiles/uart_led.dir/home/rod-0310/pico/pico-sdk/lib/tinyusb/src/portable/raspberrypi/rp2040/dcd_rp2040.c.o
                0x000000001000de20                dcd_edpt_open
 .text.dcd_edpt_close_all
                0x000000001000df34        0x8 CMakeFiles/uart_led.dir/home/rod-0310/pico/pico-sdk/lib/tinyusb/src/portable/raspberrypi/rp2040/dcd_rp2040.c.o
                0x000000001000df34                dcd_edpt_close_all
 .text.dcd_edpt_xfer
                0x000000001000df3c       0x24 CMakeFiles/uart_led.dir/home/rod-0310/pico/pico-sdk/lib/tinyusb/src/portable/raspberrypi/rp2040/dcd_rp2040.c.o
                0x000000001000df3c                dcd_edpt_xfer
 .text.dcd_edpt_stall
                0x000000001000df60       0x38 CMakeFiles/uart_led.dir/home/rod-0310/pico/pico-sdk/lib/tinyusb/src/portable/raspberrypi/rp2040/dcd_rp2040.c.o
                0x000000001000df60                dcd_edpt_stall
 .text.dcd_edpt_clear_stall
                0x000000001000df98       0x30 CMakeFiles/uart_led.dir/home/rod-0310/pico/pico-sdk/lib/tinyusb/src/portable/raspberrypi/rp2040/dcd_rp2040.c.o
                0x000000001000df98                dcd_edpt_clear_stall
 .text.rp2040_usb_init
                0x000000001000dfc8       0x40 CMakeFiles/uart_led.dir/home/rod-0310/pico/pico-sdk/lib/tinyusb/src/portable/raspberrypi/rp2040/rp2040_usb.c.o
                0x000000001000dfc8                rp2040_usb_init
 .text.hw_endpoint_xfer_start
                0x000000001000e008       0x50 CMakeFiles/uart_led.dir/home/rod-0310/pico/pico-sdk/lib/tinyusb/src/portable/raspberrypi/rp2040/rp2040_usb.c.o
                0x000000001000e008                hw_endpoint_xfer_start
 .text.tud_event_hook_cb
                0x000000001000e058        0x4 CMakeFiles/uart_led.dir/home/rod-0310/pico/pico-sdk/lib/tinyusb/src/device/usbd.c.o
                0x000000001000e058                tud_event_hook_cb
 .text.tud_sof_cb
                0x000000001000e05c        0x4 CMakeFiles/uart_led.dir/home/rod-0310/pico/pico-sdk/lib/tinyusb/src/device/usbd.c.o
                0x000000001000e05c                tud_sof_cb
 .text.tud_descriptor_device_qualifier_cb
                0x000000001000e060        0x4 CMakeFiles/uart_led.dir/home/rod-0310/pico/pico-sdk/lib/tinyusb/src/device/usbd.c.o
                0x000000001000e060                tud_descriptor_device_qualifier_cb
 .text.tud_descriptor_other_speed_configuration_cb
                0x000000001000e064        0x4 CMakeFiles/uart_led.dir/home/rod-0310/pico/pico-sdk/lib/tinyusb/src/device/usbd.c.o
                0x000000001000e064                tud_descriptor_other_speed_configuration_cb
 .text.tud_mount_cb
                0x000000001000e068        0x4 CMakeFiles/uart_led.dir/home/rod-0310/pico/pico-sdk/lib/tinyusb/src/device/usbd.c.o
                0x000000001000e068                tud_mount_cb
 .text.tud_umount_cb
                0x000000001000e06c        0x4 CMakeFiles/uart_led.dir/home/rod-0310/pico/pico-sdk/lib/tinyusb/src/device/usbd.c.o
                0x000000001000e06c                tud_umount_cb
 .text.tud_suspend_cb
                0x000000001000e070        0x4 CMakeFiles/uart_led.dir/home/rod-0310/pico/pico-sdk/lib/tinyusb/src/device/usbd.c.o
                0x000000001000e070                tud_suspend_cb
 .text.tud_resume_cb
                0x000000001000e074        0x4 CMakeFiles/uart_led.dir/home/rod-0310/pico/pico-sdk/lib/tinyusb/src/device/usbd.c.o
                0x000000001000e074                tud_resume_cb
 .text.tud_mounted
                0x000000001000e078       0x10 CMakeFiles/uart_led.dir/home/rod-0310/pico/pico-sdk/lib/tinyusb/src/device/usbd.c.o
                0x000000001000e078                tud_mounted
 .text.tud_suspended
                0x000000001000e088       0x10 CMakeFiles/uart_led.dir/home/rod-0310/pico/pico-sdk/lib/tinyusb/src/device/usbd.c.o
                0x000000001000e088                tud_suspended
 .text.tud_rhport_init
                0x000000001000e098       0xf4 CMakeFiles/uart_led.dir/home/rod-0310/pico/pico-sdk/lib/tinyusb/src/device/usbd.c.o
                0x000000001000e098                tud_rhport_init
 .text.tud_task_ext
                0x000000001000e18c      0x800 CMakeFiles/uart_led.dir/home/rod-0310/pico/pico-sdk/lib/tinyusb/src/device/usbd.c.o
                0x000000001000e18c                tud_task_ext
 .text.usbd_open_edpt_pair
                0x000000001000e98c       0x9c CMakeFiles/uart_led.dir/home/rod-0310/pico/pico-sdk/lib/tinyusb/src/device/usbd.c.o
                0x000000001000e98c                usbd_open_edpt_pair
 .text.usbd_edpt_open
                0x000000001000ea28       0x34 CMakeFiles/uart_led.dir/home/rod-0310/pico/pico-sdk/lib/tinyusb/src/device/usbd.c.o
                0x000000001000ea28                usbd_edpt_open
 .text.usbd_edpt_claim
                0x000000001000ea5c       0x28 CMakeFiles/uart_led.dir/home/rod-0310/pico/pico-sdk/lib/tinyusb/src/device/usbd.c.o
                0x000000001000ea5c                usbd_edpt_claim
 .text.usbd_edpt_release
                0x000000001000ea84       0x28 CMakeFiles/uart_led.dir/home/rod-0310/pico/pico-sdk/lib/tinyusb/src/device/usbd.c.o
                0x000000001000ea84                usbd_edpt_release
 .text.usbd_edpt_xfer
                0x000000001000eaac       0x4c CMakeFiles/uart_led.dir/home/rod-0310/pico/pico-sdk/lib/tinyusb/src/device/usbd.c.o
                0x000000001000eaac                usbd_edpt_xfer
 .text.tud_control_status
                0x000000001000eaf8       0x30 CMakeFiles/uart_led.dir/home/rod-0310/pico/pico-sdk/lib/tinyusb/src/device/usbd_control.c.o
                0x000000001000eaf8                tud_control_status
 .text.tud_control_xfer
                0x000000001000eb28       0xbc CMakeFiles/uart_led.dir/home/rod-0310/pico/pico-sdk/lib/tinyusb/src/device/usbd_control.c.o
                0x000000001000eb28                tud_control_xfer
 .text.usbd_control_reset
                0x000000001000ebe4       0x14 CMakeFiles/uart_led.dir/home/rod-0310/pico/pico-sdk/lib/tinyusb/src/device/usbd_control.c.o
                0x000000001000ebe4                usbd_control_reset
 .text.usbd_control_set_complete_callback
                0x000000001000ebf8        0xc CMakeFiles/uart_led.dir/home/rod-0310/pico/pico-sdk/lib/tinyusb/src/device/usbd_control.c.o
                0x000000001000ebf8                usbd_control_set_complete_callback
 .text.usbd_control_set_request
                0x000000001000ec04       0x1c CMakeFiles/uart_led.dir/home/rod-0310/pico/pico-sdk/lib/tinyusb/src/device/usbd_control.c.o
                0x000000001000ec04                usbd_control_set_request
 .text.usbd_control_xfer_cb
                0x000000001000ec20       0xf0 CMakeFiles/uart_led.dir/home/rod-0310/pico/pico-sdk/lib/tinyusb/src/device/usbd_control.c.o
                0x000000001000ec20                usbd_control_xfer_cb
 .text._prep_out_transaction.isra.0
                0x000000001000ed10       0x6c CMakeFiles/uart_led.dir/home/rod-0310/pico/pico-sdk/lib/tinyusb/src/class/cdc/cdc_device.c.o
 .text.tud_cdc_n_connected
                0x000000001000ed7c       0x2c CMakeFiles/uart_led.dir/home/rod-0310/pico/pico-sdk/lib/tinyusb/src/class/cdc/cdc_device.c.o
                0x000000001000ed7c                tud_cdc_n_connected
 .text.tud_cdc_n_available