Archive member included to satisfy reference by file (symbol)

/usr/lib/gcc/arm-none-eabi/10.3.1/thumb/v6-m/nofp/libgcc.a(_dvmd_tls.o)
                              CMakeFiles/templete1.dir/home/rod-0310/pico/pico-sdk/src/rp2_common/pico_divider/divider_hardware.S.o (__aeabi_idiv0)
/usr/lib/gcc/arm-none-eabi/10.3.1/../../../arm-none-eabi/lib/thumb/v6-m/nofp/libg.a(lib_a-atexit.o)
                              /usr/lib/gcc/arm-none-eabi/10.3.1/../../../arm-none-eabi/lib/thumb/v6-m/nofp/crt0.o (atexit)
/usr/lib/gcc/arm-none-eabi/10.3.1/../../../arm-none-eabi/lib/thumb/v6-m/nofp/libg.a(lib_a-calloc.o)
                              CMakeFiles/templete1.dir/home/rod-0310/pico/pico-sdk/src/rp2_common/pico_malloc/malloc.c.o (calloc)
/usr/lib/gcc/arm-none-eabi/10.3.1/../../../arm-none-eabi/lib/thumb/v6-m/nofp/libg.a(lib_a-callocr.o)
                              /usr/lib/gcc/arm-none-eabi/10.3.1/../../../arm-none-eabi/lib/thumb/v6-m/nofp/libg.a(lib_a-calloc.o) (_calloc_r)
/usr/lib/gcc/arm-none-eabi/10.3.1/../../../arm-none-eabi/lib/thumb/v6-m/nofp/libg.a(lib_a-fini.o)
                              /usr/lib/gcc/arm-none-eabi/10.3.1/../../../arm-none-eabi/lib/thumb/v6-m/nofp/crt0.o (__libc_fini_array)
/usr/lib/gcc/arm-none-eabi/10.3.1/../../../arm-none-eabi/lib/thumb/v6-m/nofp/libg.a(lib_a-impure.o)
                              /usr/lib/gcc/arm-none-eabi/10.3.1/../../../arm-none-eabi/lib/thumb/v6-m/nofp/libg.a(lib_a-calloc.o) (_impure_ptr)
/usr/lib/gcc/arm-none-eabi/10.3.1/../../../arm-none-eabi/lib/thumb/v6-m/nofp/libg.a(lib_a-init.o)
                              /usr/lib/gcc/arm-none-eabi/10.3.1/../../../arm-none-eabi/lib/thumb/v6-m/nofp/crt0.o (__libc_init_array)
/usr/lib/gcc/arm-none-eabi/10.3.1/../../../arm-none-eabi/lib/thumb/v6-m/nofp/libg.a(lib_a-lcltime_r.o)
                              CMakeFiles/templete1.dir/home/rod-0310/pico/pico-sdk/src/common/pico_util/datetime.c.o (localtime_r)
/usr/lib/gcc/arm-none-eabi/10.3.1/../../../arm-none-eabi/lib/thumb/v6-m/nofp/libg.a(lib_a-malloc.o)
                              CMakeFiles/templete1.dir/home/rod-0310/pico/pico-sdk/src/rp2_common/pico_malloc/malloc.c.o (malloc)
/usr/lib/gcc/arm-none-eabi/10.3.1/../../../arm-none-eabi/lib/thumb/v6-m/nofp/libg.a(lib_a-mallocr.o)
                              /usr/lib/gcc/arm-none-eabi/10.3.1/../../../arm-none-eabi/lib/thumb/v6-m/nofp/libg.a(lib_a-callocr.o) (_malloc_r)
/usr/lib/gcc/arm-none-eabi/10.3.1/../../../arm-none-eabi/lib/thumb/v6-m/nofp/libg.a(lib_a-memcmp.o)
                              CMakeFiles/templete1.dir/home/rod-0310/pico/pico-sdk/src/rp2_common/pico_atomic/atomic.c.o (memcmp)
/usr/lib/gcc/arm-none-eabi/10.3.1/../../../arm-none-eabi/lib/thumb/v6-m/nofp/libg.a(lib_a-memmove.o)
                              CMakeFiles/templete1.dir/home/rod-0310/pico/pico-sdk/lib/cyw43-driver/src/cyw43_ll.c.o (memmove)
/usr/lib/gcc/arm-none-eabi/10.3.1/../../../arm-none-eabi/lib/thumb/v6-m/nofp/libg.a(lib_a-mktime.o)
                              CMakeFiles/templete1.dir/home/rod-0310/pico/pico-sdk/src/common/pico_util/datetime.c.o (mktime)
/usr/lib/gcc/arm-none-eabi/10.3.1/../../../arm-none-eabi/lib/thumb/v6-m/nofp/libg.a(lib_a-mlock.o)
                              /usr/lib/gcc/arm-none-eabi/10.3.1/../../../arm-none-eabi/lib/thumb/v6-m/nofp/libg.a(lib_a-mallocr.o) (__malloc_lock)
/usr/lib/gcc/arm-none-eabi/10.3.1/../../../arm-none-eabi/lib/thumb/v6-m/nofp/libg.a(lib_a-month_lengths.o)
                              /usr/lib/gcc/arm-none-eabi/10.3.1/../../../arm-none-eabi/lib/thumb/v6-m/nofp/libg.a(lib_a-lcltime_r.o) (__month_lengths)
/usr/lib/gcc/arm-none-eabi/10.3.1/../../../arm-none-eabi/lib/thumb/v6-m/nofp/libg.a(lib_a-realloc.o)
                              CMakeFiles/templete1.dir/home/rod-0310/pico/pico-sdk/src/rp2_common/pico_malloc/malloc.c.o (realloc)
/usr/lib/gcc/arm-none-eabi/10.3.1/../../../arm-none-eabi/lib/thumb/v6-m/nofp/libg.a(lib_a-reallocr.o)
                              /usr/lib/gcc/arm-none-eabi/10.3.1/../../../arm-none-eabi/lib/thumb/v6-m/nofp/libg.a(lib_a-realloc.o) (_realloc_r)
/usr/lib/gcc/arm-none-eabi/10.3.1/../../../arm-none-eabi/lib/thumb/v6-m/nofp/libg.a(lib_a-sbrkr.o)
                              /usr/lib/gcc/arm-none-eabi/10.3.1/../../../arm-none-eabi/lib/thumb/v6-m/nofp/libg.a(lib_a-mallocr.o) (_sbrk_r)
/usr/lib/gcc/arm-none-eabi/10.3.1/../../../arm-none-eabi/lib/thumb/v6-m/nofp/libg.a(lib_a-strlen-stub.o)
                              CMakeFiles/templete1.dir/home/rod-0310/pico/pico-sdk/src/rp2_common/pico_stdio/stdio.c.o (strlen)
/usr/lib/gcc/arm-none-eabi/10.3.1/../../../arm-none-eabi/lib/thumb/v6-m/nofp/libg.a(lib_a-strncmp.o)
                              CMakeFiles/templete1.dir/home/rod-0310/pico/pico-sdk/lib/cyw43-driver/src/cyw43_ll.c.o (strncmp)
/usr/lib/gcc/arm-none-eabi/10.3.1/../../../arm-none-eabi/lib/thumb/v6-m/nofp/libg.a(lib_a-tzcalc_limits.o)
[...]
Memory Configuration

Name             Origin             Length             Attributes
FLASH            0x0000000010000000 0x0000000000200000 xr
RAM              0x0000000020000000 0x0000000000040000 xrw
SCRATCH_X        0x0000000020040000 0x0000000000001000 xrw
SCRATCH_Y        0x0000000020041000 0x0000000000001000 xrw
*default*        0x0000000000000000 0xffffffffffffffff

Linker script and memory map

LOAD /usr/lib/gcc/arm-none-eabi/10.3.1/thumb/v6-m/nofp/crti.o
LOAD /usr/lib/gcc/arm-none-eabi/10.3.1/thumb/v6-m/nofp/crtbegin.o
LOAD /usr/lib/gcc/arm-none-eabi/10.3.1/../../../arm-none-eabi/lib/thumb/v6-m/nofp/crt0.o

.flash_begin    0x0000000010000000        0x0
                0x0000000010000000                __flash_binary_start = .

.boot2          0x0000000010000000      0x100
                0x0000000010000000                __boot2_start__ = .
 *(.boot2)
 .boot2         0x0000000010000000      0x100 pico-sdk/src/rp2040/boot_stage2/CMakeFiles/bs2_default_library.dir/bs2_default_padded_checksummed.S.o
                0x0000000010000100                __boot2_end__ = .
                0x0000000000000001                ASSERT (((__boot2_end__ - __boot2_start__) == 0x100), ERROR: Pico second stage bootloader must be 256 bytes in size)

.text           0x0000000010000100     0xaa94
                0x0000000010000100                __logical_binary_start = .
 *(.vectors)
 .vectors       0x0000000010000100       0xd4 CMakeFiles/templete1.dir/home/rod-0310/pico/pico-sdk/src/rp2_common/pico_crt0/crt0.S.o
                0x0000000010000100                __vectors
                0x0000000010000100                __VECTOR_TABLE
                0x00000000100001c0                isr_invalid
                0x00000000100001c0                __default_isrs_start
                0x00000000100001c2                isr_nmi
                0x00000000100001c4                isr_hardfault
                0x00000000100001c6                isr_svcall
                0x00000000100001c8                isr_pendsv
                0x00000000100001ca                isr_systick
                0x00000000100001cc                isr_irq30
                0x00000000100001cc                __unhandled_user_irq
                0x00000000100001cc                isr_irq13
                0x00000000100001cc                isr_irq27
                0x00000000100001cc                isr_irq31
                0x00000000100001cc                isr_irq5
                0x00000000100001cc                isr_irq11
                0x00000000100001cc                isr_irq23
                0x00000000100001cc                isr_irq18
                0x00000000100001cc                isr_irq28
                0x00000000100001cc                isr_irq19
                0x00000000100001cc                isr_irq0
                0x00000000100001cc                isr_irq6
                0x00000000100001cc                isr_irq22
                0x00000000100001cc                isr_irq17
                0x00000000100001cc                isr_irq14
                0x00000000100001cc                isr_irq2
                0x00000000100001cc                isr_irq10
                0x00000000100001cc                isr_irq8
                0x00000000100001cc                isr_irq24
                0x00000000100001cc                isr_irq1
                0x00000000100001cc                isr_irq7
                0x00000000100001cc                isr_irq21
                0x00000000100001cc                isr_irq20
                0x00000000100001cc                isr_irq15
                0x00000000100001cc                isr_irq25
                0x00000000100001cc                isr_irq4
                0x00000000100001cc                isr_irq16
                0x00000000100001cc                isr_irq29
                0x00000000100001cc                isr_irq26
                0x00000000100001cc                __default_isrs_end
                0x00000000100001cc                isr_irq3
                0x00000000100001cc                isr_irq12
                0x00000000100001cc                isr_irq9
                0x00000000100001d2                unhandled_user_irq_num_in_r0
 *(.binary_info_header)
 .binary_info_header
                0x00000000100001d4       0x14 CMakeFiles/templete1.dir/home/rod-0310/pico/pico-sdk/src/rp2_common/pico_crt0/crt0.S.o
                0x00000000100001e8                __binary_info_header_end = .
 *(.embedded_block)
                0x00000000100001e8                __embedded_block_end = .
 *(.reset)
 .reset         0x00000000100001e8       0x9c CMakeFiles/templete1.dir/home/rod-0310/pico/pico-sdk/src/rp2_common/pico_crt0/crt0.S.o
                0x00000000100001e8                _entry_point
 *(.init)
 .init          0x0000000010000284        0x4 /usr/lib/gcc/arm-none-eabi/10.3.1/thumb/v6-m/nofp/crti.o
                0x0000000010000284                _init
 *(EXCLUDE_FILE(*libm.a: *libc.a:*lib_a-mem*.o *libgcc.a:) .text*)
 .text          0x0000000010000288       0x98 /usr/lib/gcc/arm-none-eabi/10.3.1/thumb/v6-m/nofp/crtbegin.o
 .text.repeating_timer_callback
                0x0000000010000320       0x40 CMakeFiles/templete1.dir/templete1.c.o
                0x0000000010000320                repeating_timer_callback
 .text.button_isr
                0x0000000010000360       0x28 CMakeFiles/templete1.dir/templete1.c.o
                0x0000000010000360                button_isr
 .text.startup.main
                0x0000000010000388      0x1c0 CMakeFiles/templete1.dir/templete1.c.o
                0x0000000010000388                main
 .text.gpio_default_irq_handler
                0x0000000010000548      0x270 CMakeFiles/templete1.dir/home/rod-0310/pico/pico-sdk/src/rp2_common/hardware_gpio/gpio.c.o
 .text.gpio_set_function
                0x00000000100007b8       0x34 CMakeFiles/templete1.dir/home/rod-0310/pico/pico-sdk/src/rp2_common/hardware_gpio/gpio.c.o
                0x00000000100007b8                gpio_set_function
 .text.gpio_set_pulls
                0x00000000100007ec       0x34 CMakeFiles/templete1.dir/home/rod-0310/pico/pico-sdk/src/rp2_common/hardware_gpio/gpio.c.o
                0x00000000100007ec                gpio_set_pulls
 .text.gpio_set_input_hysteresis_enabled
                0x0000000010000820       0x28 CMakeFiles/templete1.dir/home/rod-0310/pico/pico-sdk/src/rp2_common/hardware_gpio/gpio.c.o
                0x0000000010000820                gpio_set_input_hysteresis_enabled
 .text.gpio_set_irq_enabled
                0x0000000010000848       0x58 CMakeFiles/templete1.dir/home/rod-0310/pico/pico-sdk/src/rp2_common/hardware_gpio/gpio.c.o
                0x0000000010000848                gpio_set_irq_enabled
 .text.gpio_set_irq_enabled_with_callback
                0x00000000100008a0       0xd0 CMakeFiles/templete1.dir/home/rod-0310/pico/pico-sdk/src/rp2_common/hardware_gpio/gpio.c.o
                0x00000000100008a0                gpio_set_irq_enabled_with_callback
 .text.gpio_add_raw_irq_handler_with_order_priority_masked
                0x0000000010000970       0x44 CMakeFiles/templete1.dir/home/rod-0310/pico/pico-sdk/src/rp2_common/hardware_gpio/gpio.c.o
                0x0000000010000970                gpio_add_raw_irq_handler_with_order_priority_masked
 .text.gpio_remove_raw_irq_handler_masked
                0x00000000100009b4       0x20 CMakeFiles/templete1.dir/home/rod-0310/pico/pico-sdk/src/rp2_common/hardware_gpio/gpio.c.o
                0x00000000100009b4                gpio_remove_raw_irq_handler_masked
 .text.gpio_set_input_enabled
                0x00000000100009d4       0x28 CMakeFiles/templete1.dir/home/rod-0310/pico/pico-sdk/src/rp2_common/hardware_gpio/gpio.c.o
                0x00000000100009d4                gpio_set_input_enabled
 .text.gpio_init
                0x00000000100009fc       0x40 CMakeFiles/templete1.dir/home/rod-0310/pico/pico-sdk/src/rp2_common/hardware_gpio/gpio.c.o
                0x00000000100009fc                gpio_init
 .text.rp2040_chip_version
                0x0000000010000a3c        0xc CMakeFiles/templete1.dir/home/rod-0310/pico/pico-sdk/src/rp2040/pico_platform/platform.c.o
                0x0000000010000a3c                rp2040_chip_version
 .text.panic    0x0000000010000a48       0x30 CMakeFiles/templete1.dir/home/rod-0310/pico/pico-sdk/src/rp2_common/pico_platform_panic/panic.c.o
                0x0000000010000a48                panic
 .text.hw_claim_lock
                0x0000000010000a78       0x18 CMakeFiles/templete1.dir/home/rod-0310/pico/pico-sdk/src/common/hardware_claim/claim.c.o
                0x0000000010000a78                hw_claim_lock
 .text.hw_claim_unlock
                0x0000000010000a90       0x14 CMakeFiles/templete1.dir/home/rod-0310/pico/pico-sdk/src/common/hardware_claim/claim.c.o
                0x0000000010000a90                hw_claim_unlock
 .text.hw_claim_or_assert
                0x0000000010000aa4       0x44 CMakeFiles/templete1.dir/home/rod-0310/pico/pico-sdk/src/common/hardware_claim/claim.c.o
                0x0000000010000aa4                hw_claim_or_assert
 .text.hw_claim_unused_from_range
                0x0000000010000ae8       0x9c CMakeFiles/templete1.dir/home/rod-0310/pico/pico-sdk/src/common/hardware_claim/claim.c.o
                0x0000000010000ae8                hw_claim_unused_from_range
 .text.hw_claim_clear
                0x0000000010000b84       0x38 CMakeFiles/templete1.dir/home/rod-0310/pico/pico-sdk/src/common/hardware_claim/claim.c.o
                0x0000000010000b84                hw_claim_clear
 .text.next_striped_spin_lock_num
                0x0000000010000bbc       0x18 CMakeFiles/templete1.dir/home/rod-0310/pico/pico-sdk/src/rp2_common/hardware_sync/sync.c.o
                0x0000000010000bbc                next_striped_spin_lock_num
 .text.spin_lock_claim_unused
                0x0000000010000bd4       0x20 CMakeFiles/templete1.dir/home/rod-0310/pico/pico-sdk/src/rp2_common/hardware_sync/sync.c.o
                0x0000000010000bd4                spin_lock_claim_unused
 .text.spin_locks_reset
                0x0000000010000bf4       0x1c CMakeFiles/templete1.dir/home/rod-0310/pico/pico-sdk/src/rp2_common/hardware_sync_spin_lock/sync_spin_lock.c.o
                0x0000000010000bf4                spin_locks_reset
 .text.runtime_init_per_core_irq_priorities
                0x0000000010000c10       0x24 CMakeFiles/templete1.dir/home/rod-0310/pico/pico-sdk/src/rp2_common/hardware_irq/irq.c.o
                0x0000000010000c10                runtime_init_per_core_irq_priorities
 .text.irq_set_enabled
                0x0000000010000c34       0x24 CMakeFiles/templete1.dir/home/rod-0310/pico/pico-sdk/src/rp2_common/hardware_irq/irq.c.o
                0x0000000010000c34                irq_set_enabled
 .text.irq_is_enabled
                0x0000000010000c58       0x18 CMakeFiles/templete1.dir/home/rod-0310/pico/pico-sdk/src/rp2_common/hardware_irq/irq.c.o
                0x0000000010000c58                irq_is_enabled
 .text.irq_set_pending
                0x0000000010000c70       0x10 CMakeFiles/templete1.dir/home/rod-0310/pico/pico-sdk/src/rp2_common/hardware_irq/irq.c.o
                0x0000000010000c70                irq_set_pending
 .text.irq_has_shared_handler
                0x0000000010000c80       0x24 CMakeFiles/templete1.dir/home/rod-0310/pico/pico-sdk/src/rp2_common/hardware_irq/irq.c.o
                0x0000000010000c80                irq_has_shared_handler
 .text.irq_set_exclusive_handler
                0x0000000010000ca4       0x54 CMakeFiles/templete1.dir/home/rod-0310/pico/pico-sdk/src/rp2_common/hardware_irq/irq.c.o
                0x0000000010000ca4                irq_set_exclusive_handler
 .text.irq_add_shared_handler
                0x0000000010000cf8      0x1e8 CMakeFiles/templete1.dir/home/rod-0310/pico/pico-sdk/src/rp2_common/hardware_irq/irq.c.o
                0x0000000010000cf8                irq_add_shared_handler
 .text.irq_remove_handler
                0x0000000010000ee0      0x1c4 CMakeFiles/templete1.dir/home/rod-0310/pico/pico-sdk/src/rp2_common/hardware_irq/irq.c.o
                0x0000000010000ee0                irq_remove_handler
 .text.irq_set_priority
                0x00000000100010a4       0x28 CMakeFiles/templete1.dir/home/rod-0310/pico/pico-sdk/src/rp2_common/hardware_irq/irq.c.o
                0x00000000100010a4                irq_set_priority
 .text.irq_add_tail_to_free_list
                0x00000000100010cc       0xb4 CMakeFiles/templete1.dir/home/rod-0310/pico/pico-sdk/src/rp2_common/hardware_irq/irq.c.o
                0x00000000100010cc                irq_add_tail_to_free_list
 .text.user_irq_unclaim
                0x0000000010001180       0x14 CMakeFiles/templete1.dir/home/rod-0310/pico/pico-sdk/src/rp2_common/hardware_irq/irq.c.o
                0x0000000010001180                user_irq_unclaim
 .text.user_irq_claim_unused
                0x0000000010001194       0x28 CMakeFiles/templete1.dir/home/rod-0310/pico/pico-sdk/src/rp2_common/hardware_irq/irq.c.o
                0x0000000010001194                user_irq_claim_unused
 .text.sem_init
                0x00000000100011bc       0x20 CMakeFiles/templete1.dir/home/rod-0310/pico/pico-sdk/src/common/pico_sync/sem.c.o
                0x00000000100011bc                sem_init
 .text.lock_init
                0x00000000100011dc       0x10 CMakeFiles/templete1.dir/home/rod-0310/pico/pico-sdk/src/common/pico_sync/lock_core.c.o
                0x00000000100011dc                lock_init
 .text.runtime_init_mutex
                0x00000000100011ec       0x58 CMakeFiles/templete1.dir/home/rod-0310/pico/pico-sdk/src/common/pico_sync/mutex.c.o
                0x00000000100011ec                runtime_init_mutex
 .text.mutex_init
                0x0000000010001244       0x1c CMakeFiles/templete1.dir/home/rod-0310/pico/pico-sdk/src/common/pico_sync/mutex.c.o
                0x0000000010001244                mutex_init
 .text.recursive_mutex_init
                0x0000000010001260       0x1c CMakeFiles/templete1.dir/home/rod-0310/pico/pico-sdk/src/common/pico_sync/mutex.c.o
                0x0000000010001260                recursive_mutex_init
 .text.critical_section_init
                0x000000001000127c       0x20 CMakeFiles/templete1.dir/home/rod-0310/pico/pico-sdk/src/common/pico_sync/critical_section.c.o
                0x000000001000127c                critical_section_init
 .text.critical_section_init_with_lock_num
                0x000000001000129c       0x14 CMakeFiles/templete1.dir/home/rod-0310/pico/pico-sdk/src/common/pico_sync/critical_section.c.o
                0x000000001000129c                critical_section_init_with_lock_num
 .text.sleep_until_callback
                0x00000000100012b0       0x30 CMakeFiles/templete1.dir/home/rod-0310/pico/pico-sdk/src/common/pico_time/time.c.o
 .text.alarm_pool_irq_handler
                0x00000000100012e0      0x308 CMakeFiles/templete1.dir/home/rod-0310/pico/pico-sdk/src/common/pico_time/time.c.o
 .text.runtime_init_default_alarm_pool
                0x00000000100015e8       0xdc CMakeFiles/templete1.dir/home/rod-0310/pico/pico-sdk/src/common/pico_time/time.c.o
                0x00000000100015e8                runtime_init_default_alarm_pool
 .text.alarm_pool_get_default
                0x00000000100016c4        0x8 CMakeFiles/templete1.dir/home/rod-0310/pico/pico-sdk/src/common/pico_time/time.c.o
                0x00000000100016c4                alarm_pool_get_default
 .text.alarm_pool_add_alarm_at
                0x00000000100016cc       0xc8 CMakeFiles/templete1.dir/home/rod-0310/pico/pico-sdk/src/common/pico_time/time.c.o
                0x00000000100016cc                alarm_pool_add_alarm_at
 .text.alarm_pool_add_alarm_at_force_in_context
                0x0000000010001794       0xb0 CMakeFiles/templete1.dir/home/rod-0310/pico/pico-sdk/src/common/pico_time/time.c.o
                0x0000000010001794                alarm_pool_add_alarm_at_force_in_context
 .text.alarm_pool_cancel_alarm
                0x0000000010001844       0x7c CMakeFiles/templete1.dir/home/rod-0310/pico/pico-sdk/src/common/pico_time/time.c.o
                0x0000000010001844                alarm_pool_cancel_alarm
 .text.alarm_pool_core_num
                0x00000000100018c0        0x4 CMakeFiles/templete1.dir/home/rod-0310/pico/pico-sdk/src/common/pico_time/time.c.o
                0x00000000100018c0                alarm_pool_core_num
 .text.sleep_until
                0x00000000100018c4       0xd0 CMakeFiles/templete1.dir/home/rod-0310/pico/pico-sdk/src/common/pico_time/time.c.o
                0x00000000100018c4                sleep_until
 .text.sleep_ms
                0x0000000010001994       0x34 CMakeFiles/templete1.dir/home/rod-0310/pico/pico-sdk/src/common/pico_time/time.c.o
                0x0000000010001994                sleep_ms
 .text.best_effort_wfe_or_timeout
                0x00000000100019c8       0xfc CMakeFiles/templete1.dir/home/rod-0310/pico/pico-sdk/src/common/pico_time/time.c.o
                0x00000000100019c8                best_effort_wfe_or_timeout
 .text.alarm_pool_add_repeating_timer_us
                0x0000000010001ac4      0x120 CMakeFiles/templete1.dir/home/rod-0310/pico/pico-sdk/src/common/pico_time/time.c.o
                0x0000000010001ac4                alarm_pool_add_repeating_timer_us
 .text.timer_hardware_alarm_claim
                0x0000000010001be4       0x14 CMakeFiles/templete1.dir/home/rod-0310/pico/pico-sdk/src/rp2_common/hardware_timer/timer.c.o
                0x0000000010001be4                timer_hardware_alarm_claim
 .text.timer_time_us_64
                0x0000000010001bf8       0x10 CMakeFiles/templete1.dir/home/rod-0310/pico/pico-sdk/src/rp2_common/hardware_timer/timer.c.o
                0x0000000010001bf8                timer_time_us_64
 .text.time_us_64
                0x0000000010001c08       0x14 CMakeFiles/templete1.dir/home/rod-0310/pico/pico-sdk/src/rp2_common/hardware_timer/timer.c.o
                0x0000000010001c08                time_us_64
 .text.busy_wait_until
                0x0000000010001c1c       0x20 CMakeFiles/templete1.dir/home/rod-0310/pico/pico-sdk/src/rp2_common/hardware_timer/timer.c.o
                0x0000000010001c1c                busy_wait_until
 .text.clock_configure_int_divider
                0x0000000010001c3c       0xf4 CMakeFiles/templete1.dir/home/rod-0310/pico/pico-sdk/src/rp2_common/hardware_clocks/clocks.c.o
                0x0000000010001c3c                clock_configure_int_divider
 .text.clock_configure_undivided
                0x0000000010001d30       0xe8 CMakeFiles/templete1.dir/home/rod-0310/pico/pico-sdk/src/rp2_common/hardware_clocks/clocks.c.o
                0x0000000010001d30                clock_configure_undivided
 .text.clock_get_hz
                0x0000000010001e18        0xc CMakeFiles/templete1.dir/home/rod-0310/pico/pico-sdk/src/rp2_common/hardware_clocks/clocks.c.o
                0x0000000010001e18                clock_get_hz
 .text.pll_init
                0x0000000010001e24       0xa0 CMakeFiles/templete1.dir/home/rod-0310/pico/pico-sdk/src/rp2_common/hardware_pll/pll.c.o
                0x0000000010001e24                pll_init
 .text.watchdog_reboot
                0x0000000010001ec4       0x98 CMakeFiles/templete1.dir/home/rod-0310/pico/pico-sdk/src/rp2_common/hardware_watchdog/watchdog.c.o
                0x0000000010001ec4                watchdog_reboot
 .text.tick_start
                0x0000000010001f5c       0x10 CMakeFiles/templete1.dir/home/rod-0310/pico/pico-sdk/src/rp2_common/hardware_ticks/ticks.c.o
                0x0000000010001f5c                tick_start
 .text.rom_func_lookup
                0x0000000010001f6c       0x10 CMakeFiles/templete1.dir/home/rod-0310/pico/pico-sdk/src/rp2_common/pico_bootrom/bootrom.c.o
                0x0000000010001f6c                rom_func_lookup
 .text.rom_data_lookup
                0x0000000010001f7c       0x10 CMakeFiles/templete1.dir/home/rod-0310/pico/pico-sdk/src/rp2_common/pico_bootrom/bootrom.c.o
                0x0000000010001f7c                rom_data_lookup
 .text.rom_funcs_lookup
                0x0000000010001f8c       0x44 CMakeFiles/templete1.dir/home/rod-0310/pico/pico-sdk/src/rp2_common/pico_bootrom/bootrom.c.o
                0x0000000010001f8c                rom_funcs_lookup
 .text.rom_reset_usb_boot_extra
                0x0000000010001fd0       0x28 CMakeFiles/templete1.dir/home/rod-0310/pico/pico-sdk/src/rp2_common/pico_bootrom/bootrom.c.o
                0x0000000010001fd0                rom_reset_usb_boot_extra
 .text.xosc_init
                0x0000000010001ff8       0x28 CMakeFiles/templete1.dir/home/rod-0310/pico/pico-sdk/src/rp2_common/hardware_xosc/xosc.c.o
                0x0000000010001ff8                xosc_init
 .text.first_per_core_initializer
                0x0000000010002020        0x4 CMakeFiles/templete1.dir/home/rod-0310/pico/pico-sdk/src/rp2_common/pico_runtime/runtime.c.o
 .text.hard_assertion_failure
                0x0000000010002024        0xc CMakeFiles/templete1.dir/home/rod-0310/pico/pico-sdk/src/rp2_common/pico_runtime/runtime.c.o
                0x0000000010002024                hard_assertion_failure
 .text.runtime_run_initializers
                0x0000000010002030       0x28 CMakeFiles/templete1.dir/home/rod-0310/pico/pico-sdk/src/rp2_common/pico_runtime/runtime.c.o
                0x0000000010002030                runtime_run_initializers
 .text.runtime_init_early_resets
                0x0000000010002058       0x2c CMakeFiles/templete1.dir/home/rod-0310/pico/pico-sdk/src/rp2_common/pico_runtime_init/runtime_init.c.o
                0x0000000010002058                runtime_init_early_resets
 .text.runtime_init_usb_power_down
                0x0000000010002084       0x1c CMakeFiles/templete1.dir/home/rod-0310/pico/pico-sdk/src/rp2_common/pico_runtime_init/runtime_init.c.o
                0x0000000010002084                runtime_init_usb_power_down
 .text.runtime_init_post_clock_resets
                0x00000000100020a0       0x20 CMakeFiles/templete1.dir/home/rod-0310/pico/pico-sdk/src/rp2_common/pico_runtime_init/runtime_init.c.o
                0x00000000100020a0                runtime_init_post_clock_resets
 .text.runtime_init_rp2040_gpio_ie_disable
                0x00000000100020c0       0x14 CMakeFiles/templete1.dir/home/rod-0310/pico/pico-sdk/src/rp2_common/pico_runtime_init/runtime_init.c.o
                0x00000000100020c0                runtime_init_rp2040_gpio_ie_disable
 .text.runtime_init_spin_locks_reset
                0x00000000100020d4        0x8 CMakeFiles/templete1.dir/home/rod-0310/pico/pico-sdk/src/rp2_common/pico_runtime_init/runtime_init.c.o
                0x00000000100020d4                runtime_init_spin_locks_reset
 .text.runtime_init_install_ram_vector_table
                0x00000000100020dc       0x1c CMakeFiles/templete1.dir/home/rod-0310/pico/pico-sdk/src/rp2_common/pico_runtime_init/runtime_init.c.o
                0x00000000100020dc                runtime_init_install_ram_vector_table
 .text.runtime_init_clocks
                0x00000000100020f8       0xd8 CMakeFiles/templete1.dir/home/rod-0310/pico/pico-sdk/src/rp2_common/pico_runtime_init/runtime_init_clocks.c.o
                0x00000000100020f8                runtime_init_clocks
 .text          0x00000000100021d0       0x10 CMakeFiles/templete1.dir/home/rod-0310/pico/pico-sdk/src/rp2_common/pico_bit_ops/bit_ops_aeabi.S.o
 .text.ctzsi    0x00000000100021e0        0xc CMakeFiles/templete1.dir/home/rod-0310/pico/pico-sdk/src/rp2_common/pico_bit_ops/bit_ops_aeabi.S.o
                0x00000000100021e0                __wrap___ctzsi2
 .text.__wrap___aeabi_idiv
                0x00000000100021ec       0x50 CMakeFiles/templete1.dir/home/rod-0310/pico/pico-sdk/src/rp2_common/pico_divider/divider_hardware.S.o
                0x00000000100021ec                __wrap___aeabi_idivmod
                0x00000000100021ec                divmod_s32s32
                0x00000000100021ec                div_s32s32
                0x00000000100021ec                __wrap___aeabi_idiv
                0x00000000100021f4                divmod_s32s32_unsafe
                0x0000000010002220                divmod_s32s32_savestate
 .text.__wrap___aeabi_uidiv
                0x000000001000223c       0x4c CMakeFiles/templete1.dir/home/rod-0310/pico/pico-sdk/src/rp2_common/pico_divider/divider_hardware.S.o
                0x000000001000223c                __wrap___aeabi_uidiv
                0x000000001000223c                __wrap___aeabi_uidivmod
                0x000000001000223c                div_u32u32
                0x000000001000223c                divmod_u32u32
                0x0000000010002244                divmod_u32u32_unsafe
                0x000000001000226c                divmod_u32u32_savestate
 .text.__wrap___aeabi_ldiv
                0x0000000010002288      0x424 CMakeFiles/templete1.dir/home/rod-0310/pico/pico-sdk/src/rp2_common/pico_divider/divider_hardware.S.o
                0x0000000010002288                div_s64s64
                0x0000000010002288                divmod_s64s64
                0x0000000010002288                __wrap___aeabi_ldivmod
                0x00000000100022b8                div_u64u64
                0x00000000100022b8                divmod_u64u64
                0x00000000100022b8                __wrap___aeabi_uldivmod
                0x00000000100022c8                divmod_u64u64_savestate
                0x00000000100022e8                divmod_s64s64_unsafe
                0x0000000010002370                divmod_u64u64_unsafe
 .text.__wrap___aeabi_darithmetic
                0x00000000100026ac       0x60 CMakeFiles/templete1.dir/home/rod-0310/pico/pico-sdk/src/rp2_common/pico_double/double_aeabi_rp2040.S.o
                0x00000000100026ac                __wrap___aeabi_drsub
                0x00000000100026b2                __wrap___aeabi_dsub
                0x00000000100026bc                __wrap___aeabi_dadd
                0x00000000100026c6                __wrap___aeabi_ddiv
                0x00000000100026fa                __wrap___aeabi_dmul
 .text.__wrap___aeabi_cdcmple
                0x000000001000270c       0x6c CMakeFiles/templete1.dir/home/rod-0310/pico/pico-sdk/src/rp2_common/pico_double/double_aeabi_rp2040.S.o
                0x000000001000270c                __wrap___aeabi_cdrcmple
                0x000000001000271c                __wrap___aeabi_cdcmple
                0x000000001000271c                __wrap___aeabi_cdcmpeq
 .text.__wrap___aeabi_dcmplt
                0x0000000010002778        0xc CMakeFiles/templete1.dir/home/rod-0310/pico/pico-sdk/src/rp2_common/pico_double/double_aeabi_rp2040.S.o
                0x0000000010002778                __wrap___aeabi_dcmplt
 .text.__wrap___aeabi_dcmple
                0x0000000010002784       0x10 CMakeFiles/templete1.dir/home/rod-0310/pico/pico-sdk/src/rp2_common/pico_double/double_aeabi_rp2040.S.o
                0x0000000010002784                __wrap___aeabi_dcmple
 .text.__wrap___aeabi_dcmpge
                0x0000000010002794       0x10 CMakeFiles/templete1.dir/home/rod-0310/pico/pico-sdk/src/rp2_common/pico_double/double_aeabi_rp2040.S.o
                0x0000000010002794                __wrap___aeabi_dcmpge
 .text.__wrap___aeabi_dcmpgt
                0x00000000100027a4        0xa CMakeFiles/templete1.dir/home/rod-0310/pico/pico-sdk/src/rp2_common/pico_double/double_aeabi_rp2040.S.o
                0x00000000100027a4                __wrap___aeabi_dcmpgt
 .text.__wrap___aeabi_dcmpun
                0x00000000100027ae       0x18 CMakeFiles/templete1.dir/home/rod-0310/pico/pico-sdk/src/rp2_common/pico_double/double_aeabi_rp2040.S.o
                0x00000000100027ae                __wrap___aeabi_dcmpun
 *fill*         0x00000000100027c6        0x2 
 .text.__wrap___aeabi_i2d
                0x00000000100027c8       0x38 CMakeFiles/templete1.dir/home/rod-0310/pico/pico-sdk/src/rp2_common/pico_double/double_aeabi_rp2040.S.o
                0x00000000100027c8                __wrap___aeabi_ui2d
                0x00000000100027c8                uint2double
                0x00000000100027d0                __wrap___aeabi_i2d
                0x00000000100027d0                int2double
 .text.__wrap___aeabi_d2iz
                0x0000000010002800       0x48 CMakeFiles/templete1.dir/home/rod-0310/pico/pico-sdk/src/rp2_common/pico_double/double_aeabi_rp2040.S.o
                0x0000000010002800                __wrap___aeabi_d2iz
                0x0000000010002800                double2int_z
 .text.__wrap___aeabi_d2uiz
                0x0000000010002848       0x10 CMakeFiles/templete1.dir/home/rod-0310/pico/pico-sdk/src/rp2_common/pico_double/double_aeabi_rp2040.S.o
                0x0000000010002848                double2uint_z
                0x0000000010002848                double2uint
                0x0000000010002848                __wrap___aeabi_d2uiz
 .text.missing_double_func_shim
                0x0000000010002858        0xc CMakeFiles/templete1.dir/home/rod-0310/pico/pico-sdk/src/rp2_common/pico_double/double_init_rom_rp2040.c.o
 .text.__aeabi_double_init
                0x0000000010002864       0xa4 CMakeFiles/templete1.dir/home/rod-0310/pico/pico-sdk/src/rp2_common/pico_double/double_init_rom_rp2040.c.o
                0x0000000010002864                __aeabi_double_init
 .text.double_table_shim_on_use_helper
                0x0000000010002908       0x2c CMakeFiles/templete1.dir/home/rod-0310/pico/pico-sdk/src/rp2_common/pico_double/double_v1_rom_shim_rp2040.S.o
                0x0000000010002908                double_table_shim_on_use_helper
 .text.__aeabi_lmul
                0x0000000010002934       0x32 CMakeFiles/templete1.dir/home/rod-0310/pico/pico-sdk/src/rp2_common/pico_int64_ops/pico_int64_ops_aeabi.S.o
                0x0000000010002934                __wrap___aeabi_lmul
 *fill*         0x0000000010002966        0x2 
 .text.missing_float_func_shim
                0x0000000010002968        0xc CMakeFiles/templete1.dir/home/rod-0310/pico/pico-sdk/src/rp2_common/pico_float/float_init_rom_rp2040.c.o
 .text.__aeabi_float_init
                0x0000000010002974       0x5c CMakeFiles/templete1.dir/home/rod-0310/pico/pico-sdk/src/rp2_common/pico_float/float_init_rom_rp2040.c.o
                0x0000000010002974                __aeabi_float_init
 .text          0x00000000100029d0       0x10 CMakeFiles/templete1.dir/home/rod-0310/pico/pico-sdk/src/rp2_common/pico_mem_ops/mem_ops_aeabi.S.o
                0x00000000100029d0                __aeabi_mem_init
 .text.memset   0x00000000100029e0        0xc CMakeFiles/templete1.dir/home/rod-0310/pico/pico-sdk/src/rp2_common/pico_mem_ops/mem_ops_aeabi.S.o
                0x00000000100029e0                __wrap_memset
 .text.memcpy   0x00000000100029ec        0xc CMakeFiles/templete1.dir/home/rod-0310/pico/pico-sdk/src/rp2_common/pico_mem_ops/mem_ops_aeabi.S.o
                0x00000000100029ec                __wrap___aeabi_memcpy
                0x00000000100029ec                __wrap_memcpy
 .text._out_null
                0x00000000100029f8        0x4 CMakeFiles/templete1.dir/home/rod-0310/pico/pico-sdk/src/rp2_common/pico_printf/printf.c.o
 .text._out_rev
                0x00000000100029fc       0x9c CMakeFiles/templete1.dir/home/rod-0310/pico/pico-sdk/src/rp2_common/pico_printf/printf.c.o
 .text._ntoa_format
                0x0000000010002a98      0x1cc CMakeFiles/templete1.dir/home/rod-0310/pico/pico-sdk/src/rp2_common/pico_printf/printf.c.o
 .text._out_char
                0x0000000010002c64       0x10 CMakeFiles/templete1.dir/home/rod-0310/pico/pico-sdk/src/rp2_common/pico_printf/printf.c.o
 .text._out_fct
                0x0000000010002c74       0x10 CMakeFiles/templete1.dir/home/rod-0310/pico/pico-sdk/src/rp2_common/pico_printf/printf.c.o
 .text._etoa    0x0000000010002c84      0x44c CMakeFiles/templete1.dir/home/rod-0310/pico/pico-sdk/src/rp2_common/pico_printf/printf.c.o
 .text._ftoa    0x00000000100030d0      0x398 CMakeFiles/templete1.dir/home/rod-0310/pico/pico-sdk/src/rp2_common/pico_printf/printf.c.o
 .text._vsnprintf
                0x0000000010003468      0xb04 CMakeFiles/templete1.dir/home/rod-0310/pico/pico-sdk/src/rp2_common/pico_printf/printf.c.o
 .text.vfctprintf
                0x0000000010003f6c       0x20 CMakeFiles/templete1.dir/home/rod-0310/pico/pico-sdk/src/rp2_common/pico_printf/printf.c.o
                0x0000000010003f6c                vfctprintf
 .text.weak_raw_vprintf
                0x0000000010003f8c       0x30 CMakeFiles/templete1.dir/home/rod-0310/pico/pico-sdk/src/rp2_common/pico_printf/printf.c.o
                0x0000000010003f8c                weak_raw_vprintf
 .text._exit    0x0000000010003fbc        0x4 CMakeFiles/templete1.dir/home/rod-0310/pico/pico-sdk/src/rp2_common/pico_clib_interface/newlib_interface.c.o
                0x0000000010003fbc                _exit
 .text.exit     0x0000000010003fc0        0x8 CMakeFiles/templete1.dir/home/rod-0310/pico/pico-sdk/src/rp2_common/pico_clib_interface/newlib_interface.c.o
                0x0000000010003fc0                exit
 .text.runtime_init
                0x0000000010003fc8       0x2c CMakeFiles/templete1.dir/home/rod-0310/pico/pico-sdk/src/rp2_common/pico_clib_interface/newlib_interface.c.o
                0x0000000010003fc8                runtime_init
 .text.stdio_out_chars_no_crlf
                0x0000000010003ff4       0x10 CMakeFiles/templete1.dir/home/rod-0310/pico/pico-sdk/src/rp2_common/pico_stdio/stdio.c.o
 .text.stdio_out_chars_crlf
                0x0000000010004004       0xb4 CMakeFiles/templete1.dir/home/rod-0310/pico/pico-sdk/src/rp2_common/pico_stdio/stdio.c.o
 .text.stdio_buffered_printer
                0x00000000100040b8       0x64 CMakeFiles/templete1.dir/home/rod-0310/pico/pico-sdk/src/rp2_common/pico_stdio/stdio.c.o
 .text.stdio_put_string
                0x000000001000411c      0x100 CMakeFiles/templete1.dir/home/rod-0310/pico/pico-sdk/src/rp2_common/pico_stdio/stdio.c.o
                0x000000001000411c                stdio_put_string
 .text.stdio_set_driver_enabled
                0x000000001000421c       0x30 CMakeFiles/templete1.dir/home/rod-0310/pico/pico-sdk/src/rp2_common/pico_stdio/stdio.c.o
                0x000000001000421c                stdio_set_driver_enabled
 .text.stdio_init_all
                0x000000001000424c        0x8 CMakeFiles/templete1.dir/home/rod-0310/pico/pico-sdk/src/rp2_common/pico_stdio/stdio.c.o
                0x000000001000424c                stdio_init_all
 .text.__wrap_putchar
                0x0000000010004254       0x98 CMakeFiles/templete1.dir/home/rod-0310/pico/pico-sdk/src/rp2_common/pico_stdio/stdio.c.o
                0x0000000010004254                stdio_putchar
                0x0000000010004254                __wrap_putchar
 .text.__wrap_puts
                0x00000000100042ec       0x3c CMakeFiles/templete1.dir/home/rod-0310/pico/pico-sdk/src/rp2_common/pico_stdio/stdio.c.o
                0x00000000100042ec                __wrap_puts
                0x00000000100042ec                stdio_puts
 .text.__wrap_vprintf
                0x0000000010004328       0xd8 CMakeFiles/templete1.dir/home/rod-0310/pico/pico-sdk/src/rp2_common/pico_stdio/stdio.c.o
                0x0000000010004328                __wrap_vprintf
                0x0000000010004328                stdio_vprintf
 .text.__wrap_printf
                0x0000000010004400       0x18 CMakeFiles/templete1.dir/home/rod-0310/pico/pico-sdk/src/rp2_common/pico_stdio/stdio.c.o
                0x0000000010004400                stdio_printf
                0x0000000010004400                __wrap_printf
 .text.resetd_init
                0x0000000010004418        0x4 CMakeFiles/templete1.dir/home/rod-0310/pico/pico-sdk/src/rp2_common/pico_stdio_usb/reset_interface.c.o
 .text.resetd_reset
                0x000000001000441c        0xc CMakeFiles/templete1.dir/home/rod-0310/pico/pico-sdk/src/rp2_common/pico_stdio_usb/reset_interface.c.o
 .text.resetd_open
                0x0000000010004428       0x28 CMakeFiles/templete1.dir/home/rod-0310/pico/pico-sdk/src/rp2_common/pico_stdio_usb/reset_interface.c.o
 .text.resetd_xfer_cb
                0x0000000010004450        0x4 CMakeFiles/templete1.dir/home/rod-0310/pico/pico-sdk/src/rp2_common/pico_stdio_usb/reset_interface.c.o
 .text.resetd_control_xfer_cb
                0x0000000010004454       0x60 CMakeFiles/templete1.dir/home/rod-0310/pico/pico-sdk/src/rp2_common/pico_stdio_usb/reset_interface.c.o
 .text.tud_descriptor_bos_cb
                0x00000000100044b4        0x8 CMakeFiles/templete1.dir/home/rod-0310/pico/pico-sdk/src/rp2_common/pico_stdio_usb/reset_interface.c.o
                0x00000000100044b4                tud_descriptor_bos_cb
 .text.tud_vendor_control_xfer_cb
                0x00000000100044bc       0x34 CMakeFiles/templete1.dir/home/rod-0310/pico/pico-sdk/src/rp2_common/pico_stdio_usb/reset_interface.c.o
                0x00000000100044bc                tud_vendor_control_xfer_cb
 .text.usbd_app_driver_get_cb
                0x00000000100044f0        0xc CMakeFiles/templete1.dir/home/rod-0310/pico/pico-sdk/src/rp2_common/pico_stdio_usb/reset_interface.c.o
                0x00000000100044f0                usbd_app_driver_get_cb
 .text.tud_cdc_line_coding_cb
                0x00000000100044fc       0x2c CMakeFiles/templete1.dir/home/rod-0310/pico/pico-sdk/src/rp2_common/pico_stdio_usb/reset_interface.c.o
                0x00000000100044fc                tud_cdc_line_coding_cb
 .text.stdio_usb_set_chars_available_callback
                0x0000000010004528       0x14 CMakeFiles/templete1.dir/home/rod-0310/pico/pico-sdk/src/rp2_common/pico_stdio_usb/stdio_usb.c.o
                0x0000000010004528                stdio_usb_set_chars_available_callback
 .text.usb_irq  0x000000001000453c       0x10 CMakeFiles/templete1.dir/home/rod-0310/pico/pico-sdk/src/rp2_common/pico_stdio_usb/stdio_usb.c.o
 .text.timer_task
                0x000000001000454c       0x64 CMakeFiles/templete1.dir/home/rod-0310/pico/pico-sdk/src/rp2_common/pico_stdio_usb/stdio_usb.c.o
 .text.stdio_usb_in_chars
                0x00000000100045b0       0x90 CMakeFiles/templete1.dir/home/rod-0310/pico/pico-sdk/src/rp2_common/pico_stdio_usb/stdio_usb.c.o
                0x00000000100045b0                stdio_usb_in_chars
 .text.stdio_usb_out_flush
                0x0000000010004640       0x50 CMakeFiles/templete1.dir/home/rod-0310/pico/pico-sdk/src/rp2_common/pico_stdio_usb/stdio_usb.c.o
 .text.stdio_usb_out_chars
                0x0000000010004690      0x100 CMakeFiles/templete1.dir/home/rod-0310/pico/pico-sdk/src/rp2_common/pico_stdio_usb/stdio_usb.c.o
 .text.low_priority_worker_irq
                0x0000000010004790       0xc8 CMakeFiles/templete1.dir/home/rod-0310/pico/pico-sdk/src/rp2_common/pico_stdio_usb/stdio_usb.c.o
 .text.stdio_usb_init
                0x0000000010004858       0xe8 CMakeFiles/templete1.dir/home/rod-0310/pico/pico-sdk/src/rp2_common/pico_stdio_usb/stdio_usb.c.o
                0x0000000010004858                stdio_usb_init
 .text.tud_descriptor_device_cb
                0x0000000010004940        0x8 CMakeFiles/templete1.dir/home/rod-0310/pico/pico-sdk/src/rp2_common/pico_stdio_usb/stdio_usb_descriptors.c.o
                0x0000000010004940                tud_descriptor_device_cb
 .text.tud_descriptor_configuration_cb
                0x0000000010004948        0x8 CMakeFiles/templete1.dir/home/rod-0310/pico/pico-sdk/src/rp2_common/pico_stdio_usb/stdio_usb_descriptors.c.o
                0x0000000010004948                tud_descriptor_configuration_cb
 .text.tud_descriptor_string_cb
                0x0000000010004950       0x74 CMakeFiles/templete1.dir/home/rod-0310/pico/pico-sdk/src/rp2_common/pico_stdio_usb/stdio_usb_descriptors.c.o
                0x0000000010004950                tud_descriptor_string_cb
 .text.startup._retrieve_unique_id_on_boot
                0x00000000100049c4       0x10 CMakeFiles/templete1.dir/home/rod-0310/pico/pico-sdk/src/rp2_common/pico_unique_id/unique_id.c.o
 .text.pico_get_unique_board_id
                0x00000000100049d4       0x10 CMakeFiles/templete1.dir/home/rod-0310/pico/pico-sdk/src/rp2_common/pico_unique_id/unique_id.c.o
                0x00000000100049d4                pico_get_unique_board_id
 .text.pico_get_unique_board_id_string
                0x00000000100049e4      0x1a8 CMakeFiles/templete1.dir/home/rod-0310/pico/pico-sdk/src/rp2_common/pico_unique_id/unique_id.c.o
                0x00000000100049e4                pico_get_unique_board_id_string
 .text.flash_get_unique_id
                0x0000000010004b8c       0x40 CMakeFiles/templete1.dir/home/rod-0310/pico/pico-sdk/src/rp2_common/hardware_flash/flash.c.o
                0x0000000010004b8c                flash_get_unique_id
 .text.dcd_init
                0x0000000010004bcc       0x90 CMakeFiles/templete1.dir/home/rod-0310/pico/pico-sdk/lib/tinyusb/src/portable/raspberrypi/rp2040/dcd_rp2040.c.o
                0x0000000010004bcc                dcd_init
 .text.dcd_int_enable
                0x0000000010004c5c        0xc CMakeFiles/templete1.dir/home/rod-0310/pico/pico-sdk/lib/tinyusb/src/portable/raspberrypi/rp2040/dcd_rp2040.c.o
                0x0000000010004c5c                dcd_int_enable
 .text.dcd_set_address
                0x0000000010004c68       0x14 CMakeFiles/templete1.dir/home/rod-0310/pico/pico-sdk/lib/tinyusb/src/portable/raspberrypi/rp2040/dcd_rp2040.c.o
                0x0000000010004c68                dcd_set_address
 .text.dcd_sof_enable
                0x0000000010004c7c       0x1c CMakeFiles/templete1.dir/home/rod-0310/pico/pico-sdk/lib/tinyusb/src/portable/raspberrypi/rp2040/dcd_rp2040.c.o
                0x0000000010004c7c                dcd_sof_enable
 .text.dcd_edpt0_status_complete
                0x0000000010004c98       0x1c CMakeFiles/templete1.dir/home/rod-0310/pico/pico-sdk/lib/tinyusb/src/portable/raspberrypi/rp2040/dcd_rp2040.c.o
                0x0000000010004c98                dcd_edpt0_status_complete
 .text.dcd_edpt_open
                0x0000000010004cb4      0x114 CMakeFiles/templete1.dir/home/rod-0310/pico/pico-sdk/lib/tinyusb/src/portable/raspberrypi/rp2040/dcd_rp2040.c.o
                0x0000000010004cb4                dcd_edpt_open
 .text.dcd_edpt_close_all
                0x0000000010004dc8        0x8 CMakeFiles/templete1.dir/home/rod-0310/pico/pico-sdk/lib/tinyusb/src/portable/raspberrypi/rp2040/dcd_rp2040.c.o
                0x0000000010004dc8                dcd_edpt_close_all
 .text.dcd_edpt_xfer
                0x0000000010004dd0       0x24 CMakeFiles/templete1.dir/home/rod-0310/pico/pico-sdk/lib/tinyusb/src/portable/raspberrypi/rp2040/dcd_rp2040.c.o
                0x0000000010004dd0                dcd_edpt_xfer
 .text.dcd_edpt_stall
                0x0000000010004df4       0x38 CMakeFiles/templete1.dir/home/rod-0310/pico/pico-sdk/lib/tinyusb/src/portable/raspberrypi/rp2040/dcd_rp2040.c.o
                0x0000000010004df4                dcd_edpt_stall
 .text.dcd_edpt_clear_stall
                0x0000000010004e2c       0x30 CMakeFiles/templete1.dir/home/rod-0310/pico/pico-sdk/lib/tinyusb/src/portable/raspberrypi/rp2040/dcd_rp2040.c.o
                0x0000000010004e2c                dcd_edpt_clear_stall
 .text.rp2040_usb_init
                0x0000000010004e5c       0x40 CMakeFiles/templete1.dir/home/rod-0310/pico/pico-sdk/lib/tinyusb/src/portable/raspberrypi/rp2040/rp2040_usb.c.o
                0x0000000010004e5c                rp2040_usb_init
 .text.hw_endpoint_xfer_start
                0x0000000010004e9c       0x50 CMakeFiles/templete1.dir/home/rod-0310/pico/pico-sdk/lib/tinyusb/src/portable/raspberrypi/rp2040/rp2040_usb.c.o
                0x0000000010004e9c                hw_endpoint_xfer_start
 .text.tud_event_hook_cb
                0x0000000010004eec        0x4 CMakeFiles/templete1.dir/home/rod-0310/pico/pico-sdk/lib/tinyusb/src/device/usbd.c.o
                0x0000000010004eec                tud_event_hook_cb
 .text.tud_sof_cb
                0x0000000010004ef0        0x4 CMakeFiles/templete1.dir/home/rod-0310/pico/pico-sdk/lib/tinyusb/src/device/usbd.c.o
                0x0000000010004ef0                tud_sof_cb
 .text.tud_descriptor_device_qualifier_cb
                0x0000000010004ef4        0x4 CMakeFiles/templete1.dir/home/rod-0310/pico/pico-sdk/lib/tinyusb/src/device/usbd.c.o
                0x0000000010004ef4                tud_descriptor_device_qualifier_cb
 .text.tud_descriptor_other_speed_configuration_cb
                0x0000000010004ef8        0x4 CMakeFiles/templete1.dir/home/rod-0310/pico/pico-sdk/lib/tinyusb/src/device/usbd.c.o
                0x0000000010004ef8                tud_descriptor_other_speed_configuration_cb
 .text.tud_mount_cb
                0x0000000010004efc        0x4 CMakeFiles/templete1.dir/home/rod-0310/pico/pico-sdk/lib/tinyusb/src/device/usbd.c.o
                0x0000000010004efc                tud_mount_cb
 .text.tud_umount_cb
                0x0000000010004f00        0x4 CMakeFiles/templete1.dir/home/rod-0310/pico/pico-sdk/lib/tinyusb/src/device/usbd.c.o
                0x0000000010004f00                tud_umount_cb
 .text.tud_suspend_cb
                0x0000000010004f04        0x4 CMakeFiles/templete1.dir/home/rod-0310/pico/pico-sdk/lib/tinyusb/src/device/usbd.c.o
                0x0000000010004f04                tud_suspend_cb
 .text.tud_resume_cb
                0x0000000010004f08        0x4 CMakeFiles/templete1.dir/home/rod-0310/pico/pico-sdk/lib/tinyusb/src/device/usbd.c.o
                0x0000000010004f08                tud_resume_cb
 .text.tud_mounted
                0x0000000010004f0c       0x10 CMakeFiles/templete1.dir/home/rod-0310/pico/pico-sdk/lib/tinyusb/src/device/usbd.c.o
                0x0000000010004f0c                tud_mounted
 .text.tud_suspended
                0x0000000010004f1c       0x10 CMakeFiles/templete1.dir/home/rod-0310/pico/pico-sdk/lib/tinyusb/src/device/usbd.c.o
                0x0000000010004f1c                tud_suspended
 .text.tud_rhport_init
                0x0000000010004f2c       0xf4 CMakeFiles/templete1.dir/home/rod-0310/pico/pico-sdk/lib/tinyusb/src/device/usbd.c.o
                0x0000000010004f2c                tud_rhport_init
 .text.tud_task_ext
                0x0000000010005020      0x800 CMakeFiles/templete1.dir/home/rod-0310/pico/pico-sdk/lib/tinyusb/src/device/usbd.c.o
                0x0000000010005020                tud_task_ext
 .text.usbd_open_edpt_pair
                0x0000000010005820       0x9c CMakeFiles/templete1.dir/home/rod-0310/pico/pico-sdk/lib/tinyusb/src/device/usbd.c.o
                0x0000000010005820                usbd_open_edpt_pair
 .text.usbd_edpt_open
                0x00000000100058bc       0x34 CMakeFiles/templete1.dir/home/rod-0310/pico/pico-sdk/lib/tinyusb/src/device/usbd.c.o
                0x00000000100058bc                usbd_edpt_open
 .text.usbd_edpt_claim
                0x00000000100058f0       0x28 CMakeFiles/templete1.dir/home/rod-0310/pico/pico-sdk/lib/tinyusb/src/device/usbd.c.o
                0x00000000100058f0                usbd_edpt_claim
 .text.usbd_edpt_release
                0x0000000010005918       0x28 CMakeFiles/templete1.dir/home/rod-0310/pico/pico-sdk/lib/tinyusb/src/device/usbd.c.o
                0x0000000010005918                usbd_edpt_release
 .text.usbd_edpt_xfer
                0x0000000010005940       0x4c CMakeFiles/templete1.dir/home/rod-0310/pico/pico-sdk/lib/tinyusb/src/device/usbd.c.o
                0x0000000010005940                usbd_edpt_xfer
 .text.tud_control_status
                0x000000001000598c       0x30 CMakeFiles/templete1.dir/home/rod-0310/pico/pico-sdk/lib/tinyusb/src/device/usbd_control.c.o
                0x000000001000598c                tud_control_status
 .text.tud_control_xfer
                0x00000000100059bc       0xbc CMakeFiles/templete1.dir/home/rod-0310/pico/pico-sdk/lib/tinyusb/src/device/usbd_control.c.o
                0x00000000100059bc                tud_control_xfer
 .text.usbd_control_reset
                0x0000000010005a78       0x14 CMakeFiles/templete1.dir/home/rod-0310/pico/pico-sdk/lib/tinyusb/src/device/usbd_control.c.o
                0x0000000010005a78                usbd_control_reset
 .text.usbd_control_set_complete_callback
                0x0000000010005a8c        0xc CMakeFiles/templete1.dir/home/rod-0310/pico/pico-sdk/lib/tinyusb/src/device/usbd_control.c.o
                0x0000000010005a8c                usbd_control_set_complete_callback
 .text.usbd_control_set_request
                0x0000000010005a98       0x1c CMakeFiles/templete1.dir/home/rod-0310/pico/pico-sdk/lib/tinyusb/src/device/usbd_control.c.o
                0x0000000010005a98                usbd_control_set_request
 .text.usbd_control_xfer_cb
                0x0000000010005ab4       0xf0 CMakeFiles/templete1.dir/home/rod-0310/pico/pico-sdk/lib/tinyusb/src/device/usbd_control.c.o
                0x0000000010005ab4                usbd_control_xfer_cb
 .text._prep_out_transaction.isra.0
                0x0000000010005ba4       0x6c CMakeFiles/templete1.dir/home/rod-0310/pico/pico-sdk/lib/tinyusb/src/class/cdc/cdc_device.c.o
 .text.tud_cdc_n_connected
                0x0000000010005c10       0x2c CMakeFiles/templete1.dir/home/rod-0310/pico/pico-sdk/lib/tinyusb/src/class/cdc/cdc_device.c.o
                0x0000000010005c10                tud_cdc_n_connected
 .text.tud_cdc_n_available
                0x0000000010005c3c       0x18 CMakeFiles/templete1.dir/home/rod-0310/pico/pico-sdk/lib/tinyusb/src/class/cdc/cdc_device.c.o
                0x0000000010005c3c                tud_cdc_n_available
 .text.tud_cdc_n_read
                0x0000000010005c54       0x94 CMakeFiles/templete1.dir/home/rod-0310/pico/pico-sdk/lib/tinyusb/src/class/cdc/cdc_device.c.o
                0x0000000010005c54                tud_cdc_n_read
 .text.tud_cdc_n_write_flush
                0x0000000010005ce8       0x78 CMakeFiles/templete1.dir/home/rod-0310/pico/pico-sdk/lib/tinyusb/src/class/cdc/cdc_device.c.o
                0x0000000010005ce8                tud_cdc_n_write_flush
 .text.tud_cdc_n_write
                0x0000000010005d60       0x44 CMakeFiles/templete1.dir/home/rod-0310/pico/pico-sdk/lib/tinyusb/src/class/cdc/cdc_device.c.o
                0x0000000010005d60                tud_cdc_n_write
 .text.tud_cdc_n_write_available
                0x0000000010005da4       0x18 CMakeFiles/templete1.dir/home/rod-0310/pico/pico-sdk/lib/tinyusb/src/class/cdc/cdc_device.c.o
                0x0000000010005da4                tud_cdc_n_write_available
 .text.cdcd_init
                0x0000000010005dbc       0x70 CMakeFiles/templete1.dir/home/rod-0310/pico/pico-sdk/lib/tinyusb/src/class/cdc/cdc_device.c.o
                0x0000000010005dbc                cdcd_init
 .text.cdcd_deinit
                0x0000000010005e2c       0x24 CMakeFiles/templete1.dir/home/rod-0310/pico/pico-sdk/lib/tinyusb/src/class/cdc/cdc_device.c.o
                0x0000000010005e2c                cdcd_deinit
 .text.cdcd_reset
                0x0000000010005e50       0x4c CMakeFiles/templete1.dir/home/rod-0310/pico/pico-sdk/lib/tinyusb/src/class/cdc/cdc_device.c.o
                0x0000000010005e50                cdcd_reset
 .text.cdcd_open
                0x0000000010005e9c       0xa8 CMakeFiles/templete1.dir/home/rod-0310/pico/pico-sdk/lib/tinyusb/src/class/cdc/cdc_device.c.o
                0x0000000010005e9c                cdcd_open
 .text.cdcd_control_xfer_cb
                0x0000000010005f44       0xe8 CMakeFiles/templete1.dir/home/rod-0310/pico/pico-sdk/lib/tinyusb/src/class/cdc/cdc_device.c.o
                0x0000000010005f44                cdcd_control_xfer_cb
 .text.cdcd_xfer_cb
                0x000000001000602c       0xfc CMakeFiles/templete1.dir/home/rod-0310/pico/pico-sdk/lib/tinyusb/src/class/cdc/cdc_device.c.o
                0x000000001000602c                cdcd_xfer_cb
 .text.vendord_init
                0x0000000010006128       0x5c CMakeFiles/templete1.dir/home/rod-0310/pico/pico-sdk/lib/tinyusb/src/class/vendor/vendor_device.c.o
                0x0000000010006128                vendord_init
 .text.vendord_deinit
                0x0000000010006184       0x1c CMakeFiles/templete1.dir/home/rod-0310/pico/pico-sdk/lib/tinyusb/src/class/vendor/vendor_device.c.o
                0x0000000010006184                vendord_deinit
 .text.vendord_reset
                0x00000000100061a0       0x28 CMakeFiles/templete1.dir/home/rod-0310/pico/pico-sdk/lib/tinyusb/src/class/vendor/vendor_device.c.o
                0x00000000100061a0                vendord_reset
 .text.vendord_open
                0x00000000100061c8      0x128 CMakeFiles/templete1.dir/home/rod-0310/pico/pico-sdk/lib/tinyusb/src/class/vendor/vendor_device.c.o
                0x00000000100061c8                vendord_open
 .text.vendord_xfer_cb
                0x00000000100062f0       0x9c CMakeFiles/templete1.dir/home/rod-0310/pico/pico-sdk/lib/tinyusb/src/class/vendor/vendor_device.c.o
                0x00000000100062f0                vendord_xfer_cb
 .text.tusb_rhport_init
                0x000000001000638c       0x48 CMakeFiles/templete1.dir/home/rod-0310/pico/pico-sdk/lib/tinyusb/src/tusb.c.o
                0x000000001000638c                tusb_rhport_init
 .text.tu_edpt_claim
                0x00000000100063d4       0x50 CMakeFiles/templete1.dir/home/rod-0310/pico/pico-sdk/lib/tinyusb/src/tusb.c.o
                0x00000000100063d4                tu_edpt_claim
 .text.tu_edpt_release
                0x0000000010006424       0x38 CMakeFiles/templete1.dir/home/rod-0310/pico/pico-sdk/lib/tinyusb/src/tusb.c.o
                0x0000000010006424                tu_edpt_release
 .text.tu_edpt_validate
                0x000000001000645c       0x78 CMakeFiles/templete1.dir/home/rod-0310/pico/pico-sdk/lib/tinyusb/src/tusb.c.o
                0x000000001000645c                tu_edpt_validate
 .text.tu_edpt_bind_driver
                0x00000000100064d4       0x34 CMakeFiles/templete1.dir/home/rod-0310/pico/pico-sdk/lib/tinyusb/src/tusb.c.o
                0x00000000100064d4                tu_edpt_bind_driver
 .text.tu_edpt_stream_init
                0x0000000010006508       0x6c CMakeFiles/templete1.dir/home/rod-0310/pico/pico-sdk/lib/tinyusb/src/tusb.c.o
                0x0000000010006508                tu_edpt_stream_init
 .text.tu_edpt_stream_deinit
                0x0000000010006574        0x4 CMakeFiles/templete1.dir/home/rod-0310/pico/pico-sdk/lib/tinyusb/src/tusb.c.o
                0x0000000010006574                tu_edpt_stream_deinit
 .text.tu_edpt_stream_write_zlp_if_needed
                0x0000000010006578       0x58 CMakeFiles/templete1.dir/home/rod-0310/pico/pico-sdk/lib/tinyusb/src/tusb.c.o
                0x0000000010006578                tu_edpt_stream_write_zlp_if_needed
 .text.tu_edpt_stream_write_xfer
                0x00000000100065d0       0x64 CMakeFiles/templete1.dir/home/rod-0310/pico/pico-sdk/lib/tinyusb/src/tusb.c.o
                0x00000000100065d0                tu_edpt_stream_write_xfer
 .text.tu_edpt_stream_read_xfer
                0x0000000010006634       0xdc CMakeFiles/templete1.dir/home/rod-0310/pico/pico-sdk/lib/tinyusb/src/tusb.c.o
                0x0000000010006634                tu_edpt_stream_read_xfer
 .text.tu_fifo_config
                0x0000000010006710       0x70 CMakeFiles/templete1.dir/home/rod-0310/pico/pico-sdk/lib/tinyusb/src/common/tusb_fifo.c.o
                0x0000000010006710                tu_fifo_config
 .text.tu_fifo_count
                0x0000000010006780       0x2c CMakeFiles/templete1.dir/home/rod-0310/pico/pico-sdk/lib/tinyusb/src/common/tusb_fifo.c.o
                0x0000000010006780                tu_fifo_count
 .text.tu_fifo_empty
                0x00000000100067ac       0x10 CMakeFiles/templete1.dir/home/rod-0310/pico/pico-sdk/lib/tinyusb/src/common/tusb_fifo.c.o
                0x00000000100067ac                tu_fifo_empty
 .text.tu_fifo_remaining
                0x00000000100067bc       0x2c CMakeFiles/templete1.dir/home/rod-0310/pico/pico-sdk/lib/tinyusb/src/common/tusb_fifo.c.o
                0x00000000100067bc                tu_fifo_remaining
 .text.tu_fifo_read
                0x00000000100067e8       0xa0 CMakeFiles/templete1.dir/home/rod-0310/pico/pico-sdk/lib/tinyusb/src/common/tusb_fifo.c.o
                0x00000000100067e8                tu_fifo_read
 .text.tu_fifo_read_n
                0x0000000010006888       0xec CMakeFiles/templete1.dir/home/rod-0310/pico/pico-sdk/lib/tinyusb/src/common/tusb_fifo.c.o
                0x0000000010006888                tu_fifo_read_n
 .text.tu_fifo_write
                0x0000000010006974       0x88 CMakeFiles/templete1.dir/home/rod-0310/pico/pico-sdk/lib/tinyusb/src/common/tusb_fifo.c.o
                0x0000000010006974                tu_fifo_write
 .text.tu_fifo_write_n
                0x00000000100069fc      0x168 CMakeFiles/templete1.dir/home/rod-0310/pico/pico-sdk/lib/tinyusb/src/common/tusb_fifo.c.o
                0x00000000100069fc                tu_fifo_write_n
 .text.tu_fifo_clear
                0x0000000010006b64       0x40 CMakeFiles/templete1.dir/home/rod-0310/pico/pico-sdk/lib/tinyusb/src/common/tusb_fifo.c.o
                0x0000000010006b64                tu_fifo_clear
 .text.tu_fifo_set_overwritable
                0x0000000010006ba4       0x48 CMakeFiles/templete1.dir/home/rod-0310/pico/pico-sdk/lib/tinyusb/src/common/tusb_fifo.c.o
                0x0000000010006ba4                tu_fifo_set_overwritable
 .text.adc_init
                0x0000000010006bec       0x38 CMakeFiles/templete1.dir/home/rod-0310/pico/pico-sdk/src/rp2_common/hardware_adc/adc.c.o
                0x0000000010006bec                adc_init
 .text.cyw43_arch_set_async_context
                0x0000000010006c24        0xc CMakeFiles/templete1.dir/home/rod-0310/pico/pico-sdk/src/rp2_common/pico_cyw43_arch/cyw43_arch.c.o
                0x0000000010006c24                cyw43_arch_set_async_context
 .text.cyw43_arch_gpio_put
                0x0000000010006c30       0x14 CMakeFiles/templete1.dir/home/rod-0310/pico/pico-sdk/src/rp2_common/pico_cyw43_arch/cyw43_arch.c.o
                0x0000000010006c30                cyw43_arch_gpio_put
 .text.cyw43_arch_async_context
                0x0000000010006c44        0xc CMakeFiles/templete1.dir/home/rod-0310/pico/pico-sdk/src/rp2_common/pico_cyw43_arch/cyw43_arch.c.o
                0x0000000010006c44                cyw43_arch_async_context
 .text.cyw43_arch_init
                0x0000000010006c50       0x6c CMakeFiles/templete1.dir/home/rod-0310/pico/pico-sdk/src/rp2_common/pico_cyw43_arch/cyw43_arch_threadsafe_background.c.o
                0x0000000010006c50                cyw43_arch_init
 .text.ns_delay.constprop.0
                0x0000000010006cbc       0x20 CMakeFiles/templete1.dir/home/rod-0310/pico/pico-sdk/src/rp2_common/pico_cyw43_driver/cyw43_bus_pio_spi.c.o
 .text.cyw43_spi_deinit
                0x0000000010006cdc       0x6c CMakeFiles/templete1.dir/home/rod-0310/pico/pico-sdk/src/rp2_common/pico_cyw43_driver/cyw43_bus_pio_spi.c.o
                0x0000000010006cdc                cyw43_spi_deinit
 .text.cyw43_spi_init
                0x0000000010006d48      0x12c CMakeFiles/templete1.dir/home/rod-0310/pico/pico-sdk/src/rp2_common/pico_cyw43_driver/cyw43_bus_pio_spi.c.o
                0x0000000010006d48                cyw43_spi_init
 .text.cyw43_spi_transfer
                0x0000000010006e74      0x410 CMakeFiles/templete1.dir/home/rod-0310/pico/pico-sdk/src/rp2_common/pico_cyw43_driver/cyw43_bus_pio_spi.c.o
                0x0000000010006e74                cyw43_spi_transfer
 .text.cyw43_spi_gpio_setup
                0x0000000010007284       0x3c CMakeFiles/templete1.dir/home/rod-0310/pico/pico-sdk/src/rp2_common/pico_cyw43_driver/cyw43_bus_pio_spi.c.o
                0x0000000010007284                cyw43_spi_gpio_setup
 .text.cyw43_spi_reset
                0x00000000100072c0       0x28 CMakeFiles/templete1.dir/home/rod-0310/pico/pico-sdk/src/rp2_common/pico_cyw43_driver/cyw43_bus_pio_spi.c.o
                0x00000000100072c0                cyw43_spi_reset
 .text.read_reg_u32_swap
                0x00000000100072e8       0x3c CMakeFiles/templete1.dir/home/rod-0310/pico/pico-sdk/src/rp2_common/pico_cyw43_driver/cyw43_bus_pio_spi.c.o
                0x00000000100072e8                read_reg_u32_swap
 .text.cyw43_read_reg_u32
                0x0000000010007324       0x6c CMakeFiles/templete1.dir/home/rod-0310/pico/pico-sdk/src/rp2_common/pico_cyw43_driver/cyw43_bus_pio_spi.c.o
                0x0000000010007324                cyw43_read_reg_u32
 .text.cyw43_read_reg_u16
                0x0000000010007390       0x6c CMakeFiles/templete1.dir/home/rod-0310/pico/pico-sdk/src/rp2_common/pico_cyw43_driver/cyw43_bus_pio_spi.c.o
                0x0000000010007390                cyw43_read_reg_u16
 .text.cyw43_read_reg_u8
                0x00000000100073fc       0x6c CMakeFiles/templete1.dir/home/rod-0310/pico/pico-sdk/src/rp2_common/pico_cyw43_driver/cyw43_bus_pio_spi.c.o
                0x00000000100073fc                cyw43_read_reg_u8
 .text.write_reg_u32_swap
                0x0000000010007468      0x208 CMakeFiles/templete1.dir/home/rod-0310/pico/pico-sdk/src/rp2_common/pico_cyw43_driver/cyw43_bus_pio_spi.c.o
                0x0000000010007468                write_reg_u32_swap
 .text.cyw43_write_reg_u32
                0x0000000010007670      0x228 CMakeFiles/templete1.dir/home/rod-0310/pico/pico-sdk/src/rp2_common/pico_cyw43_driver/cyw43_bus_pio_spi.c.o
                0x0000000010007670                cyw43_write_reg_u32
 .text.cyw43_write_reg_u16
                0x0000000010007898      0x228 CMakeFiles/templete1.dir/home/rod-0310/pico/pico-sdk/src/rp2_common/pico_cyw43_driver/cyw43_bus_pio_spi.c.o
                0x0000000010007898                cyw43_write_reg_u16
 .text.cyw43_write_reg_u8
                0x0000000010007ac0      0x228 CMakeFiles/templete1.dir/home/rod-0310/pico/pico-sdk/src/rp2_common/pico_cyw43_driver/cyw43_bus_pio_spi.c.o
                0x0000000010007ac0                cyw43_write_reg_u8
 .text.cyw43_read_bytes
                0x0000000010007ce8       0x78 CMakeFiles/templete1.dir/home/rod-0310/pico/pico-sdk/src/rp2_common/pico_cyw43_driver/cyw43_bus_pio_spi.c.o
                0x0000000010007ce8                cyw43_read_bytes
 .text.cyw43_write_bytes
                0x0000000010007d60       0xec CMakeFiles/templete1.dir/home/rod-0310/pico/pico-sdk/src/rp2_common/pico_cyw43_driver/cyw43_bus_pio_spi.c.o
                0x0000000010007d60                cyw43_write_bytes
 .text.cyw43_set_backplane_window
                0x0000000010007e4c       0x64 CMakeFiles/templete1.dir/home/rod-0310/pico/pico-sdk/lib/cyw43-driver/src/cyw43_ll.c.o
 .text.cyw43_ll_parse_async_event
                0x0000000010007eb0      0x13c CMakeFiles/templete1.dir/home/rod-0310/pico/pico-sdk/lib/cyw43-driver/src/cyw43_ll.c.o
 .text.cyw43_kso_set
                0x0000000010007fec       0xa0 CMakeFiles/templete1.dir/home/rod-0310/pico/pico-sdk/lib/cyw43-driver/src/cyw43_ll.c.o
 .text.cyw43_ll_sdpcm_poll_device
                0x000000001000808c      0x238 CMakeFiles/templete1.dir/home/rod-0310/pico/pico-sdk/lib/cyw43-driver/src/cyw43_ll.c.o
 .text.cyw43_sdpcm_send_common
                0x00000000100082c4       0xf8 CMakeFiles/templete1.dir/home/rod-0310/pico/pico-sdk/lib/cyw43-driver/src/cyw43_ll.c.o
 .text.cyw43_do_ioctl.part.0
                0x00000000100083bc       0xc4 CMakeFiles/templete1.dir/home/rod-0310/pico/pico-sdk/lib/cyw43-driver/src/cyw43_ll.c.o
 .text.cyw43_download_resource
                0x0000000010008480       0xd0 CMakeFiles/templete1.dir/home/rod-0310/pico/pico-sdk/lib/cyw43-driver/src/cyw43_ll.c.o
 .text.cyw43_write_iovar_n
                0x0000000010008550       0x8c CMakeFiles/templete1.dir/home/rod-0310/pico/pico-sdk/lib/cyw43-driver/src/cyw43_ll.c.o
 .text.cyw43_write_iovar_u32
                0x00000000100085dc       0xa4 CMakeFiles/templete1.dir/home/rod-0310/pico/pico-sdk/lib/cyw43-driver/src/cyw43_ll.c.o
 .text.cyw43_read_backplane.constprop.0
                0x0000000010008680       0xdc CMakeFiles/templete1.dir/home/rod-0310/pico/pico-sdk/lib/cyw43-driver/src/cyw43_ll.c.o
 .text.cyw43_write_backplane
                0x000000001000875c      0x104 CMakeFiles/templete1.dir/home/rod-0310/pico/pico-sdk/lib/cyw43-driver/src/cyw43_ll.c.o
 .text.reset_device_core.constprop.0
                0x0000000010008860      0x3f0 CMakeFiles/templete1.dir/home/rod-0310/pico/pico-sdk/lib/cyw43-driver/src/cyw43_ll.c.o
 .text.cyw43_ll_init
                0x0000000010008c50       0x1c CMakeFiles/templete1.dir/home/rod-0310/pico/pico-sdk/lib/cyw43-driver/src/cyw43_ll.c.o
                0x0000000010008c50                cyw43_ll_init
 .text.cyw43_ll_deinit
                0x0000000010008c6c        0x8 CMakeFiles/templete1.dir/home/rod-0310/pico/pico-sdk/lib/cyw43-driver/src/cyw43_ll.c.o
                0x0000000010008c6c                cyw43_ll_deinit
 .text.cyw43_ll_process_packets
                0x0000000010008c74       0x54 CMakeFiles/templete1.dir/home/rod-0310/pico/pico-sdk/lib/cyw43-driver/src/cyw43_ll.c.o
                0x0000000010008c74                cyw43_ll_process_packets
 .text.cyw43_ll_ioctl
                0x0000000010008cc8       0x80 CMakeFiles/templete1.dir/home/rod-0310/pico/pico-sdk/lib/cyw43-driver/src/cyw43_ll.c.o
                0x0000000010008cc8                cyw43_ll_ioctl
 .text.cyw43_ll_bus_sleep
                0x0000000010008d48       0x34 CMakeFiles/templete1.dir/home/rod-0310/pico/pico-sdk/lib/cyw43-driver/src/cyw43_ll.c.o
                0x0000000010008d48                cyw43_ll_bus_sleep
 .text.cyw43_ll_wifi_get_mac
                0x0000000010008d7c       0x74 CMakeFiles/templete1.dir/home/rod-0310/pico/pico-sdk/lib/cyw43-driver/src/cyw43_ll.c.o
                0x0000000010008d7c                cyw43_ll_wifi_get_mac
 .text.cyw43_ll_bus_init
                0x0000000010008df0      0x90c CMakeFiles/templete1.dir/home/rod-0310/pico/pico-sdk/lib/cyw43-driver/src/cyw43_ll.c.o
                0x0000000010008df0                cyw43_ll_bus_init
 .text.cyw43_ll_wifi_set_wpa_auth
                0x00000000100096fc       0x4c CMakeFiles/templete1.dir/home/rod-0310/pico/pico-sdk/lib/cyw43-driver/src/cyw43_ll.c.o
                0x00000000100096fc                cyw43_ll_wifi_set_wpa_auth
 .text.cyw43_ll_wifi_rejoin
                0x0000000010009748       0x58 CMakeFiles/templete1.dir/home/rod-0310/pico/pico-sdk/lib/cyw43-driver/src/cyw43_ll.c.o
                0x0000000010009748                cyw43_ll_wifi_rejoin
 .text.cyw43_ll_gpio_set
                0x00000000100097a0       0x9c CMakeFiles/templete1.dir/home/rod-0310/pico/pico-sdk/lib/cyw43-driver/src/cyw43_ll.c.o
                0x00000000100097a0                cyw43_ll_gpio_set
 .text.cyw43_ll_has_work
                0x000000001000983c       0x14 CMakeFiles/templete1.dir/home/rod-0310/pico/pico-sdk/lib/cyw43-driver/src/cyw43_ll.c.o
                0x000000001000983c                cyw43_ll_has_work
 .text.cyw43_poll_func
                0x0000000010009850       0xc0 CMakeFiles/templete1.dir/home/rod-0310/pico/pico-sdk/lib/cyw43-driver/src/cyw43_ctrl.c.o
 .text.cyw43_init
                0x0000000010009910       0x6c CMakeFiles/templete1.dir/home/rod-0310/pico/pico-sdk/lib/cyw43-driver/src/cyw43_ctrl.c.o
                0x0000000010009910                cyw43_init
 .text.cyw43_deinit
                0x000000001000997c       0x90 CMakeFiles/templete1.dir/home/rod-0310/pico/pico-sdk/lib/cyw43-driver/src/cyw43_ctrl.c.o
                0x000000001000997c                cyw43_deinit
 .text.cyw43_cb_read_host_interrupt_pin
                0x0000000010009a0c        0xc CMakeFiles/templete1.dir/home/rod-0310/pico/pico-sdk/lib/cyw43-driver/src/cyw43_ctrl.c.o
                0x0000000010009a0c                cyw43_cb_read_host_interrupt_pin
 .text.cyw43_cb_ensure_awake
                0x0000000010009a18        0xc CMakeFiles/templete1.dir/home/rod-0310/pico/pico-sdk/lib/cyw43-driver/src/cyw43_ctrl.c.o
                0x0000000010009a18                cyw43_cb_ensure_awake
 .text.cyw43_cb_process_async_event
                0x0000000010009a24      0x234 CMakeFiles/templete1.dir/home/rod-0310/pico/pico-sdk/lib/cyw43-driver/src/cyw43_ctrl.c.o
                0x0000000010009a24                cyw43_cb_process_async_event
 .text.cyw43_gpio_set
                0x0000000010009c58       0xa0 CMakeFiles/templete1.dir/home/rod-0310/pico/pico-sdk/lib/cyw43-driver/src/cyw43_ctrl.c.o
                0x0000000010009c58                cyw43_gpio_set
 .text.pio_sm_set_pindirs_with_mask64
                0x0000000010009cf8       0xa4 CMakeFiles/templete1.dir/home/rod-0310/pico/pico-sdk/src/rp2_common/hardware_pio/pio.c.o
                0x0000000010009cf8                pio_sm_set_pindirs_with_mask64
 .text.pio_sm_set_consecutive_pindirs
                0x0000000010009d9c       0xbc CMakeFiles/templete1.dir/home/rod-0310/pico/pico-sdk/src/rp2_common/hardware_pio/pio.c.o
                0x0000000010009d9c                pio_sm_set_consecutive_pindirs
 .text.pio_claim_free_sm_and_add_program_for_gpio_range
                0x0000000010009e58      0x190 CMakeFiles/templete1.dir/home/rod-0310/pico/pico-sdk/src/rp2_common/hardware_pio/pio.c.o
                0x0000000010009e58                pio_claim_free_sm_and_add_program_for_gpio_range
 .text.pio_remove_program_and_unclaim_sm
                0x0000000010009fe8       0x40 CMakeFiles/templete1.dir/home/rod-0310/pico/pico-sdk/src/rp2_common/hardware_pio/pio.c.o
                0x0000000010009fe8                pio_remove_program_and_unclaim_sm
 .text.dma_channel_unclaim
                0x000000001000a028       0x10 CMakeFiles/templete1.dir/home/rod-0310/pico/pico-sdk/src/rp2_common/hardware_dma/dma.c.o
                0x000000001000a028                dma_channel_unclaim
 .text.dma_claim_unused_channel
                0x000000001000a038       0x20 CMakeFiles/templete1.dir/home/rod-0310/pico/pico-sdk/src/rp2_common/hardware_dma/dma.c.o
                0x000000001000a038                dma_claim_unused_channel
 .text.dma_channel_cleanup
                0x000000001000a058       0x64 CMakeFiles/templete1.dir/home/rod-0310/pico/pico-sdk/src/rp2_common/hardware_dma/dma.c.o
                0x000000001000a058                dma_channel_cleanup
 .text.cyw43_sleep_timeout_reached
                0x000000001000a0bc       0x10 CMakeFiles/templete1.dir/home/rod-0310/pico/pico-sdk/src/rp2_common/pico_cyw43_driver/cyw43_driver.c.o
 .text.cyw43_irq_init
                0x000000001000a0cc       0x28 CMakeFiles/templete1.dir/home/rod-0310/pico/pico-sdk/src/rp2_common/pico_cyw43_driver/cyw43_driver.c.o
                0x000000001000a0cc                cyw43_irq_init
 .text.cyw43_irq_deinit
                0x000000001000a0f4       0x20 CMakeFiles/templete1.dir/home/rod-0310/pico/pico-sdk/src/rp2_common/pico_cyw43_driver/cyw43_driver.c.o
                0x000000001000a0f4                cyw43_irq_deinit
 .text.cyw43_gpio_irq_handler
                0x000000001000a114       0x44 CMakeFiles/templete1.dir/home/rod-0310/pico/pico-sdk/src/rp2_common/pico_cyw43_driver/cyw43_driver.c.o
 .text.cyw43_do_poll
                0x000000001000a158       0x6c CMakeFiles/templete1.dir/home/rod-0310/pico/pico-sdk/src/rp2_common/pico_cyw43_driver/cyw43_driver.c.o
 .text.cyw43_post_poll_hook
                0x000000001000a1c4       0x10 CMakeFiles/templete1.dir/home/rod-0310/pico/pico-sdk/src/rp2_common/pico_cyw43_driver/cyw43_driver.c.o
                0x000000001000a1c4                cyw43_post_poll_hook
 .text.cyw43_schedule_internal_poll_dispatch
                0x000000001000a1d4       0x18 CMakeFiles/templete1.dir/home/rod-0310/pico/pico-sdk/src/rp2_common/pico_cyw43_driver/cyw43_driver.c.o
                0x000000001000a1d4                cyw43_schedule_internal_poll_dispatch
 .text.cyw43_driver_init
                0x000000001000a1ec       0x38 CMakeFiles/templete1.dir/home/rod-0310/pico/pico-sdk/src/rp2_common/pico_cyw43_driver/cyw43_driver.c.o
                0x000000001000a1ec                cyw43_driver_init
 .text.cyw43_driver_deinit
                0x000000001000a224       0x44 CMakeFiles/templete1.dir/home/rod-0310/pico/pico-sdk/src/rp2_common/pico_cyw43_driver/cyw43_driver.c.o
                0x000000001000a224                cyw43_driver_deinit
 .text.cyw43_hal_generate_laa_mac
                0x000000001000a268       0x28 CMakeFiles/templete1.dir/home/rod-0310/pico/pico-sdk/src/rp2_common/pico_cyw43_driver/cyw43_driver.c.o
                0x000000001000a268                cyw43_hal_generate_laa_mac
 .text.cyw43_thread_enter
                0x000000001000a290       0x14 CMakeFiles/templete1.dir/home/rod-0310/pico/pico-sdk/src/rp2_common/pico_cyw43_driver/cyw43_driver.c.o
                0x000000001000a290                cyw43_thread_enter
 .text.cyw43_thread_exit
                0x000000001000a2a4       0x14 CMakeFiles/templete1.dir/home/rod-0310/pico/pico-sdk/src/rp2_common/pico_cyw43_driver/cyw43_driver.c.o
                0x000000001000a2a4                cyw43_thread_exit
 .text.cyw43_await_background_or_timeout_us
                0x000000001000a2b8       0x60 CMakeFiles/templete1.dir/home/rod-0310/pico/pico-sdk/src/rp2_common/pico_cyw43_driver/cyw43_driver.c.o
                0x000000001000a2b8                cyw43_await_background_or_timeout_us
 .text.cyw43_delay_ms
                0x000000001000a318       0x44 CMakeFiles/templete1.dir/home/rod-0310/pico/pico-sdk/src/rp2_common/pico_cyw43_driver/cyw43_driver.c.o
                0x000000001000a318                cyw43_delay_ms
 .text.cyw43_cb_tcpip_deinit
                0x000000001000a35c        0x4 CMakeFiles/templete1.dir/home/rod-0310/pico/pico-sdk/src/rp2_common/pico_cyw43_driver/cyw43_driver.c.o
                0x000000001000a35c                cyw43_cb_tcpip_deinit
 .text.cyw43_cb_tcpip_set_link_up
                0x000000001000a360        0xc CMakeFiles/templete1.dir/home/rod-0310/pico/pico-sdk/src/rp2_common/pico_cyw43_driver/cyw43_driver.c.o
                0x000000001000a360                cyw43_cb_tcpip_set_link_up
 .text.cyw43_cb_tcpip_set_link_down
                0x000000001000a36c        0xc CMakeFiles/templete1.dir/home/rod-0310/pico/pico-sdk/src/rp2_common/pico_cyw43_driver/cyw43_driver.c.o
                0x000000001000a36c                cyw43_cb_tcpip_set_link_down
 .text.cyw43_cb_process_ethernet
                0x000000001000a378        0xc CMakeFiles/templete1.dir/home/rod-0310/pico/pico-sdk/src/rp2_common/pico_cyw43_driver/cyw43_driver.c.o
                0x000000001000a378                cyw43_cb_process_ethernet
 .text.async_context_threadsafe_background_acquire_lock_blocking
                0x000000001000a384        0xc CMakeFiles/templete1.dir/home/rod-0310/pico/pico-sdk/src/rp2_common/pico_async_context/async_context_threadsafe_background.c.o
 .text.alarm_handler
                0x000000001000a390       0x20 CMakeFiles/templete1.dir/home/rod-0310/pico/pico-sdk/src/rp2_common/pico_async_context/async_context_threadsafe_background.c.o
 .text.async_context_threadsafe_background_set_work_pending
                0x000000001000a3b0       0x1c CMakeFiles/templete1.dir/home/rod-0310/pico/pico-sdk/src/rp2_common/pico_async_context/async_context_threadsafe_background.c.o
 .text.process_under_lock
                0x000000001000a3cc       0xc8 CMakeFiles/templete1.dir/home/rod-0310/pico/pico-sdk/src/rp2_common/pico_async_context/async_context_threadsafe_background.c.o
 .text.async_context_threadsafe_background_execute_sync
                0x000000001000a494       0x30 CMakeFiles/templete1.dir/home/rod-0310/pico/pico-sdk/src/rp2_common/pico_async_context/async_context_threadsafe_background.c.o
                0x000000001000a494                async_context_threadsafe_background_execute_sync
 .text.async_context_threadsafe_background_deinit
                0x000000001000a4c4       0x54 CMakeFiles/templete1.dir/home/rod-0310/pico/pico-sdk/src/rp2_common/pico_async_context/async_context_threadsafe_background.c.o
 .text.low_priority_irq_handler
                0x000000001000a518       0x3c CMakeFiles/templete1.dir/home/rod-0310/pico/pico-sdk/src/rp2_common/pico_async_context/async_context_threadsafe_background.c.o
 .text.async_context_threadsafe_background_wait_for_work_until
                0x000000001000a554        0xc CMakeFiles/templete1.dir/home/rod-0310/pico/pico-sdk/src/rp2_common/pico_async_context/async_context_threadsafe_background.c.o
 .text.async_context_threadsafe_background_wait_until
                0x000000001000a560       0x1c CMakeFiles/templete1.dir/home/rod-0310/pico/pico-sdk/src/rp2_common/pico_async_context/async_context_threadsafe_background.c.o
 .text.async_context_threadsafe_background_lock_check
                0x000000001000a57c       0x28 CMakeFiles/templete1.dir/home/rod-0310/pico/pico-sdk/src/rp2_common/pico_async_context/async_context_threadsafe_background.c.o
 .text.async_context_threadsafe_background_release_lock
                0x000000001000a5a4       0x1c CMakeFiles/templete1.dir/home/rod-0310/pico/pico-sdk/src/rp2_common/pico_async_context/async_context_threadsafe_background.c.o
 .text.async_context_threadsafe_background_when_pending_worker
                0x000000001000a5c0       0x34 CMakeFiles/templete1.dir/home/rod-0310/pico/pico-sdk/src/rp2_common/pico_async_context/async_context_threadsafe_background.c.o
 .text.async_context_threadsafe_background_remove_at_time_worker
                0x000000001000a5f4       0x34 CMakeFiles/templete1.dir/home/rod-0310/pico/pico-sdk/src/rp2_common/pico_async_context/async_context_threadsafe_background.c.o
 .text.async_context_threadsafe_background_add_when_pending_worker
                0x000000001000a628       0x34 CMakeFiles/templete1.dir/home/rod-0310/pico/pico-sdk/src/rp2_common/pico_async_context/async_context_threadsafe_background.c.o
 .text.async_context_threadsafe_background_add_at_time_worker
                0x000000001000a65c       0x34 CMakeFiles/templete1.dir/home/rod-0310/pico/pico-sdk/src/rp2_common/pico_async_context/async_context_threadsafe_background.c.o
 .text.async_context_threadsafe_background_default_config
                0x000000001000a690        0xc CMakeFiles/templete1.dir/home/rod-0310/pico/pico-sdk/src/rp2_common/pico_async_context/async_context_threadsafe_background.c.o
                0x000000001000a690                async_context_threadsafe_background_default_config
 .text.async_context_threadsafe_background_init
                0x000000001000a69c       0x8c CMakeFiles/templete1.dir/home/rod-0310/pico/pico-sdk/src/rp2_common/pico_async_context/async_context_threadsafe_background.c.o
                0x000000001000a69c                async_context_threadsafe_background_init
 .text.async_context_base_add_at_time_worker
                0x000000001000a728       0x28 CMakeFiles/templete1.dir/home/rod-0310/pico/pico-sdk/src/rp2_common/pico_async_context/async_context_base.c.o
                0x000000001000a728                async_context_base_add_at_time_worker
 .text.async_context_base_remove_at_time_worker
                0x000000001000a750       0x28 CMakeFiles/templete1.dir/home/rod-0310/pico/pico-sdk/src/rp2_common/pico_async_context/async_context_base.c.o
                0x000000001000a750                async_context_base_remove_at_time_worker
 .text.async_context_base_add_when_pending_worker
                0x000000001000a778       0x24 CMakeFiles/templete1.dir/home/rod-0310/pico/pico-sdk/src/rp2_common/pico_async_context/async_context_base.c.o
                0x000000001000a778                async_context_base_add_when_pending_worker
 .text.async_context_base_remove_when_pending_worker
                0x000000001000a79c       0x28 CMakeFiles/templete1.dir/home/rod-0310/pico/pico-sdk/src/rp2_common/pico_async_context/async_context_base.c.o
                0x000000001000a79c                async_context_base_remove_when_pending_worker
 .text.async_context_base_execute_once
                0x000000001000a7c4       0xe8 CMakeFiles/templete1.dir/home/rod-0310/pico/pico-sdk/src/rp2_common/pico_async_context/async_context_base.c.o
                0x000000001000a7c4                async_context_base_execute_once
 .text          0x000000001000a8ac       0xac /usr/lib/gcc/arm-none-eabi/10.3.1/../../../arm-none-eabi/lib/thumb/v6-m/nofp/libg.a(lib_a-memmove.o)
                0x000000001000a8ac                memmove
 .text          0x000000001000a958       0x5c /usr/lib/gcc/arm-none-eabi/10.3.1/../../../arm-none-eabi/lib/thumb/v6-m/nofp/libg.a(lib_a-strlen-stub.o)
                0x000000001000a958                strlen
 .text          0x000000001000a9b4       0x74 /usr/lib/gcc/arm-none-eabi/10.3.1/../../../arm-none-eabi/lib/thumb/v6-m/nofp/libg.a(lib_a-strncmp.o)
                0x000000001000a9b4                strncmp
 *(.fini)
 .fini          0x000000001000aa28        0x4 /usr/lib/gcc/arm-none-eabi/10.3.1/thumb/v6-m/nofp/crti.o
                0x000000001000aa28                _fini
 *fill*         0x000000001000aa2c        0x4 
 .fini.__stub   0x000000001000aa30      0x120 linker stubs
 *crtbegin.o(.ctors)
 *crtbegin?.o(.ctors)
 *(EXCLUDE_FILE(*crtend.o *crtend?.o) .ctors)
 *(SORT_BY_NAME(.ctors.*))
 *(.ctors)
 *crtbegin.o(.dtors)
 *crtbegin?.o(.dtors)
 *(EXCLUDE_FILE(*crtend.o *crtend?.o) .dtors)
 *(SORT_BY_NAME(.dtors.*))
 *(.dtors)
                0x000000001000ab50                . = ALIGN (0x4)
                0x000000001000ab50                PROVIDE (__preinit_array_start = .)
 *(SORT_BY_NAME(.preinit_array.*))
 .preinit_array.00100
                0x000000001000ab50        0x4 CMakeFiles/templete1.dir/home/rod-0310/pico/pico-sdk/src/rp2_common/pico_runtime_init/runtime_init.c.o
                0x000000001000ab50                __pre_init_runtime_init_early_resets
 .preinit_array.00101
                0x000000001000ab54        0x4 CMakeFiles/templete1.dir/home/rod-0310/pico/pico-sdk/src/rp2_common/pico_runtime_init/runtime_init.c.o
                0x000000001000ab54                __pre_init_runtime_init_usb_power_down
 .preinit_array.00275
                0x000000001000ab58        0x4 CMakeFiles/templete1.dir/home/rod-0310/pico/pico-sdk/src/rp2_common/pico_bit_ops/bit_ops_aeabi.S.o
 .preinit_array.00300
                0x000000001000ab5c        0x4 CMakeFiles/templete1.dir/home/rod-0310/pico/pico-sdk/src/rp2_common/pico_mem_ops/mem_ops_aeabi.S.o
 .preinit_array.00350
                0x000000001000ab60        0x4 CMakeFiles/templete1.dir/home/rod-0310/pico/pico-sdk/src/rp2_common/pico_double/double_aeabi_rp2040.S.o
 .preinit_array.00350
                0x000000001000ab64        0x4 CMakeFiles/templete1.dir/home/rod-0310/pico/pico-sdk/src/rp2_common/pico_float/float_aeabi_rp2040.S.o
 .preinit_array.00500
                0x000000001000ab68        0x4 CMakeFiles/templete1.dir/home/rod-0310/pico/pico-sdk/src/rp2_common/pico_runtime_init/runtime_init.c.o
                0x000000001000ab68                __pre_init_runtime_init_clocks
 .preinit_array.00600
                0x000000001000ab6c        0x4 CMakeFiles/templete1.dir/home/rod-0310/pico/pico-sdk/src/rp2_common/pico_runtime_init/runtime_init.c.o
                0x000000001000ab6c                __pre_init_runtime_init_post_clock_resets
 .preinit_array.00700
                0x000000001000ab70        0x4 CMakeFiles/templete1.dir/home/rod-0310/pico/pico-sdk/src/rp2_common/pico_runtime_init/runtime_init.c.o
                0x000000001000ab70                __pre_init_runtime_init_rp2040_gpio_ie_disable
 .preinit_array.01000
                0x000000001000ab74        0x4 CMakeFiles/templete1.dir/home/rod-0310/pico/pico-sdk/src/rp2_common/pico_runtime_init/runtime_init.c.o
                0x000000001000ab74                __pre_init_runtime_init_spin_locks_reset
 .preinit_array.01100
                0x000000001000ab78        0x4 CMakeFiles/templete1.dir/home/rod-0310/pico/pico-sdk/src/common/pico_sync/mutex.c.o
                0x000000001000ab78                __pre_init_runtime_init_mutex
 .preinit_array.10080
                0x000000001000ab7c        0x4 CMakeFiles/templete1.dir/home/rod-0310/pico/pico-sdk/src/rp2_common/pico_runtime_init/runtime_init.c.o
                0x000000001000ab7c                __pre_init_runtime_init_install_ram_vector_table
 .preinit_array.11000
                0x000000001000ab80        0x4 CMakeFiles/templete1.dir/home/rod-0310/pico/pico-sdk/src/common/pico_time/time.c.o
                0x000000001000ab80                __pre_init_runtime_init_default_alarm_pool
 .preinit_array.YYYYY
                0x000000001000ab84        0x4 CMakeFiles/templete1.dir/home/rod-0310/pico/pico-sdk/src/rp2_common/pico_runtime/runtime.c.o
                0x000000001000ab84                __pre_init_first_per_core_initializer
 .preinit_array.ZZZZZ.01200
                0x000000001000ab88        0x4 CMakeFiles/templete1.dir/home/rod-0310/pico/pico-sdk/src/rp2_common/hardware_irq/irq.c.o
                0x000000001000ab88                __pre_init_runtime_init_per_core_irq_priorities
 *(.preinit_array)
                0x000000001000ab8c                PROVIDE (__preinit_array_end = .)
                0x000000001000ab8c                . = ALIGN (0x4)
                0x000000001000ab8c                PROVIDE (__init_array_start = .)
 *(SORT_BY_NAME(.init_array.*))
 *(.init_array)
 .init_array    0x000000001000ab8c        0x4 /usr/lib/gcc/arm-none-eabi/10.3.1/thumb/v6-m/nofp/crtbegin.o
 .init_array    0x000000001000ab90        0x4 CMakeFiles/templete1.dir/home/rod-0310/pico/pico-sdk/src/rp2_common/pico_unique_id/unique_id.c.o
                0x000000001000ab94                PROVIDE (__init_array_end = .)
                0x000000001000ab94                . = ALIGN (0x4)
                0x000000001000ab94                PROVIDE (__fini_array_start = .)
 *(SORT_BY_NAME(.fini_array.*))
 *(.fini_array)
                0x000000001000ab94                PROVIDE (__fini_array_end = .)
 *(.eh_frame*)
 .eh_frame      0x000000001000ab94        0x0 /usr/lib/gcc/arm-none-eabi/10.3.1/thumb/v6-m/nofp/crtbegin.o
                0x000000001000ab94                . = ALIGN (0x4)

.glue_7         0x000000001000ab94        0x0
 .glue_7        0x000000001000ab94        0x0 linker stubs

.glue_7t        0x000000001000ab94        0x0
 .glue_7t       0x000000001000ab94        0x0 linker stubs

.vfp11_veneer   0x000000001000ab94        0x0
 .vfp11_veneer  0x000000001000ab94        0x0 linker stubs

.v4_bx          0x000000001000ab94        0x0
 .v4_bx         0x000000001000ab94        0x0 linker stubs

.iplt           0x000000001000ab94        0x0
 .iplt          0x000000001000ab94        0x0 /usr/lib/gcc/arm-none-eabi/10.3.1/thumb/v6-m/nofp/crtbegin.o

.rodata         0x000000001000ab98    0x37f6c
 *(EXCLUDE_FILE(*libm.a: *libc.a:*lib_a-mem*.o *libgcc.a:) .rodata*)
 .rodata.main.str1.4
                0x000000001000ab98       0x4a CMakeFiles/templete1.dir/templete1.c.o
 *fill*         0x000000001000abe2        0x2 
 .rodata.panic.str1.4
                0x000000001000abe4       0x10 CMakeFiles/templete1.dir/home/rod-0310/pico/pico-sdk/src/rp2_common/pico_platform_panic/panic.c.o
                                         0x12 (size before relaxing)
 .rodata.spin_lock_claim_unused.str1.4
                0x000000001000abf4       0x1b CMakeFiles/templete1.dir/home/rod-0310/pico/pico-sdk/src/rp2_common/hardware_sync/sync.c.o
 *fill*         0x000000001000ac0f        0x1 
 .rodata.user_irq_claim_unused.str1.4
                0x000000001000ac10       0x1b CMakeFiles/templete1.dir/home/rod-0310/pico/pico-sdk/src/rp2_common/hardware_irq/irq.c.o
 *fill*         0x000000001000ac2b        0x5 
 .rodata.at_the_end_of_time
                0x000000001000ac30        0x8 CMakeFiles/templete1.dir/home/rod-0310/pico/pico-sdk/src/common/pico_time/time.c.o
                0x000000001000ac30                at_the_end_of_time
 .rodata.timer_hardware_alarm_claim.str1.4
                0x000000001000ac38       0x22 CMakeFiles/templete1.dir/home/rod-0310/pico/pico-sdk/src/rp2_common/hardware_timer/timer.c.o
 *fill*         0x000000001000ac5a        0x2 
 .rodata.hard_assertion_failure.str1.4
                0x000000001000ac5c        0xc CMakeFiles/templete1.dir/home/rod-0310/pico/pico-sdk/src/rp2_common/pico_runtime/runtime.c.o
 .rodata.missing_double_func_shim.str1.4
                0x000000001000ac68       0x18 CMakeFiles/templete1.dir/home/rod-0310/pico/pico-sdk/src/rp2_common/pico_double/double_init_rom_rp2040.c.o
 .rodata.missing_float_func_shim.str1.4
                0x000000001000ac80       0x18 CMakeFiles/templete1.dir/home/rod-0310/pico/pico-sdk/src/rp2_common/pico_float/float_init_rom_rp2040.c.o
                                          0x1 (size before relaxing)
 .rodata.str1.4
                0x000000001000ac80       0x40 CMakeFiles/templete1.dir/home/rod-0310/pico/pico-sdk/src/rp2_common/pico_standard_binary_info/standard_binary_info.c.o
 .rodata.__bi_26
                0x000000001000acc0        0xc CMakeFiles/templete1.dir/home/rod-0310/pico/pico-sdk/src/rp2_common/pico_standard_binary_info/standard_binary_info.c.o
 .rodata.__bi_34
                0x000000001000accc        0xc CMakeFiles/templete1.dir/home/rod-0310/pico/pico-sdk/src/rp2_common/pico_standard_binary_info/standard_binary_info.c.o
 .rodata.__bi_42
                0x000000001000acd8        0xc CMakeFiles/templete1.dir/home/rod-0310/pico/pico-sdk/src/rp2_common/pico_standard_binary_info/standard_binary_info.c.o
 .rodata.__bi_48
                0x000000001000ace4        0xc CMakeFiles/templete1.dir/home/rod-0310/pico/pico-sdk/src/rp2_common/pico_standard_binary_info/standard_binary_info.c.o
 .rodata.__bi_54
                0x000000001000acf0        0xc CMakeFiles/templete1.dir/home/rod-0310/pico/pico-sdk/src/rp2_common/pico_standard_binary_info/standard_binary_info.c.o
 .rodata.__bi_78
                0x000000001000acfc        0xc CMakeFiles/templete1.dir/home/rod-0310/pico/pico-sdk/src/rp2_common/pico_standard_binary_info/standard_binary_info.c.o
 .rodata.__bi_84
                0x000000001000ad08        0xc CMakeFiles/templete1.dir/home/rod-0310/pico/pico-sdk/src/rp2_common/pico_standard_binary_info/standard_binary_info.c.o
 .rodata._ftoa.str1.4
                0x000000001000ad14       0x15 CMakeFiles/templete1.dir/home/rod-0310/pico/pico-sdk/src/rp2_common/pico_printf/printf.c.o
 *fill*         0x000000001000ad29        0x3 
 .rodata._vsnprintf
                0x000000001000ad2c      0x1e0 CMakeFiles/templete1.dir/home/rod-0310/pico/pico-sdk/src/rp2_common/pico_printf/printf.c.o
 *fill*         0x000000001000af0c        0x4 
 .rodata.pow10.0
                0x000000001000af10       0x50 CMakeFiles/templete1.dir/home/rod-0310/pico/pico-sdk/src/rp2_common/pico_printf/printf.c.o
 .rodata.crlf_str.0
                0x000000001000af60        0x2 CMakeFiles/templete1.dir/home/rod-0310/pico/pico-sdk/src/rp2_common/pico_stdio/stdio.c.o
 *fill*         0x000000001000af62        0x2 
 .rodata._resetd_driver
                0x000000001000af64       0x20 CMakeFiles/templete1.dir/home/rod-0310/pico/pico-sdk/src/rp2_common/pico_stdio_usb/reset_interface.c.o
 .rodata.desc_bos
                0x000000001000af84       0x21 CMakeFiles/templete1.dir/home/rod-0310/pico/pico-sdk/src/rp2_common/pico_stdio_usb/reset_interface.c.o
                0x000000001000af84                desc_bos
 *fill*         0x000000001000afa5        0x3 
 .rodata.desc_ms_os_20
                0x000000001000afa8       0xa6 CMakeFiles/templete1.dir/home/rod-0310/pico/pico-sdk/src/rp2_common/pico_stdio_usb/reset_interface.c.o
 *fill*         0x000000001000b04e        0x2 
 .rodata.str1.4
                0x000000001000b050       0x13 CMakeFiles/templete1.dir/home/rod-0310/pico/pico-sdk/src/rp2_common/pico_stdio_usb/stdio_usb.c.o
 *fill*         0x000000001000b063        0x1 
 .rodata.__bi_197.0
                0x000000001000b064        0xc CMakeFiles/templete1.dir/home/rod-0310/pico/pico-sdk/src/rp2_common/pico_stdio_usb/stdio_usb.c.o
 .rodata.str1.4
                0x000000001000b070       0x2a CMakeFiles/templete1.dir/home/rod-0310/pico/pico-sdk/src/rp2_common/pico_stdio_usb/stdio_usb_descriptors.c.o
 *fill*         0x000000001000b09a        0x2 
 .rodata.usbd_desc_cfg
                0x000000001000b09c       0x54 CMakeFiles/templete1.dir/home/rod-0310/pico/pico-sdk/src/rp2_common/pico_stdio_usb/stdio_usb_descriptors.c.o
 .rodata.usbd_desc_device
                0x000000001000b0f0       0x12 CMakeFiles/templete1.dir/home/rod-0310/pico/pico-sdk/src/rp2_common/pico_stdio_usb/stdio_usb_descriptors.c.o
 *fill*         0x000000001000b102        0x2 
 .rodata.usbd_desc_str
                0x000000001000b104       0x18 CMakeFiles/templete1.dir/home/rod-0310/pico/pico-sdk/src/rp2_common/pico_stdio_usb/stdio_usb_descriptors.c.o
 .rodata.str1.4
                0x000000001000b11c       0x14 CMakeFiles/templete1.dir/home/rod-0310/pico/pico-sdk/lib/tinyusb/src/portable/raspberrypi/rp2040/dcd_rp2040.c.o
 .rodata.str1.4
                0x000000001000b130       0x48 CMakeFiles/templete1.dir/home/rod-0310/pico/pico-sdk/lib/tinyusb/src/portable/raspberrypi/rp2040/rp2040_usb.c.o
 .rodata.tud_task_ext
                0x000000001000b178       0x8c CMakeFiles/templete1.dir/home/rod-0310/pico/pico-sdk/lib/tinyusb/src/device/usbd.c.o
 .rodata        0x000000001000b204       0x1c CMakeFiles/templete1.dir/home/rod-0310/pico/pico-sdk/lib/tinyusb/src/device/usbd.c.o
 .rodata._usbd_driver
                0x000000001000b220       0x40 CMakeFiles/templete1.dir/home/rod-0310/pico/pico-sdk/lib/tinyusb/src/device/usbd.c.o
 .rodata.cyw43_read_bytes.str1.4
                0x000000001000b260       0x1a CMakeFiles/templete1.dir/home/rod-0310/pico/pico-sdk/src/rp2_common/pico_cyw43_driver/cyw43_bus_pio_spi.c.o
 .rodata.cyw43_write_bytes.str1.4
                0x000000001000b27a       0x1a CMakeFiles/templete1.dir/home/rod-0310/pico/pico-sdk/src/rp2_common/pico_cyw43_driver/cyw43_bus_pio_spi.c.o
                                          0xd (size before relaxing)
 *fill*         0x000000001000b27a        0x2 
 .rodata.spi_gap01_sample0_program
                0x000000001000b27c        0x8 CMakeFiles/templete1.dir/home/rod-0310/pico/pico-sdk/src/rp2_common/pico_cyw43_driver/cyw43_bus_pio_spi.c.o
 .rodata.spi_gap01_sample0_program_instructions
                0x000000001000b284        0xc CMakeFiles/templete1.dir/home/rod-0310/pico/pico-sdk/src/rp2_common/pico_cyw43_driver/cyw43_bus_pio_spi.c.o
 .rodata.cyw43_kso_set.str1.4